<?xml version="1.0" encoding="utf-8"?>
<context id="nemo">
	<!--CMIP6 Data Request version No Data Request-->
	<!--dr2xml version current_version-->
	<!--Lab_and_model settings
{'CFsubhr_frequency' = '2ts',
'allow_duplicates_in_same_table' = 'False',
'allow_pseudo_standard_names' = 'True',
'allow_tos_3hr_1deg' = 'True',
'branching' = {'CNRM-CM6-1' = {'historical' = ('1850', ['1850', '1883', '1941', '1960', '1990', '2045', '2079', '2108', '2214', '2269'])}, 'CNRM-CM6-1-HR' = {'historical' = ('1850', ['1850', '1883', '1941'])}, 'CNRM-ESM2-1' = {'historical' = ('1850', ['1850', '1883', '1941'])}},
'bytes_per_float' = '2.4',
'comments' = {'dcw' = 'ISBA land water budget = (dslw+dcw+dsn+dsw)/dt - (pr-et-mrro) ; dt is given by netcdf attribute : interval_operation', 'dgw' = 'CTRIP river water budget = (drivw+dgw)/dt - (rivi-rivo)*1000/areacellr - qgwr', 'dmlt' = 'Region where always 12m correspond to none-permafrost areas', 'drivw' = 'CTRIP river water budget = (drivw+dgw)/dt - (rivi-rivo)*1000/areacellr - qgwr', 'dslw' = 'ISBA land water budget = (dslw+dcw+dsn+dsw)/dt - (pr-et-mrro) ; dt is given by netcdf attribute : interval_operation', 'dsn' = 'ISBA land water budget = (dslw+dcw+dsn+dsw)/dt - (pr-et-mrro) ; dt is given by netcdf attribute : interval_operation', 'dsw' = 'Change in floodplains water ; ISBA land water budget = (dslw+dcw+dsn+dsw)/dt - (pr-et-mrro) ; dt is given by netcdf attribute : interval_operation', 'dtes' = 'ISBA land energy budget = (dtes+dtesn)/dt + hfmlt - hfdsl ; dt is given by netcdf attribute : interval_operation', 'dtesn' = 'ISBA land energy budget = (dtes+dtesn)/dt + hfmlt - hfdsl ; dt is given by netcdf attribute : interval_operation', 'eow' = 'Liquid water evaporation from floodplains (e.g. Decharme et al. 2018)', 'fldcapacity' = '100 * ISBA Field Capacity in m3/m3', 'hfbasin' = 'This variable has an axis labelled j-mean, while CMIP6 calls for an axis labelled latitude. We want here to pinpoint that we provide values which are averaged over the X-axis of our tripolar grid, along which latitude do vary. This axis begins South.Please refer to the lat/lon coordinate variables in this file for further details.', 'hfbasinpmad' = 'This variable has an axis labelled j-mean, while CMIP6 calls for an axis labelled latitude. We want here to pinpoint that we provide values which are averaged over the X-axis of our tripolar grid, along which latitude do vary. This axis begins South.Please refer to the lat/lon coordinate variables in this file for further details.', 'htovgyre  ' = 'This variable has an axis labelled j-mean, while CMIP6 calls for an axis labelled latitude. We want here to pinpoint that we provide values which are averaged over the X-axis of our tripolar grid, along which latitude do vary. This axis begins South.Please refer to the lat/lon coordinate variables in this file for further details.', 'htovovrt' = 'This variable has an axis labelled j-mean, while CMIP6 calls for an axis labelled latitude. We want here to pinpoint that we provide values which are averaged over the X-axis of our tripolar grid, along which latitude do vary. This axis begins South.Please refer to the lat/lon coordinate variables in this file for further details.', 'mrtws' = 'ISBA-CTRIP total water storage (soil+canopy+snow+rivers+groundwater+floodplains; e.g. Decharme et al. 2018)', 'prsnsn' = 'In ISBA, prsnsn is always 1 because all snowfall falls onto snowpack', 'rivi' = 'CTRIP river grid-cell inflow considering upstream grdi-cell water fluxes and total runoff input (mrro) from ISBA', 'siarean' = 'The sector attribute is erroneous, this variable is indeed integrated over the northern hemisphere.', 'siareas' = 'The sector attribute is erroneous, this variable is indeed integrated over the southern hemisphere.', 'siextentn' = 'The sector attribute is erroneous, this variable is indeed integrated over the northern hemisphere.', 'siextents' = 'The sector attribute is erroneous, this variable is indeed integrated over the southern hemisphere.', 'sivoln' = 'The sector attribute is erroneous, this variable is indeed integrated over the northern hemisphere.', 'sivols' = 'The sector attribute is erroneous, this variable is indeed integrated over the southern hemisphere.', 'sltbasin' = 'This variable has an axis labelled j-mean, while CMIP6 calls for an axis labelled latitude. We want here to pinpoint that we provide values which are averaged over the X-axis of our tripolar grid, along which latitude do vary. This axis begins South.Please refer to the lat/lon coordinate variables in this file for further details.', 'sltnortha' = 'This variable has an axis labelled j-mean, while CMIP6 calls for an axis labelled latitude. We want here to pinpoint that we provide values which are averaged over the X-axis of our tripolar grid, along which latitude do vary. This axis begins South.Please refer to the lat/lon coordinate variables in this file for further details.', 'sltovgyre' = 'This variable has an axis labelled j-mean, while CMIP6 calls for an axis labelled latitude. We want here to pinpoint that we provide values which are averaged over the X-axis of our tripolar grid, along which latitude do vary. This axis begins South.Please refer to the lat/lon coordinate variables in this file for further details.', 'sltovovrt' = 'This variable has an axis labelled j-mean, while CMIP6 calls for an axis labelled latitude. We want here to pinpoint that we provide values which are averaged over the X-axis of our tripolar grid, along which latitude do vary. This axis begins South.Please refer to the lat/lon coordinate variables in this file for further details.', 'snc' = 'ISBA snow cover over bare ground comparable with stallite data (Psng in equation C1 in Decharme et al. 2016)', 'snovoln' = 'The sector attribute is erroneous, this variable is indeed integrated over the northern hemisphere.', 'snovols' = 'The sector attribute is erroneous, this variable is indeed integrated over the southern hemisphere.', 'sw' = 'Surface floodplains water storage (e.g. Decharme et al. 2018)', 'tpf' = 'Region where always 0m correspond to none-permafrost areas', 'wilt' = '100 * ISBA Wilting Point in m3/m3', 'zomsf_3bsn' = 'This variable has an axis labelled j-mean, while CMIP6 calls for an axis labelled latitude. We want here to pinpoint that we provide values which are averaged over the X-axis of our tripolar grid, along which latitude do vary. This axis begins South.Please refer to the lat/lon coordinate variables in this file for further details.'},
'commit' = '2021-01-01T00:00:00Z http://www.umr-cnrm.fr/IMG/pdf/system8-technical.pdf',
'compression_level' = '4',
'configurations' = {'AESM' = ('CNRM-ESM2-1', 'AGCM BGC AER CHEM', ['nemo']), 'AESMHR' = ('CNRM-ESM2-1-HR', 'AGCM BGC AER', []), 'AGCM' = ('CNRM-CM6-1', 'AGCM', ['nemo']), 'AGCMHR' = ('CNRM-CM6-1-HR', 'AGCM', ['nemo']), 'AOESM' = ('CNRM-ESM2-1', 'AOGCM BGC AER CHEM', []), 'AOESMHR' = ('CNRM-ESM2-1-HR', 'AOGCM BGC AER', []), 'AOGCM' = ('CNRM-CM6-1', 'AOGCM', []), 'AOGCMHR' = ('CNRM-CM6-1-HR', 'AOGCM', []), 'LESM' = ('CNRM-ESM2-1', 'LAND BGC', ['nemo']), 'LGCM' = ('CNRM-CM6-1', 'LAND', ['nemo']), 'OESM' = ('CNRM-ESM2-1', 'OGCM BGC', ['surfex', 'trip']), 'OESMHR' = ('CNRM-ESM2-1-HR', 'OGCM BGC', ['surfex', 'trip']), 'OGCM' = ('CNRM-CM6-1', 'OGCM', ['surfex', 'trip']), 'OGCMHR' = ('CNRM-CM6-1-HR', 'OGCM', ['surfex', 'trip'])},
'contact' = 'http://copernicus-support.ecmwf.int',
'convention_str' = 'CF-1.6 C3S-0.1',
'data_request_used' = 'C3S',
'debug_parsing' = 'False',
'description' = '',
'dr2xml_manages_enddate' = 'True',
'excluded_pairs' = [('sfdsi', 'SImon')],
'excluded_request_links' = ['RFMIP-AeroIrf'],
'excluded_spshapes' = ['XYA-na', 'XYG-na', 'na-A'],
'excluded_tables' = ['Eyr', 'Oyr', 'Odec', 'IfxAnt', 'ImonAnt'],
'excluded_vars' = ['pfull', 'phalf', 'n2oClim', 'ch4globalClim', 'co2massClim', 'n2oglobalClim', 'ch4Clim', 'o3Clim', 'co2Clim'],
'excluded_vars_per_config' = {'AESM' = ['co2mass', 'ch4global', 'n2oglobal'], 'AGCM' = ['ch4', 'co2', 'co', 'concdust', 'ec550aer', 'h2o', 'hcho', 'hcl', 'hno3', 'mmrbc', 'mmrdust', 'mmroa', 'mmrso4', 'mmrss', 'n2o', 'no2', 'no', 'o3Clim', 'o3loss', 'o3prod', 'oh', 'so2', 'mmrpm1', 'fco2antt', 'fco2fos', 'fco2nat', 'loadbc', 'loaddust', 'loadoa', 'loadso4', 'loadss', 'oxloss', 'oxprod', 'vmrox', 'bry', 'cly', 'ho2', 'meanage', 'noy', 'drybc', 'drydust', 'dryoa', 'dryso2', 'dryso4', 'dryss', 'emibc', 'emidust', 'emioa', 'emiso2', 'emiso4', 'emiss', 'od440aer', 'od870aer', 'od550lt1aer', 'wetbc', 'wetdust', 'wetoa', 'wetso4', 'wetss', 'cLand', 'cSoil', 'fAnthDisturb', 'fDeforestToProduct', 'fFireNat', 'fLuc', 'fProductDecomp', 'netAtmosLandCO2Flux', 'od443dust', 'od865dust', 'sconcdust', 'sconcso4', 'sconcss', 'sedustCI', 'burntFractionAll', 'cLitter', 'cProduct', 'cVeg', 'fFire', 'fLitterSoil', 'fVegLitter', 'nbp', 'shrubFrac'], 'AOESM' = ['co2mass', 'ch4global', 'n2oglobal'], 'AOGCM' = ['ch4', 'co2', 'co', 'concdust', 'ec550aer', 'h2o', 'hcho', 'hcl', 'hno3', 'mmrbc', 'mmrdust', 'mmroa', 'mmrso4', 'mmrss', 'n2o', 'no2', 'no', 'o3Clim', 'o3loss', 'o3prod', 'oh', 'so2', 'mmrpm1', 'fco2antt', 'fco2fos', 'fco2nat', 'loadbc', 'loaddust', 'loadoa', 'loadso4', 'loadss', 'oxloss', 'oxprod', 'vmrox', 'bry', 'cly', 'ho2', 'meanage', 'noy', 'drybc', 'drydust', 'dryoa', 'dryso2', 'dryso4', 'dryss', 'emibc', 'emidust', 'emioa', 'emiso2', 'emiso4', 'emiss', 'od440aer', 'od870aer', 'od550lt1aer', 'wetbc', 'wetdust', 'wetoa', 'wetso4', 'wetss', 'cLand', 'cSoil', 'fAnthDisturb', 'fDeforestToProduct', 'fFireNat', 'fLuc', 'fProductDecomp', 'netAtmosLandCO2Flux', 'od443dust', 'od865dust', 'sconcdust', 'sconcso4', 'sconcss', 'sedustCI', 'burntFractionAll', 'cLitter', 'cProduct', 'cVeg', 'fFire', 'fLitterSoil', 'fVegLitter', 'nbp', 'shrubFrac'], 'LESM' = ['ch4', 'co2', 'hur', 'hus', 'n2o', 'o3', 'ta', 'ua', 'va', 'wap', 'zg', 'clt', 'ccb', 'cct', 'ci', 'clivi', 'clt', 'clwvi', 'evspsbl', 'fco2antt', 'fco2fos', 'pr', 'prc', 'prsn', 'prw', 'ps', 'psl', 'rldscs', 'rlut', 'rlutcs', 'rsdscs', 'rsdt', 'rsuscs', 'rsut', 'rsutcs', 'ch4global', 'co2mass', 'n2oglobal', 'mc', 'cl', 'cli', 'clw'], 'LGCM' = ['ch4', 'co2', 'hur', 'hus', 'n2o', 'o3', 'ta', 'ua', 'va', 'wap', 'zg', 'clt', 'ccb', 'cct', 'ci', 'clivi', 'clt', 'clwvi', 'evspsbl', 'fco2antt', 'fco2fos', 'pr', 'prc', 'prsn', 'prw', 'ps', 'psl', 'rldscs', 'rlut', 'rlutcs', 'rsdscs', 'rsdt', 'rsuscs', 'rsut', 'rsutcs', 'ch4global', 'co2mass', 'n2oglobal', 'mc', 'cl', 'cli', 'clw']},
'fx_from_file' = {'areacella' = {'complete' = {'HR' = 'areacella_complete_CMIP6_tl359', 'LR' = 'areacella_complete_CMIP6_tl127'}}},
'grid_choice' = {'CNRM-CM6-1' = 'LR', 'CNRM-CM6-1-HR' = 'HR', 'CNRM-ESM2-1' = 'LR', 'CNRM-ESM2-1-HR' = 'HR'},
'grid_policy' = 'adhoc',
'grids' = {'HR' = {'nemo' = ['gr', 'C3S_1deg', '', '100 km', 'regular 1 deg lat-lon grid'], 'surfex' = ['gr', 'C3S_1deg', 'glat', '100 km', 'data regridded to a regular 1 deg lat-lon grid from a native atmosphere T359l reduced gaussian grid'], 'trip' = ['gr', 'C3S_1deg', '', '100 km', 'regular 1 deg lat-lon grid']}, 'LR' = {'nemo' = ['gn', '', '', '100 km', 'native ocean tri-polar grid with 105 k ocean cells'], 'surfex' = ['gr', 'complete', 'glat', '250 km', 'data regridded to a T127 gaussian grid (128x256 latlon) from a native atmosphere T127l reduced gaussian grid'], 'trip' = ['gn', '', '', '50 km', 'regular 1/2 deg lat-lon grid']}},
'included_vars' = [''],
'info_url' = 'http://www.umr-cnrm.fr/cmip6/',
'institution' = 'Meteo-France, Toulouse, France',
'institution_id' = 'lfpw',
'keywords' = ['Seasonal Forecasts', 'C3S', 'ECMWF', 'Copernicus', 'Climate Change', 'Climate Services', 'Earth Science Services', 'Environmental Advisories', 'Climate Advisories'],
'max_file_size_in_floats' = '4000000000.0',
'max_priority' = '1',
'mips' = {'HR' = {'CMIP', 'CMIP6', 'OMIP', 'ScenarioMIP'}, 'LR' = {'AerChemMIP', 'C4MIP', 'CFMIP', 'CMIP', 'CMIP6', 'CORDEX', 'DAMIP', 'DCPP', 'FAFMIP', 'GMMIP', 'GeoMIP', 'HighResMIP', 'ISMIP6', 'LS3MIP', 'LUMIP', 'OMIP', 'PMIP', 'RFMIP', 'SIMIP', 'ScenarioMIP'}},
'non_standard_axes' = {'basin' = ('basin', 'global_ocean atlantic_arctic_ocean indian_pacific_ocean dummy dummy'), 'dbze' = 'dbze', 'effectRadIc' = 'effectRadIc', 'effectRadL' = 'effectRadL', 'klev' = 'alevel', 'klev_half' = 'alevel', 'oline' = 'oline', 'siline' = 'siline', 'soil_carbon_pools' = ('soilpools', 'fast medium slow'), 'sza5' = 'sza5', 'vegtype' = ('vegtype', 'Bare_soil Rock Permanent_snow Temperate_broad-leaved_decidus Boreal_needleaf_evergreen Tropical_broad-leaved_evergreen C3_crop C4_crop Irrigated_crop C3_grass C4_grass Wetland Tropical_broad-leaved_decidus Temperate_broad-leaved_evergreen Temperate_needleaf_evergreen Boreal_broad-leaved_decidus Boreal_needleaf_decidus Tundra_grass Shrub')},
'orphan_variables' = {'nemo' = [''], 'surfex' = ['siconca'], 'trip' = ['areacellr', 'dgw', 'drivw', 'qgwr', 'rivi', 'rivo', 'waterDpth', 'wtd', 'fwtd', 'fldf', 'carbw', 'carbdis', 'carbin']},
'path_to_parse' = 'current_directory/test_C3S_SF/input/xml/',
'ping_variables_prefix' = 'C3S_',
'print_stats_per_var_label' = 'True',
'project' = 'C3S Seasonal Forecast',
'project_settings' = 'C3S-SF',
'realms_per_context' = {'nemo' = ['seaIce', 'ocean', 'ocean seaIce', 'ocnBgChem', 'seaIce ocean'], 'surfex' = ['atmos', 'atmos atmosChem', 'atmosChem', 'aerosol', 'atmos land', 'land', 'landIce land', 'aerosol', 'land landIce', 'landIce'], 'trip' = []},
'references' = 'http://www.umr-cnrm.fr/IMG/pdf/system8-technical.pdf',
'sampling_timestep' = {'HR' = {'nemo' = '1800.0', 'surfex' = '900.0', 'trip' = '1800.0'}, 'LR' = {'nemo' = '1800.0', 'surfex' = '900.0', 'trip' = '1800.0'}},
'sizes' = {'HR' = ['1514100', '75', '259200', '91', '30', '14', '128'], 'LR' = ['106428', '75', '32768', '91', '30', '14', '128']},
'source_types' = {'CNRM-CM6-1' = 'AOGCM', 'CNRM-CM6-1-HR' = 'AOGCM', 'CNRM-ESM2-1' = 'AOGCM BGC AER CHEM', 'CNRM-ESM2-1-HR' = 'AOGCM BGC AER'},
'special_timestep_vars' = {'60mi' = ['cllcalipso', 'clmcalipso', 'clhcalipso', 'cltcalipso', 'cllcalipsoice', 'clmcalipsoice', 'clhcalipsoice', 'cltcalipsoice', 'cllcalipsoliq', 'clmcalipsoliq', 'clhcalipsoliq', 'cltcalipsoliq', 'cllcalipsoun', 'clmcalipsoun', 'clhcalipsoun', 'cltcalipsoun', 'clcalipso', 'clcalipsoice', 'clcalipsoliq', 'clcalipsoun', 'clcalipsotmp', 'clcalipsotmpice', 'clcalipsotmpliq', 'clcalipsotmpun', 'cfadLidarsr532', 'parasolRefl', 'parasolCRefl', 'cltlidarradar', 'clcalipso2', 'cfadDbze94', 'cltisccp', 'pctisccp', 'tauisccp', 'albisccp', 'meantbisccp', 'meantbclrisccp', 'clisccp', 'cltmodis', 'clwmodis', 'climodis', 'clhmodis', 'clmmodis', 'cllmodis', 'tautmodis', 'tauwmodis', 'tauimodis', 'reffclwmodis', 'reffclimodis', 'pctmodis', 'lwpmodis', 'iwpmodis', 'clmodis', 'jpdftaureliqmodis', 'jpdftaureicemodis', 'clmisr']},
'summary' = 'Seasonal Forecast data produced by Meteo-France as its contribution to the seasonal forecast activity of the Copernicus Climate Change Service (C3S). The data has global coverage with a 1-degree horizontal resolution and spans for around 6 months since the start date',
'tierMax' = '1',
'title' = 'Meteo-France seasonal forecast model output prepared for C3S',
'too_long_periods' = ['dec', 'yr'],
'use_cmorvar_label_in_filename' = 'False',
'vertical_interpolation_operation' = 'instant',
'vertical_interpolation_sample_freq' = '3h'}-->
	<!--Simulation settings
{'branch_method' = 'standard',
'branch_year_in_child' = '1960',
'branch_year_in_parent' = '1960',
'child_time_ref_year' = '1850',
'comment' = 'Run by CNRM at Meteo-France HPC facilities',
'comments' = {},
'configuration' = 'AOGCMHR',
'excluded_tables' = [],
'excluded_vars' = [],
'experiment_id' = 'a4SST',
'expid_in_filename' = 'H2010E001',
'forcing_index' = '2',
'forecast_reference_time' = '1992-12-17T00:00:00Z',
'forecast_type' = 'hindcast',
'grid_mapping' = 'hcrs',
'history' = 'none',
'initialization_index' = '1',
'parent_time_ref_year' = '1850',
'path_extra_tables' = 'current_directory/test_C3S_SF/input/tables',
'physics_index' = '1',
'realization_index' = '1',
'sub_experiment' = 'none',
'sub_experiment_id' = 'none',
'variant_info' = ''}-->
	<!--Year processed 2010-->
	<file_definition type="one_file" enabled="true">
		<file id="tso_C3S_gr" name="H2010E001_nemo_6hourly_tso_%start_date%-%end_date%.nc" output_freq="6h" append="true" output_level="10" compression_level="4" split_freq="6mo" split_freq_format="%y%mo%d%h%mi" split_start_offset="6h" split_end_offset="0s" split_last_date="2011-- 00:00:00" time_units="days" time_counter_name="time" time_counter="exclusive" time_stamp_name="creation_date" time_stamp_format="%Y-%m-%dT%H:%M:%SZ" uuid_name="uuid" uuid_format="%uuid%" convention_str="CF-1.6 C3S-0.1">
			<variable name="institute_id" type="string"> lfpw </variable>
			<variable name="institution" type="string"> Meteo-France, Toulouse, France </variable>
			<variable name="contact" type="string"> http://copernicus-support.ecmwf.int </variable>
			<variable name="comment" type="string"> Run by CNRM at Meteo-France HPC facilities </variable>
			<variable name="forecast_type" type="string"> hindcast </variable>
			<variable name="modeling_realm" type="string"> ('nemo',) </variable>
			<variable name="frequency" type="string"> 6hr </variable>
			<variable name="history" type="string"> none </variable>
			<variable name="references" type="string"> http://www.umr-cnrm.fr/IMG/pdf/system8-technical.pdf </variable>
			<variable name="commit" type="string"> 2021-01-01T00:00:00Z http://www.umr-cnrm.fr/IMG/pdf/system8-technical.pdf </variable>
			<variable name="summary" type="string"> Seasonal Forecast data produced by Meteo-France as its contribution to the seasonal forecast activity of the Copernicus Climate Change Service (C3S). The data has global coverage with a 1-degree horizontal resolution and spans for around 6 months since the start date </variable>
			<variable name="forecast_reference_time" type="string"> 1992-12-17T00:00:00Z </variable>
			<variable name="EXPID" type="string"> H2010E001 </variable>
			<field field_ref="C3S_tso_Scallat_Scalleadtime_Scallon_instant" name="tso" grid_ref="grid_T_2D_Scallat_Scalleadtime_Scallon_C3S_1deg" detect_missing_value="True" default_value="1.e+20" prec="4" cell_methods="leadtime: point" cell_methods_mode="overwrite" operation="instant" freq_op="6h">
				<variable name="standard_name" type="string"> sea_surface_temperature </variable>
				<variable name="long_name" type="string"> Sea Surface Temperature </variable>
				<variable name="coordinates" type="string"> None </variable>
				<variable name="grid_mapping" type="string"> hcrs </variable>
				<variable name="units" type="string"> K </variable>
			</field>
		</file>
	</file_definition>
	<field_definition>
		<field id="C3S_tso_Scallat_Scalleadtime_Scallon" grid_ref="grid_T_2D_Scallat_Scalleadtime_Scallon" operation="instant" detect_missing_value="true"> C3S_tso </field>
		<field id="C3S_tso_Scallat_Scalleadtime_Scallon_instant" field_ref="C3S_tso_Scallat_Scalleadtime_Scallon" operation="instant"/>
	</field_definition>
	<axis_definition>
		<axis_group prec="8"/>
	</axis_definition>
	<domain_definition>
		<domain_group prec="8">
			<domain id="C3S_25km" ni_glo="1440" nj_glo="720" type="rectilinear" prec="8">
				<generate_rectilinear_domain/>
				<interpolate_domain order="1" renormalize="true" mode="read_or_compute" write_weight="true"/>
			</domain>
			<domain id="C3S_50km" ni_glo="720" nj_glo="360" type="rectilinear" prec="8">
				<generate_rectilinear_domain/>
				<interpolate_domain order="1" renormalize="true" mode="read_or_compute" write_weight="true"/>
			</domain>
			<domain id="C3S_100km" ni_glo="360" nj_glo="180" type="rectilinear" prec="8">
				<generate_rectilinear_domain/>
				<interpolate_domain order="1" renormalize="true" mode="read_or_compute" write_weight="true"/>
			</domain>
			<domain id="C3S_1deg" ni_glo="360" nj_glo="180" type="rectilinear" prec="8">
				<generate_rectilinear_domain/>
				<interpolate_domain order="1" renormalize="true" mode="read_or_compute" write_weight="true"/>
			</domain>
			<domain id="C3S_2deg" ni_glo="180" nj_glo="90" type="rectilinear" prec="8">
				<generate_rectilinear_domain/>
				<interpolate_domain order="1" renormalize="true" mode="read_or_compute" write_weight="true"/>
			</domain>
		</domain_group>
	</domain_definition>
	<grid_definition>
		<grid id="grid_T_2D_Scallat">
			<domain domain_ref="grid_T"/>
			<scalar scalar_ref="Scallat" name="False"/>
		</grid>
		<grid id="grid_T_2D_Scallat_Scalleadtime">
			<domain domain_ref="grid_T"/>
			<scalar scalar_ref="Scallat" name="False"/>
			<scalar scalar_ref="Scalleadtime" name="False"/>
		</grid>
		<grid id="grid_T_2D_Scallat_Scalleadtime_Scallon">
			<domain domain_ref="grid_T"/>
			<scalar scalar_ref="Scallat" name="False"/>
			<scalar scalar_ref="Scalleadtime" name="False"/>
			<scalar scalar_ref="Scallon" name="False"/>
		</grid>
		<grid id="grid_T_2D_Scallat_Scalleadtime_Scallon_C3S_1deg">
			<domain domain_ref="C3S_1deg"/>
			<scalar scalar_ref="Scallat" name="False"/>
			<scalar scalar_ref="Scalleadtime" name="False"/>
			<scalar scalar_ref="Scallon" name="False"/>
		</grid>
	</grid_definition>
	<scalar_definition>
		<scalar id="Scallat" name="False" standard_name="latitude" long_name="False" prec="4" value="[-89.5, -88.5, -87.5, -86.5, -85.5, -84.5, -83.5, -82.5, -81.5, -80.5, -79.5, -78.5, -77.5, -76.5, -75.5, -74.5, -73.5, -72.5, -71.5, -70.5, -69.5, -68.5, -67.5, -66.5, -65.5, -64.5, -63.5, -62.5, -61.5, -60.5, -59.5, -58.5, -57.5, -56.5, -55.5, -54.5, -53.5, -52.5, -51.5, -50.5, -49.5, -48.5, -47.5, -46.5, -45.5, -44.5, -43.5, -42.5, -41.5, -40.5, -39.5, -38.5, -37.5, -36.5, -35.5, -34.5, -33.5, -32.5, -31.5, -30.5, -29.5, -28.5, -27.5, -26.5, -25.5, -24.5, -23.5, -22.5, -21.5, -20.5, -19.5, -18.5, -17.5, -16.5, -15.5, -14.5, -13.5, -12.5, -11.5, -10.5, -9.5, -8.5, -7.5, -6.5, -5.5, -4.5, -3.5, -2.5, -1.5, -0.5, 0.5, 1.5, 2.5, 3.5, 4.5, 5.5, 6.5, 7.5, 8.5, 9.5, 10.5, 11.5, 12.5, 13.5, 14.5, 15.5, 16.5, 17.5, 18.5, 19.5, 20.5, 21.5, 22.5, 23.5, 24.5, 25.5, 26.5, 27.5, 28.5, 29.5, 30.5, 31.5, 32.5, 33.5, 34.5, 35.5, 36.5, 37.5, 38.5, 39.5, 40.5, 41.5, 42.5, 43.5, 44.5, 45.5, 46.5, 47.5, 48.5, 49.5, 50.5, 51.5, 52.5, 53.5, 54.5, 55.5, 56.5, 57.5, 58.5, 59.5, 60.5, 61.5, 62.5, 63.5, 64.5, 65.5, 66.5, 67.5, 68.5, 69.5, 70.5, 71.5, 72.5, 73.5, 74.5, 75.5, 76.5, 77.5, 78.5, 79.5, 80.5, 81.5, 82.5, 83.5, 84.5, 85.5, 86.5, 87.5, 88.5, 89.5]" axis_type="Y" unit="degrees_north"/>
		<scalar id="Scalleadtime" name="False" standard_name="forecast_period" long_name="False" prec="4" value="[]" unit="hours"/>
		<scalar id="Scallon" name="False" standard_name="longitude" long_name="False" prec="4" value="[0.5, 1.5, 2.5, 3.5, 4.5, 5.5, 6.5, 7.5, 8.5, 9.5, 10.5, 11.5, 12.5, 13.5, 14.5, 15.5, 16.5, 17.5, 18.5, 19.5, 20.5, 21.5, 22.5, 23.5, 24.5, 25.5, 26.5, 27.5, 28.5, 29.5, 30.5, 31.5, 32.5, 33.5, 34.5, 35.5, 36.5, 37.5, 38.5, 39.5, 40.5, 41.5, 42.5, 43.5, 44.5, 45.5, 46.5, 47.5, 48.5, 49.5, 50.5, 51.5, 52.5, 53.5, 54.5, 55.5, 56.5, 57.5, 58.5, 59.5, 60.5, 61.5, 62.5, 63.5, 64.5, 65.5, 66.5, 67.5, 68.5, 69.5, 70.5, 71.5, 72.5, 73.5, 74.5, 75.5, 76.5, 77.5, 78.5, 79.5, 80.5, 81.5, 82.5, 83.5, 84.5, 85.5, 86.5, 87.5, 88.5, 89.5, 90.5, 91.5, 92.5, 93.5, 94.5, 95.5, 96.5, 97.5, 98.5, 99.5, 100.5, 101.5, 102.5, 103.5, 104.5, 105.5, 106.5, 107.5, 108.5, 109.5, 110.5, 111.5, 112.5, 113.5, 114.5, 115.5, 116.5, 117.5, 118.5, 119.5, 120.5, 121.5, 122.5, 123.5, 124.5, 125.5, 126.5, 127.5, 128.5, 129.5, 130.5, 131.5, 132.5, 133.5, 134.5, 135.5, 136.5, 137.5, 138.5, 139.5, 140.5, 141.5, 142.5, 143.5, 144.5, 145.5, 146.5, 147.5, 148.5, 149.5, 150.5, 151.5, 152.5, 153.5, 154.5, 155.5, 156.5, 157.5, 158.5, 159.5, 160.5, 161.5, 162.5, 163.5, 164.5, 165.5, 166.5, 167.5, 168.5, 169.5, 170.5, 171.5, 172.5, 173.5, 174.5, 175.5, 176.5, 177.5, 178.5, 179.5, 180.5, 181.5, 182.5, 183.5, 184.5, 185.5, 186.5, 187.5, 188.5, 189.5, 190.5, 191.5, 192.5, 193.5, 194.5, 195.5, 196.5, 197.5, 198.5, 199.5, 200.5, 201.5, 202.5, 203.5, 204.5, 205.5, 206.5, 207.5, 208.5, 209.5, 210.5, 211.5, 212.5, 213.5, 214.5, 215.5, 216.5, 217.5, 218.5, 219.5, 220.5, 221.5, 222.5, 223.5, 224.5, 225.5, 226.5, 227.5, 228.5, 229.5, 230.5, 231.5, 232.5, 233.5, 234.5, 235.5, 236.5, 237.5, 238.5, 239.5, 240.5, 241.5, 242.5, 243.5, 244.5, 245.5, 246.5, 247.5, 248.5, 249.5, 250.5, 251.5, 252.5, 253.5, 254.5, 255.5, 256.5, 257.5, 258.5, 259.5, 260.5, 261.5, 262.5, 263.5, 264.5, 265.5, 266.5, 267.5, 268.5, 269.5, 270.5, 271.5, 272.5, 273.5, 274.5, 275.5, 276.5, 277.5, 278.5, 279.5, 280.5, 281.5, 282.5, 283.5, 284.5, 285.5, 286.5, 287.5, 288.5, 289.5, 290.5, 291.5, 292.5, 293.5, 294.5, 295.5, 296.5, 297.5, 298.5, 299.5, 300.5, 301.5, 302.5, 303.5, 304.5, 305.5, 306.5, 307.5, 308.5, 309.5, 310.5, 311.5, 312.5, 313.5, 314.5, 315.5, 316.5, 317.5, 318.5, 319.5, 320.5, 321.5, 322.5, 323.5, 324.5, 325.5, 326.5, 327.5, 328.5, 329.5, 330.5, 331.5, 332.5, 333.5, 334.5, 335.5, 336.5, 337.5, 338.5, 339.5, 340.5, 341.5, 342.5, 343.5, 344.5, 345.5, 346.5, 347.5, 348.5, 349.5, 350.5, 351.5, 352.5, 353.5, 354.5, 355.5, 356.5, 357.5, 358.5, 359.5]" axis_type="X" unit="degrees_east"/>
	</scalar_definition>
</context>