<?xml version="1.0" encoding="utf-8"?>
<context id="surfex">
	<!--CMIP6 Data Request version No Data Request-->
	<!--dr2xml version 3.0-->
	<!--Lab_and_model settings
{'CFsubhr_frequency' = '2ts',
'allow_duplicates_in_same_table' = 'False',
'allow_pseudo_standard_names' = 'True',
'allow_tos_3hr_1deg' = 'True',
'branching' = {'CNRM-CM6-1' = {'historical' = ('1850', ['1850', '1883', '1941', '1960', '1990', '2045', '2079', '2108', '2214', '2269'])}, 'CNRM-CM6-1-HR' = {'historical' = ('1850', ['1850', '1883', '1941'])}, 'CNRM-ESM2-1' = {'historical' = ('1850', ['1850', '1883', '1941'])}},
'bytes_per_float' = '2.4',
'comments' = {'dcw' = 'ISBA land water budget = (dslw+dcw+dsn+dsw)/dt - (pr-et-mrro) ; dt is given by netcdf attribute : interval_operation', 'dgw' = 'CTRIP river water budget = (drivw+dgw)/dt - (rivi-rivo)*1000/areacellr - qgwr', 'dmlt' = 'Region where always 12m correspond to none-permafrost areas', 'drivw' = 'CTRIP river water budget = (drivw+dgw)/dt - (rivi-rivo)*1000/areacellr - qgwr', 'dslw' = 'ISBA land water budget = (dslw+dcw+dsn+dsw)/dt - (pr-et-mrro) ; dt is given by netcdf attribute : interval_operation', 'dsn' = 'ISBA land water budget = (dslw+dcw+dsn+dsw)/dt - (pr-et-mrro) ; dt is given by netcdf attribute : interval_operation', 'dsw' = 'Change in floodplains water ; ISBA land water budget = (dslw+dcw+dsn+dsw)/dt - (pr-et-mrro) ; dt is given by netcdf attribute : interval_operation', 'dtes' = 'ISBA land energy budget = (dtes+dtesn)/dt + hfmlt - hfdsl ; dt is given by netcdf attribute : interval_operation', 'dtesn' = 'ISBA land energy budget = (dtes+dtesn)/dt + hfmlt - hfdsl ; dt is given by netcdf attribute : interval_operation', 'eow' = 'Liquid water evaporation from floodplains (e.g. Decharme et al. 2018)', 'fldcapacity' = '100 * ISBA Field Capacity in m3/m3', 'hfbasin' = 'This variable has an axis labelled j-mean, while CMIP6 calls for an axis labelled latitude. We want here to pinpoint that we provide values which are averaged over the X-axis of our tripolar grid, along which latitude do vary. This axis begins South.Please refer to the lat/lon coordinate variables in this file for further details.', 'hfbasinpmad' = 'This variable has an axis labelled j-mean, while CMIP6 calls for an axis labelled latitude. We want here to pinpoint that we provide values which are averaged over the X-axis of our tripolar grid, along which latitude do vary. This axis begins South.Please refer to the lat/lon coordinate variables in this file for further details.', 'htovgyre  ' = 'This variable has an axis labelled j-mean, while CMIP6 calls for an axis labelled latitude. We want here to pinpoint that we provide values which are averaged over the X-axis of our tripolar grid, along which latitude do vary. This axis begins South.Please refer to the lat/lon coordinate variables in this file for further details.', 'htovovrt' = 'This variable has an axis labelled j-mean, while CMIP6 calls for an axis labelled latitude. We want here to pinpoint that we provide values which are averaged over the X-axis of our tripolar grid, along which latitude do vary. This axis begins South.Please refer to the lat/lon coordinate variables in this file for further details.', 'mrtws' = 'ISBA-CTRIP total water storage (soil+canopy+snow+rivers+groundwater+floodplains; e.g. Decharme et al. 2018)', 'prsnsn' = 'In ISBA, prsnsn is always 1 because all snowfall falls onto snowpack', 'rivi' = 'CTRIP river grid-cell inflow considering upstream grdi-cell water fluxes and total runoff input (mrro) from ISBA', 'siarean' = 'The sector attribute is erroneous, this variable is indeed integrated over the northern hemisphere.', 'siareas' = 'The sector attribute is erroneous, this variable is indeed integrated over the southern hemisphere.', 'siextentn' = 'The sector attribute is erroneous, this variable is indeed integrated over the northern hemisphere.', 'siextents' = 'The sector attribute is erroneous, this variable is indeed integrated over the southern hemisphere.', 'sivoln' = 'The sector attribute is erroneous, this variable is indeed integrated over the northern hemisphere.', 'sivols' = 'The sector attribute is erroneous, this variable is indeed integrated over the southern hemisphere.', 'sltbasin' = 'This variable has an axis labelled j-mean, while CMIP6 calls for an axis labelled latitude. We want here to pinpoint that we provide values which are averaged over the X-axis of our tripolar grid, along which latitude do vary. This axis begins South.Please refer to the lat/lon coordinate variables in this file for further details.', 'sltnortha' = 'This variable has an axis labelled j-mean, while CMIP6 calls for an axis labelled latitude. We want here to pinpoint that we provide values which are averaged over the X-axis of our tripolar grid, along which latitude do vary. This axis begins South.Please refer to the lat/lon coordinate variables in this file for further details.', 'sltovgyre' = 'This variable has an axis labelled j-mean, while CMIP6 calls for an axis labelled latitude. We want here to pinpoint that we provide values which are averaged over the X-axis of our tripolar grid, along which latitude do vary. This axis begins South.Please refer to the lat/lon coordinate variables in this file for further details.', 'sltovovrt' = 'This variable has an axis labelled j-mean, while CMIP6 calls for an axis labelled latitude. We want here to pinpoint that we provide values which are averaged over the X-axis of our tripolar grid, along which latitude do vary. This axis begins South.Please refer to the lat/lon coordinate variables in this file for further details.', 'snc' = 'ISBA snow cover over bare ground comparable with stallite data (Psng in equation C1 in Decharme et al. 2016)', 'snovoln' = 'The sector attribute is erroneous, this variable is indeed integrated over the northern hemisphere.', 'snovols' = 'The sector attribute is erroneous, this variable is indeed integrated over the southern hemisphere.', 'sw' = 'Surface floodplains water storage (e.g. Decharme et al. 2018)', 'tpf' = 'Region where always 0m correspond to none-permafrost areas', 'wilt' = '100 * ISBA Wilting Point in m3/m3', 'zomsf_3bsn' = 'This variable has an axis labelled j-mean, while CMIP6 calls for an axis labelled latitude. We want here to pinpoint that we provide values which are averaged over the X-axis of our tripolar grid, along which latitude do vary. This axis begins South.Please refer to the lat/lon coordinate variables in this file for further details.'},
'commit' = '2021-01-01T00:00:00Z http://www.umr-cnrm.fr/IMG/pdf/system8-technical.pdf',
'compression_level' = '4',
'configurations' = {'AESM' = ('CNRM-ESM2-1', 'AGCM BGC AER CHEM', ['nemo']), 'AESMHR' = ('CNRM-ESM2-1-HR', 'AGCM BGC AER', []), 'AGCM' = ('CNRM-CM6-1', 'AGCM', ['nemo']), 'AGCMHR' = ('CNRM-CM6-1-HR', 'AGCM', ['nemo']), 'AOESM' = ('CNRM-ESM2-1', 'AOGCM BGC AER CHEM', []), 'AOESMHR' = ('CNRM-ESM2-1-HR', 'AOGCM BGC AER', []), 'AOGCM' = ('CNRM-CM6-1', 'AOGCM', []), 'AOGCMHR' = ('CNRM-CM6-1-HR', 'AOGCM', []), 'LESM' = ('CNRM-ESM2-1', 'LAND BGC', ['nemo']), 'LGCM' = ('CNRM-CM6-1', 'LAND', ['nemo']), 'OESM' = ('CNRM-ESM2-1', 'OGCM BGC', ['surfex', 'trip']), 'OESMHR' = ('CNRM-ESM2-1-HR', 'OGCM BGC', ['surfex', 'trip']), 'OGCM' = ('CNRM-CM6-1', 'OGCM', ['surfex', 'trip']), 'OGCMHR' = ('CNRM-CM6-1-HR', 'OGCM', ['surfex', 'trip'])},
'contact' = 'http://copernicus-support.ecmwf.int',
'convention_str' = 'CF-1.6 C3S-0.1',
'data_request_used' = 'no',
'debug_parsing' = 'False',
'description' = '',
'dr2xml_manages_enddate' = 'True',
'excluded_pairs' = [('sfdsi', 'SImon')],
'excluded_request_links' = ['RFMIP-AeroIrf'],
'excluded_spshapes' = ['XYA-na', 'XYG-na', 'na-A'],
'excluded_tables' = ['Eyr', 'Oyr', 'Odec', 'IfxAnt', 'ImonAnt'],
'excluded_vars' = ['pfull', 'phalf', 'n2oClim', 'ch4globalClim', 'co2massClim', 'n2oglobalClim', 'ch4Clim', 'o3Clim', 'co2Clim', 'ch4', 'co2', 'co', 'concdust', 'ec550aer', 'h2o', 'hcho', 'hcl', 'hno3', 'mmrbc', 'mmrdust', 'mmroa', 'mmrso4', 'mmrss', 'n2o', 'no2', 'no', 'o3Clim', 'o3loss', 'o3prod', 'oh', 'so2', 'mmrpm1', 'fco2antt', 'fco2fos', 'fco2nat', 'loadbc', 'loaddust', 'loadoa', 'loadso4', 'loadss', 'oxloss', 'oxprod', 'vmrox', 'bry', 'cly', 'ho2', 'meanage', 'noy', 'drybc', 'drydust', 'dryoa', 'dryso2', 'dryso4', 'dryss', 'emibc', 'emidust', 'emioa', 'emiso2', 'emiso4', 'emiss', 'od440aer', 'od870aer', 'od550lt1aer', 'wetbc', 'wetdust', 'wetoa', 'wetso4', 'wetss', 'cLand', 'cSoil', 'fAnthDisturb', 'fDeforestToProduct', 'fFireNat', 'fLuc', 'fProductDecomp', 'netAtmosLandCO2Flux', 'od443dust', 'od865dust', 'sconcdust', 'sconcso4', 'sconcss', 'sedustCI', 'burntFractionAll', 'cLitter', 'cProduct', 'cVeg', 'fFire', 'fLitterSoil', 'fVegLitter', 'nbp', 'shrubFrac'],
'excluded_vars_per_config' = {'AESM' = ['co2mass', 'ch4global', 'n2oglobal'], 'AGCM' = ['ch4', 'co2', 'co', 'concdust', 'ec550aer', 'h2o', 'hcho', 'hcl', 'hno3', 'mmrbc', 'mmrdust', 'mmroa', 'mmrso4', 'mmrss', 'n2o', 'no2', 'no', 'o3Clim', 'o3loss', 'o3prod', 'oh', 'so2', 'mmrpm1', 'fco2antt', 'fco2fos', 'fco2nat', 'loadbc', 'loaddust', 'loadoa', 'loadso4', 'loadss', 'oxloss', 'oxprod', 'vmrox', 'bry', 'cly', 'ho2', 'meanage', 'noy', 'drybc', 'drydust', 'dryoa', 'dryso2', 'dryso4', 'dryss', 'emibc', 'emidust', 'emioa', 'emiso2', 'emiso4', 'emiss', 'od440aer', 'od870aer', 'od550lt1aer', 'wetbc', 'wetdust', 'wetoa', 'wetso4', 'wetss', 'cLand', 'cSoil', 'fAnthDisturb', 'fDeforestToProduct', 'fFireNat', 'fLuc', 'fProductDecomp', 'netAtmosLandCO2Flux', 'od443dust', 'od865dust', 'sconcdust', 'sconcso4', 'sconcss', 'sedustCI', 'burntFractionAll', 'cLitter', 'cProduct', 'cVeg', 'fFire', 'fLitterSoil', 'fVegLitter', 'nbp', 'shrubFrac'], 'AOESM' = ['co2mass', 'ch4global', 'n2oglobal'], 'AOGCM' = ['ch4', 'co2', 'co', 'concdust', 'ec550aer', 'h2o', 'hcho', 'hcl', 'hno3', 'mmrbc', 'mmrdust', 'mmroa', 'mmrso4', 'mmrss', 'n2o', 'no2', 'no', 'o3Clim', 'o3loss', 'o3prod', 'oh', 'so2', 'mmrpm1', 'fco2antt', 'fco2fos', 'fco2nat', 'loadbc', 'loaddust', 'loadoa', 'loadso4', 'loadss', 'oxloss', 'oxprod', 'vmrox', 'bry', 'cly', 'ho2', 'meanage', 'noy', 'drybc', 'drydust', 'dryoa', 'dryso2', 'dryso4', 'dryss', 'emibc', 'emidust', 'emioa', 'emiso2', 'emiso4', 'emiss', 'od440aer', 'od870aer', 'od550lt1aer', 'wetbc', 'wetdust', 'wetoa', 'wetso4', 'wetss', 'cLand', 'cSoil', 'fAnthDisturb', 'fDeforestToProduct', 'fFireNat', 'fLuc', 'fProductDecomp', 'netAtmosLandCO2Flux', 'od443dust', 'od865dust', 'sconcdust', 'sconcso4', 'sconcss', 'sedustCI', 'burntFractionAll', 'cLitter', 'cProduct', 'cVeg', 'fFire', 'fLitterSoil', 'fVegLitter', 'nbp', 'shrubFrac'], 'LESM' = ['ch4', 'co2', 'hur', 'hus', 'n2o', 'o3', 'ta', 'ua', 'va', 'wap', 'zg', 'clt', 'ccb', 'cct', 'ci', 'clivi', 'clt', 'clwvi', 'evspsbl', 'fco2antt', 'fco2fos', 'pr', 'prc', 'prsn', 'prw', 'ps', 'psl', 'rldscs', 'rlut', 'rlutcs', 'rsdscs', 'rsdt', 'rsuscs', 'rsut', 'rsutcs', 'ch4global', 'co2mass', 'n2oglobal', 'mc', 'cl', 'cli', 'clw'], 'LGCM' = ['ch4', 'co2', 'hur', 'hus', 'n2o', 'o3', 'ta', 'ua', 'va', 'wap', 'zg', 'clt', 'ccb', 'cct', 'ci', 'clivi', 'clt', 'clwvi', 'evspsbl', 'fco2antt', 'fco2fos', 'pr', 'prc', 'prsn', 'prw', 'ps', 'psl', 'rldscs', 'rlut', 'rlutcs', 'rsdscs', 'rsdt', 'rsuscs', 'rsut', 'rsutcs', 'ch4global', 'co2mass', 'n2oglobal', 'mc', 'cl', 'cli', 'clw']},
'fx_from_file' = {'areacella' = {'complete' = {'HR' = 'areacella_complete_CMIP6_tl359', 'LR' = 'areacella_complete_CMIP6_tl127'}}},
'grid_choice' = {'CNRM-CM6-1' = 'LR', 'CNRM-CM6-1-HR' = 'HR', 'CNRM-ESM2-1' = 'LR', 'CNRM-ESM2-1-HR' = 'HR'},
'grid_policy' = 'adhoc',
'grids' = {'HR' = {'nemo' = ['gn', '', '', '25 km', 'native ocean tri-polar grid with 1.47 M ocean cells'], 'surfex' = ['gr', 'complete', 'glat', '50 km', 'data regridded to a 359 gaussian grid (360x720 latlon) from a native atmosphere T359l reduced gaussian grid'], 'trip' = ['gn', '', '', '50 km', 'regular 1/2 deg lat-lon grid']}, 'LR' = {'nemo' = ['gn', '', '', '100 km', 'native ocean tri-polar grid with 105 k ocean cells'], 'surfex' = ['gr', 'complete', 'glat', '250 km', 'data regridded to a T127 gaussian grid (128x256 latlon) from a native atmosphere T127l reduced gaussian grid'], 'trip' = ['gn', '', '', '50 km', 'regular 1/2 deg lat-lon grid']}},
'included_vars' = [''],
'info_url' = 'http://www.umr-cnrm.fr/cmip6/',
'institution' = 'Meteo-France, Toulouse, France',
'institution_id' = 'lfpw',
'keywords' = ['Seasonal Forecasts', 'C3S', 'ECMWF', 'Copernicus', 'Climate Change', 'Climate Services', 'Earth Science Services', 'Environmental Advisories', 'Climate Advisories'],
'max_file_size_in_floats' = '4000000000.0',
'max_priority' = '1',
'mips' = {'HR' = {'CMIP', 'CMIP6', 'OMIP', 'ScenarioMIP'}, 'LR' = {'AerChemMIP', 'C4MIP', 'CFMIP', 'CMIP', 'CMIP6', 'CORDEX', 'DAMIP', 'DCPP', 'FAFMIP', 'GMMIP', 'GeoMIP', 'HighResMIP', 'ISMIP6', 'LS3MIP', 'LUMIP', 'OMIP', 'PMIP', 'RFMIP', 'SIMIP', 'ScenarioMIP'}},
'non_standard_axes' = {'basin' = ('basin', 'global_ocean atlantic_arctic_ocean indian_pacific_ocean dummy dummy'), 'dbze' = 'dbze', 'effectRadIc' = 'effectRadIc', 'effectRadL' = 'effectRadL', 'klev' = 'alevel', 'klev_half' = 'alevel', 'oline' = 'oline', 'siline' = 'siline', 'soil_carbon_pools' = ('soilpools', 'fast medium slow'), 'sza5' = 'sza5', 'vegtype' = ('vegtype', 'Bare_soil Rock Permanent_snow Temperate_broad-leaved_decidus Boreal_needleaf_evergreen Tropical_broad-leaved_evergreen C3_crop C4_crop Irrigated_crop C3_grass C4_grass Wetland Tropical_broad-leaved_decidus Temperate_broad-leaved_evergreen Temperate_needleaf_evergreen Boreal_broad-leaved_decidus Boreal_needleaf_decidus Tundra_grass Shrub')},
'orphan_variables' = {'nemo' = [''], 'surfex' = ['siconca'], 'trip' = ['areacellr', 'dgw', 'drivw', 'qgwr', 'rivi', 'rivo', 'waterDpth', 'wtd', 'fwtd', 'fldf', 'carbw', 'carbdis', 'carbin']},
'path_to_parse' = 'current_directory/test_C3S_SF/input/xml/',
'ping_variables_prefix' = 'C3S_',
'print_stats_per_var_label' = 'True',
'project' = 'C3S Seasonal Forecast',
'project_settings' = 'C3S-SF',
'realms_per_context' = {'nemo' = ['seaIce', 'ocean', 'ocean seaIce', 'ocnBgChem', 'seaIce ocean'], 'surfex' = ['atmos', 'atmos atmosChem', 'atmosChem', 'aerosol', 'atmos land', 'land', 'landIce land', 'aerosol', 'land landIce', 'landIce'], 'trip' = []},
'references' = 'http://www.umr-cnrm.fr/IMG/pdf/system8-technical.pdf',
'sampling_timestep' = {'HR' = {'nemo' = '1800.0', 'surfex' = '900.0', 'trip' = '1800.0'}, 'LR' = {'nemo' = '1800.0', 'surfex' = '900.0', 'trip' = '1800.0'}},
'sizes' = {'HR' = ['1514100', '75', '259200', '91', '30', '14', '128'], 'LR' = ['106428', '75', '32768', '91', '30', '14', '128']},
'source_types' = {'CNRM-CM6-1' = 'AOGCM', 'CNRM-CM6-1-HR' = 'AOGCM', 'CNRM-ESM2-1' = 'AOGCM BGC AER CHEM', 'CNRM-ESM2-1-HR' = 'AOGCM BGC AER'},
'special_timestep_vars' = {'60mi' = ['cllcalipso', 'clmcalipso', 'clhcalipso', 'cltcalipso', 'cllcalipsoice', 'clmcalipsoice', 'clhcalipsoice', 'cltcalipsoice', 'cllcalipsoliq', 'clmcalipsoliq', 'clhcalipsoliq', 'cltcalipsoliq', 'cllcalipsoun', 'clmcalipsoun', 'clhcalipsoun', 'cltcalipsoun', 'clcalipso', 'clcalipsoice', 'clcalipsoliq', 'clcalipsoun', 'clcalipsotmp', 'clcalipsotmpice', 'clcalipsotmpliq', 'clcalipsotmpun', 'cfadLidarsr532', 'parasolRefl', 'parasolCRefl', 'cltlidarradar', 'clcalipso2', 'cfadDbze94', 'cltisccp', 'pctisccp', 'tauisccp', 'albisccp', 'meantbisccp', 'meantbclrisccp', 'clisccp', 'cltmodis', 'clwmodis', 'climodis', 'clhmodis', 'clmmodis', 'cllmodis', 'tautmodis', 'tauwmodis', 'tauimodis', 'reffclwmodis', 'reffclimodis', 'pctmodis', 'lwpmodis', 'iwpmodis', 'clmodis', 'jpdftaureliqmodis', 'jpdftaureicemodis', 'clmisr']},
'summary' = 'Seasonal Forecast data produced by Meteo-France as its contribution to the seasonal forecast activity of the Copernicus Climate Change Service (C3S). The data has global coverage with a 1-degree horizontal resolution and spans for around 6 months since the start date',
'tierMax' = '1',
'title' = 'Meteo-France seasonal forecast model output prepared for C3S',
'too_long_periods' = ['dec', 'yr'],
'use_cmorvar_label_in_filename' = 'False',
'vertical_interpolation_operation' = 'instant',
'vertical_interpolation_sample_freq' = '3h'}-->
	<!--Simulation settings
{'branch_method' = 'standard',
'branch_year_in_child' = '1960',
'branch_year_in_parent' = '1960',
'child_time_ref_year' = '1850',
'comment' = 'Run by CNRM at Meteo-France HPC facilities',
'comments' = {},
'configuration' = 'AOGCM',
'excluded_tables' = [],
'excluded_vars' = [],
'experiment_id' = 'a4SST',
'expid_in_filename' = 'H2010E001',
'forcing_index' = '2',
'forecast_reference_time' = '1992-12-17T00:00:00Z',
'forecast_type' = 'hindcast',
'grid_mapping' = 'hcrs',
'history' = 'none',
'initialization_index' = '1',
'listof_home_vars' = 'current_directory/test_C3S_SF/input/home_data_request/home_data_request_C3S-SF.txt ',
'parent_time_ref_year' = '1850',
'path_extra_tables' = 'current_directory/test_C3S_SF/input/tables',
'physics_index' = '1',
'realization_index' = '1',
'sub_experiment' = 'none',
'sub_experiment_id' = 'none',
'variant_info' = ''}-->
	<!--Year processed 2010-->
	<file_definition type="one_file" enabled="true">
		<file id="orog_HOM_gr" name="H2010E001_atmo_fx_orog_%start_date%-%end_date%.nc" output_freq="1d" append="true" output_level="10" compression_level="4" time_units="days" time_counter_name="time" time_counter="exclusive" time_stamp_name="creation_date" time_stamp_format="%Y-%m-%dT%H:%M:%SZ" uuid_name="uuid" uuid_format="%uuid%" convention_str="CF-1.6 C3S-0.1">
			<variable name="institute_id" type="string"> lfpw </variable>
			<variable name="institution" type="string"> Meteo-France, Toulouse, France </variable>
			<variable name="contact" type="string"> http://copernicus-support.ecmwf.int </variable>
			<variable name="comment" type="string"> Run by CNRM at Meteo-France HPC facilities </variable>
			<variable name="forecast_type" type="string"> hindcast </variable>
			<variable name="modeling_realm" type="string"> atmo </variable>
			<variable name="frequency" type="string"> fx </variable>
			<variable name="history" type="string"> none </variable>
			<variable name="references" type="string"> http://www.umr-cnrm.fr/IMG/pdf/system8-technical.pdf </variable>
			<variable name="commit" type="string"> 2021-01-01T00:00:00Z http://www.umr-cnrm.fr/IMG/pdf/system8-technical.pdf </variable>
			<variable name="summary" type="string"> Seasonal Forecast data produced by Meteo-France as its contribution to the seasonal forecast activity of the Copernicus Climate Change Service (C3S). The data has global coverage with a 1-degree horizontal resolution and spans for around 6 months since the start date </variable>
			<variable name="forecast_reference_time" type="string"> 1992-12-17T00:00:00Z </variable>
			<variable name="EXPID" type="string"> H2010E001 </variable>
			<field field_ref="C3S_orog_once" name="orog" grid_ref="FULL_grid_complete" detect_missing_value="True" default_value="1.e+20" prec="4" cell_methods="None" cell_methods_mode="overwrite" operation="once">
				<variable name="standard_name" type="string"> surface_altitude </variable>
				<variable name="long_name" type="string"> Surface Altitude </variable>
				<variable name="coordinates" type="string"> lon lat </variable>
				<variable name="grid_mapping" type="string"> hcrs </variable>
				<variable name="units" type="string"> m </variable>
			</field>
		</file>
		<file id="sftlf_HOM_gr" name="H2010E001_atmos_fx_sftlf_%start_date%-%end_date%.nc" output_freq="1d" append="true" output_level="10" compression_level="4" time_units="days" time_counter_name="time" time_counter="exclusive" time_stamp_name="creation_date" time_stamp_format="%Y-%m-%dT%H:%M:%SZ" uuid_name="uuid" uuid_format="%uuid%" convention_str="CF-1.6 C3S-0.1">
			<variable name="institute_id" type="string"> lfpw </variable>
			<variable name="institution" type="string"> Meteo-France, Toulouse, France </variable>
			<variable name="contact" type="string"> http://copernicus-support.ecmwf.int </variable>
			<variable name="comment" type="string"> Run by CNRM at Meteo-France HPC facilities </variable>
			<variable name="forecast_type" type="string"> hindcast </variable>
			<variable name="modeling_realm" type="string"> atmos </variable>
			<variable name="frequency" type="string"> fx </variable>
			<variable name="history" type="string"> none </variable>
			<variable name="references" type="string"> http://www.umr-cnrm.fr/IMG/pdf/system8-technical.pdf </variable>
			<variable name="commit" type="string"> 2021-01-01T00:00:00Z http://www.umr-cnrm.fr/IMG/pdf/system8-technical.pdf </variable>
			<variable name="summary" type="string"> Seasonal Forecast data produced by Meteo-France as its contribution to the seasonal forecast activity of the Copernicus Climate Change Service (C3S). The data has global coverage with a 1-degree horizontal resolution and spans for around 6 months since the start date </variable>
			<variable name="forecast_reference_time" type="string"> 1992-12-17T00:00:00Z </variable>
			<variable name="EXPID" type="string"> H2010E001 </variable>
			<field field_ref="C3S_sftlf_once" name="sftlf" grid_ref="FULL_grid_complete" detect_missing_value="True" default_value="1.e+20" prec="4" cell_methods="None" cell_methods_mode="overwrite" operation="once">
				<variable name="standard_name" type="string"> land_area_fraction </variable>
				<variable name="long_name" type="string"> Land Area Fraction </variable>
				<variable name="coordinates" type="string"> lon lat </variable>
				<variable name="grid_mapping" type="string"> hcrs </variable>
				<variable name="units" type="string"> 1 </variable>
			</field>
		</file>
		<file id="clt_HOM_gr" name="H2010E001_atmos_6hrPt_clt_%start_date%-%end_date%.nc" output_freq="6h" append="true" output_level="10" compression_level="4" split_freq="25y" split_freq_format="%y%mo%d%h%mi" split_start_offset="6h" split_end_offset="0s" split_last_date="2011-- 00:00:00" time_units="days" time_counter_name="time" time_counter="exclusive" time_stamp_name="creation_date" time_stamp_format="%Y-%m-%dT%H:%M:%SZ" uuid_name="uuid" uuid_format="%uuid%" convention_str="CF-1.6 C3S-0.1">
			<variable name="institute_id" type="string"> lfpw </variable>
			<variable name="institution" type="string"> Meteo-France, Toulouse, France </variable>
			<variable name="contact" type="string"> http://copernicus-support.ecmwf.int </variable>
			<variable name="comment" type="string"> Run by CNRM at Meteo-France HPC facilities </variable>
			<variable name="forecast_type" type="string"> hindcast </variable>
			<variable name="modeling_realm" type="string"> atmos </variable>
			<variable name="frequency" type="string"> 6hrPt </variable>
			<variable name="history" type="string"> none </variable>
			<variable name="references" type="string"> http://www.umr-cnrm.fr/IMG/pdf/system8-technical.pdf </variable>
			<variable name="commit" type="string"> 2021-01-01T00:00:00Z http://www.umr-cnrm.fr/IMG/pdf/system8-technical.pdf </variable>
			<variable name="summary" type="string"> Seasonal Forecast data produced by Meteo-France as its contribution to the seasonal forecast activity of the Copernicus Climate Change Service (C3S). The data has global coverage with a 1-degree horizontal resolution and spans for around 6 months since the start date </variable>
			<variable name="forecast_reference_time" type="string"> 1992-12-17T00:00:00Z </variable>
			<variable name="EXPID" type="string"> H2010E001 </variable>
			<field field_ref="C3S_clt_instant" name="clt" grid_ref="FULL_grid_complete" detect_missing_value="True" default_value="1.e+20" prec="4" cell_methods="area: time: point" cell_methods_mode="overwrite" operation="instant" freq_op="6h">
				<variable name="standard_name" type="string"> cloud_area_fraction </variable>
				<variable name="long_name" type="string"> Cloud Area Fraction </variable>
				<variable name="coordinates" type="string"> lon lat time </variable>
				<variable name="grid_mapping" type="string"> hcrs </variable>
				<variable name="units" type="string"> % </variable>
			</field>
		</file>
		<file id="psl_HOM_gr" name="H2010E001_atmos_6hrPt_psl_%start_date%-%end_date%.nc" output_freq="6h" append="true" output_level="10" compression_level="4" split_freq="25y" split_freq_format="%y%mo%d%h%mi" split_start_offset="6h" split_end_offset="0s" split_last_date="2011-- 00:00:00" time_units="days" time_counter_name="time" time_counter="exclusive" time_stamp_name="creation_date" time_stamp_format="%Y-%m-%dT%H:%M:%SZ" uuid_name="uuid" uuid_format="%uuid%" convention_str="CF-1.6 C3S-0.1">
			<variable name="institute_id" type="string"> lfpw </variable>
			<variable name="institution" type="string"> Meteo-France, Toulouse, France </variable>
			<variable name="contact" type="string"> http://copernicus-support.ecmwf.int </variable>
			<variable name="comment" type="string"> Run by CNRM at Meteo-France HPC facilities </variable>
			<variable name="forecast_type" type="string"> hindcast </variable>
			<variable name="modeling_realm" type="string"> atmos </variable>
			<variable name="frequency" type="string"> 6hrPt </variable>
			<variable name="history" type="string"> none </variable>
			<variable name="references" type="string"> http://www.umr-cnrm.fr/IMG/pdf/system8-technical.pdf </variable>
			<variable name="commit" type="string"> 2021-01-01T00:00:00Z http://www.umr-cnrm.fr/IMG/pdf/system8-technical.pdf </variable>
			<variable name="summary" type="string"> Seasonal Forecast data produced by Meteo-France as its contribution to the seasonal forecast activity of the Copernicus Climate Change Service (C3S). The data has global coverage with a 1-degree horizontal resolution and spans for around 6 months since the start date </variable>
			<variable name="forecast_reference_time" type="string"> 1992-12-17T00:00:00Z </variable>
			<variable name="EXPID" type="string"> H2010E001 </variable>
			<field field_ref="C3S_psl_instant" name="psl" grid_ref="FULL_grid_complete" detect_missing_value="True" default_value="1.e+20" prec="4" cell_methods="area: time: point" cell_methods_mode="overwrite" operation="instant" freq_op="6h">
				<variable name="standard_name" type="string"> air_pressure_at_sea_level </variable>
				<variable name="long_name" type="string"> Sea Level Pressure </variable>
				<variable name="coordinates" type="string"> lon lat time </variable>
				<variable name="grid_mapping" type="string"> hcrs </variable>
				<variable name="units" type="string"> Pa </variable>
			</field>
		</file>
		<file id="tas_HOM_gr" name="H2010E001_atmos_6hrPt_tas_%start_date%-%end_date%.nc" output_freq="6h" append="true" output_level="10" compression_level="4" split_freq="25y" split_freq_format="%y%mo%d%h%mi" split_start_offset="6h" split_end_offset="0s" split_last_date="2011-- 00:00:00" time_units="days" time_counter_name="time" time_counter="exclusive" time_stamp_name="creation_date" time_stamp_format="%Y-%m-%dT%H:%M:%SZ" uuid_name="uuid" uuid_format="%uuid%" convention_str="CF-1.6 C3S-0.1">
			<variable name="institute_id" type="string"> lfpw </variable>
			<variable name="institution" type="string"> Meteo-France, Toulouse, France </variable>
			<variable name="contact" type="string"> http://copernicus-support.ecmwf.int </variable>
			<variable name="comment" type="string"> Run by CNRM at Meteo-France HPC facilities </variable>
			<variable name="forecast_type" type="string"> hindcast </variable>
			<variable name="modeling_realm" type="string"> atmos </variable>
			<variable name="frequency" type="string"> 6hrPt </variable>
			<variable name="history" type="string"> none </variable>
			<variable name="references" type="string"> http://www.umr-cnrm.fr/IMG/pdf/system8-technical.pdf </variable>
			<variable name="commit" type="string"> 2021-01-01T00:00:00Z http://www.umr-cnrm.fr/IMG/pdf/system8-technical.pdf </variable>
			<variable name="summary" type="string"> Seasonal Forecast data produced by Meteo-France as its contribution to the seasonal forecast activity of the Copernicus Climate Change Service (C3S). The data has global coverage with a 1-degree horizontal resolution and spans for around 6 months since the start date </variable>
			<variable name="forecast_reference_time" type="string"> 1992-12-17T00:00:00Z </variable>
			<variable name="EXPID" type="string"> H2010E001 </variable>
			<field field_ref="C3S_tas_instant" name="tas" grid_ref="FULL_grid_complete" detect_missing_value="True" default_value="1.e+20" prec="4" cell_methods="area: time: point" cell_methods_mode="overwrite" operation="instant" freq_op="6h">
				<variable name="standard_name" type="string"> air_temperature </variable>
				<variable name="long_name" type="string"> Near-Surface Air Temperature </variable>
				<variable name="coordinates" type="string"> lon lat height_2m time </variable>
				<variable name="grid_mapping" type="string"> hcrs </variable>
				<variable name="units" type="string"> K </variable>
			</field>
		</file>
		<file id="tdas_HOM_gr" name="H2010E001_atmos_6hrPt_tdas_%start_date%-%end_date%.nc" output_freq="6h" append="true" output_level="10" compression_level="4" split_freq="25y" split_freq_format="%y%mo%d%h%mi" split_start_offset="6h" split_end_offset="0s" split_last_date="2011-- 00:00:00" time_units="days" time_counter_name="time" time_counter="exclusive" time_stamp_name="creation_date" time_stamp_format="%Y-%m-%dT%H:%M:%SZ" uuid_name="uuid" uuid_format="%uuid%" convention_str="CF-1.6 C3S-0.1">
			<variable name="institute_id" type="string"> lfpw </variable>
			<variable name="institution" type="string"> Meteo-France, Toulouse, France </variable>
			<variable name="contact" type="string"> http://copernicus-support.ecmwf.int </variable>
			<variable name="comment" type="string"> Run by CNRM at Meteo-France HPC facilities </variable>
			<variable name="forecast_type" type="string"> hindcast </variable>
			<variable name="modeling_realm" type="string"> atmos </variable>
			<variable name="frequency" type="string"> 6hrPt </variable>
			<variable name="history" type="string"> none </variable>
			<variable name="references" type="string"> http://www.umr-cnrm.fr/IMG/pdf/system8-technical.pdf </variable>
			<variable name="commit" type="string"> 2021-01-01T00:00:00Z http://www.umr-cnrm.fr/IMG/pdf/system8-technical.pdf </variable>
			<variable name="summary" type="string"> Seasonal Forecast data produced by Meteo-France as its contribution to the seasonal forecast activity of the Copernicus Climate Change Service (C3S). The data has global coverage with a 1-degree horizontal resolution and spans for around 6 months since the start date </variable>
			<variable name="forecast_reference_time" type="string"> 1992-12-17T00:00:00Z </variable>
			<variable name="EXPID" type="string"> H2010E001 </variable>
			<field field_ref="C3S_tdas_instant" name="tdas" grid_ref="FULL_grid_complete" detect_missing_value="True" default_value="1.e+20" prec="4" cell_methods="area: time: point" cell_methods_mode="overwrite" operation="instant" freq_op="6h">
				<variable name="standard_name" type="string"> dew_point_temperature </variable>
				<variable name="long_name" type="string"> 2m Dewpoint Temperature </variable>
				<variable name="coordinates" type="string"> lon lat height_2m time </variable>
				<variable name="grid_mapping" type="string"> hcrs </variable>
				<variable name="units" type="string"> K </variable>
			</field>
		</file>
		<file id="uas_HOM_gr" name="H2010E001_atmos_6hrPt_uas_%start_date%-%end_date%.nc" output_freq="6h" append="true" output_level="10" compression_level="4" split_freq="25y" split_freq_format="%y%mo%d%h%mi" split_start_offset="6h" split_end_offset="0s" split_last_date="2011-- 00:00:00" time_units="days" time_counter_name="time" time_counter="exclusive" time_stamp_name="creation_date" time_stamp_format="%Y-%m-%dT%H:%M:%SZ" uuid_name="uuid" uuid_format="%uuid%" convention_str="CF-1.6 C3S-0.1">
			<variable name="institute_id" type="string"> lfpw </variable>
			<variable name="institution" type="string"> Meteo-France, Toulouse, France </variable>
			<variable name="contact" type="string"> http://copernicus-support.ecmwf.int </variable>
			<variable name="comment" type="string"> Run by CNRM at Meteo-France HPC facilities </variable>
			<variable name="forecast_type" type="string"> hindcast </variable>
			<variable name="modeling_realm" type="string"> atmos </variable>
			<variable name="frequency" type="string"> 6hrPt </variable>
			<variable name="history" type="string"> none </variable>
			<variable name="references" type="string"> http://www.umr-cnrm.fr/IMG/pdf/system8-technical.pdf </variable>
			<variable name="commit" type="string"> 2021-01-01T00:00:00Z http://www.umr-cnrm.fr/IMG/pdf/system8-technical.pdf </variable>
			<variable name="summary" type="string"> Seasonal Forecast data produced by Meteo-France as its contribution to the seasonal forecast activity of the Copernicus Climate Change Service (C3S). The data has global coverage with a 1-degree horizontal resolution and spans for around 6 months since the start date </variable>
			<variable name="forecast_reference_time" type="string"> 1992-12-17T00:00:00Z </variable>
			<variable name="EXPID" type="string"> H2010E001 </variable>
			<field field_ref="C3S_uas_instant" name="uas" grid_ref="FULL_grid_complete" detect_missing_value="True" default_value="1.e+20" prec="4" cell_methods="area: time: point" cell_methods_mode="overwrite" operation="instant" freq_op="6h">
				<variable name="standard_name" type="string"> x_wind </variable>
				<variable name="long_name" type="string"> Eastward Near-Surface Wind </variable>
				<variable name="coordinates" type="string"> lon lat height_2m time </variable>
				<variable name="grid_mapping" type="string"> hcrs </variable>
				<variable name="units" type="string"> m.s-1 </variable>
			</field>
		</file>
		<file id="vas_HOM_gr" name="H2010E001_atmos_6hrPt_vas_%start_date%-%end_date%.nc" output_freq="6h" append="true" output_level="10" compression_level="4" split_freq="25y" split_freq_format="%y%mo%d%h%mi" split_start_offset="6h" split_end_offset="0s" split_last_date="2011-- 00:00:00" time_units="days" time_counter_name="time" time_counter="exclusive" time_stamp_name="creation_date" time_stamp_format="%Y-%m-%dT%H:%M:%SZ" uuid_name="uuid" uuid_format="%uuid%" convention_str="CF-1.6 C3S-0.1">
			<variable name="institute_id" type="string"> lfpw </variable>
			<variable name="institution" type="string"> Meteo-France, Toulouse, France </variable>
			<variable name="contact" type="string"> http://copernicus-support.ecmwf.int </variable>
			<variable name="comment" type="string"> Run by CNRM at Meteo-France HPC facilities </variable>
			<variable name="forecast_type" type="string"> hindcast </variable>
			<variable name="modeling_realm" type="string"> atmos </variable>
			<variable name="frequency" type="string"> 6hrPt </variable>
			<variable name="history" type="string"> none </variable>
			<variable name="references" type="string"> http://www.umr-cnrm.fr/IMG/pdf/system8-technical.pdf </variable>
			<variable name="commit" type="string"> 2021-01-01T00:00:00Z http://www.umr-cnrm.fr/IMG/pdf/system8-technical.pdf </variable>
			<variable name="summary" type="string"> Seasonal Forecast data produced by Meteo-France as its contribution to the seasonal forecast activity of the Copernicus Climate Change Service (C3S). The data has global coverage with a 1-degree horizontal resolution and spans for around 6 months since the start date </variable>
			<variable name="forecast_reference_time" type="string"> 1992-12-17T00:00:00Z </variable>
			<variable name="EXPID" type="string"> H2010E001 </variable>
			<field field_ref="C3S_vas_instant" name="vas" grid_ref="FULL_grid_complete" detect_missing_value="True" default_value="1.e+20" prec="4" cell_methods="area: time: point" cell_methods_mode="overwrite" operation="instant" freq_op="6h">
				<variable name="standard_name" type="string"> y_wind </variable>
				<variable name="long_name" type="string"> Northward Near-Surface Wind </variable>
				<variable name="coordinates" type="string"> lon lat height_2m time </variable>
				<variable name="grid_mapping" type="string"> hcrs </variable>
				<variable name="units" type="string"> m.s-1 </variable>
			</field>
		</file>
	</file_definition>
	<field_definition>
		<field id="C3S_orog_once" field_ref="C3S_orog" operation="once"/>
		<field id="C3S_sftlf_once" field_ref="C3S_sftlf" operation="once"/>
		<field id="C3S_clt_instant" field_ref="C3S_clt" operation="instant"/>
		<field id="C3S_psl_instant" field_ref="C3S_psl" operation="instant"/>
		<field id="C3S_tas_instant" field_ref="C3S_tas" operation="instant"/>
		<field id="C3S_tdas_instant" field_ref="C3S_tdas" operation="instant"/>
		<field id="C3S_uas_instant" field_ref="C3S_uas" operation="instant"/>
		<field id="C3S_vas_instant" field_ref="C3S_vas" operation="instant"/>
	</field_definition>
	<axis_definition>
		<axis_group prec="8"/>
	</axis_definition>
	<domain_definition>
		<domain_group prec="8">
			<domain id="CMIP6_25km" ni_glo="1440" nj_glo="720" type="rectilinear" prec="8">
				<generate_rectilinear_domain/>
				<interpolate_domain order="1" renormalize="true" mode="read_or_compute" write_weight="true"/>
			</domain>
			<domain id="CMIP6_50km" ni_glo="720" nj_glo="360" type="rectilinear" prec="8">
				<generate_rectilinear_domain/>
				<interpolate_domain order="1" renormalize="true" mode="read_or_compute" write_weight="true"/>
			</domain>
			<domain id="CMIP6_100km" ni_glo="360" nj_glo="180" type="rectilinear" prec="8">
				<generate_rectilinear_domain/>
				<interpolate_domain order="1" renormalize="true" mode="read_or_compute" write_weight="true"/>
			</domain>
			<domain id="CMIP6_1deg" ni_glo="360" nj_glo="180" type="rectilinear" prec="8">
				<generate_rectilinear_domain/>
				<interpolate_domain order="1" renormalize="true" mode="read_or_compute" write_weight="true"/>
			</domain>
			<domain id="CMIP6_2deg" ni_glo="180" nj_glo="90" type="rectilinear" prec="8">
				<generate_rectilinear_domain/>
				<interpolate_domain order="1" renormalize="true" mode="read_or_compute" write_weight="true"/>
			</domain>
		</domain_group>
	</domain_definition>
	<grid_definition>
		<grid id="FULL_grid_complete">
			<domain domain_ref="complete"/>
		</grid>
	</grid_definition>
	<scalar_definition/>
</context>