<?xml version="1.0" encoding="utf-8"?>
<context id="trip">
	<!--CMIP7 Data Request version Software current_cmip7_dr_software - Content test-->
	<!--CMIP6-CV version ??-->
	<!--CMIP6_conventions_version v6.2.4-->
	<!--dr2xml version current_version-->
	<!--Lab_and_model settings
{'allow_duplicates_in_same_table' = 'False',
'allow_pseudo_standard_names' = 'True',
'allow_tos_3hr_1deg' = 'True',
'branching' = {'CNRM-CM6-1' = {'historical' = ('1850', ['1850', '1883', '1941', '1960', '1990', '2045', '2079', '2108', '2214', '2269'])}, 'CNRM-CM6-1-HR' = {'historical' = ('1850', ['1850', '1883', '1941'])}, 'CNRM-ESM2-1' = {'historical' = ('1850', ['1850', '1883', '1941'])}},
'bytes_per_float' = '2.4',
'comment' = '',
'comments' = {'dcw' = 'ISBA land water budget = (dslw+dcw+dsn+dsw)/dt - (pr-et-mrro) ; dt is given by netcdf attribute : interval_operation', 'dgw' = 'CTRIP river water budget = (drivw+dgw)/dt - (rivi-rivo)*1000/areacellr - qgwr', 'dmlt' = 'Region where always 12m correspond to none-permafrost areas', 'drivw' = 'CTRIP river water budget = (drivw+dgw)/dt - (rivi-rivo)*1000/areacellr - qgwr', 'dslw' = 'ISBA land water budget = (dslw+dcw+dsn+dsw)/dt - (pr-et-mrro) ; dt is given by netcdf attribute : interval_operation', 'dsn' = 'ISBA land water budget = (dslw+dcw+dsn+dsw)/dt - (pr-et-mrro) ; dt is given by netcdf attribute : interval_operation', 'dsw' = 'Change in floodplains water ; ISBA land water budget = (dslw+dcw+dsn+dsw)/dt - (pr-et-mrro) ; dt is given by netcdf attribute : interval_operation', 'dtes' = 'ISBA land energy budget = (dtes+dtesn)/dt + hfmlt - hfdsl ; dt is given by netcdf attribute : interval_operation', 'dtesn' = 'ISBA land energy budget = (dtes+dtesn)/dt + hfmlt - hfdsl ; dt is given by netcdf attribute : interval_operation', 'eow' = 'Liquid water evaporation from floodplains (e.g. Decharme et al. 2018)', 'fldcapacity' = '100 * ISBA Field Capacity in m3/m3', 'hfbasin' = 'This variable has an axis labelled j-mean, while CMIP6 calls for an axis labelled latitude. We want here to pinpoint that we provide values which are averaged over the X-axis of our tripolar grid, along which latitude do vary. This axis begins South.Please refer to the lat/lon coordinate variables in this file for further details.', 'hfbasinpmad' = 'This variable has an axis labelled j-mean, while CMIP6 calls for an axis labelled latitude. We want here to pinpoint that we provide values which are averaged over the X-axis of our tripolar grid, along which latitude do vary. This axis begins South.Please refer to the lat/lon coordinate variables in this file for further details.', 'htovgyre  ' = 'This variable has an axis labelled j-mean, while CMIP6 calls for an axis labelled latitude. We want here to pinpoint that we provide values which are averaged over the X-axis of our tripolar grid, along which latitude do vary. This axis begins South.Please refer to the lat/lon coordinate variables in this file for further details.', 'htovovrt' = 'This variable has an axis labelled j-mean, while CMIP6 calls for an axis labelled latitude. We want here to pinpoint that we provide values which are averaged over the X-axis of our tripolar grid, along which latitude do vary. This axis begins South.Please refer to the lat/lon coordinate variables in this file for further details.', 'mrtws' = 'ISBA-CTRIP total water storage (soil+canopy+snow+rivers+groundwater+floodplains; e.g. Decharme et al. 2018)', 'prsnsn' = 'In ISBA, prsnsn is always 1 because all snowfall falls onto snowpack', 'rivi' = 'CTRIP river grid-cell inflow considering upstream grdi-cell water fluxes and total runoff input (mrro) from ISBA', 'siarean' = 'The sector attribute is erroneous, this variable is indeed integrated over the northern hemisphere.', 'siareas' = 'The sector attribute is erroneous, this variable is indeed integrated over the southern hemisphere.', 'siextentn' = 'The sector attribute is erroneous, this variable is indeed integrated over the northern hemisphere.', 'siextents' = 'The sector attribute is erroneous, this variable is indeed integrated over the southern hemisphere.', 'sivoln' = 'The sector attribute is erroneous, this variable is indeed integrated over the northern hemisphere.', 'sivols' = 'The sector attribute is erroneous, this variable is indeed integrated over the southern hemisphere.', 'sltbasin' = 'This variable has an axis labelled j-mean, while CMIP6 calls for an axis labelled latitude. We want here to pinpoint that we provide values which are averaged over the X-axis of our tripolar grid, along which latitude do vary. This axis begins South.Please refer to the lat/lon coordinate variables in this file for further details.', 'sltnortha' = 'This variable has an axis labelled j-mean, while CMIP6 calls for an axis labelled latitude. We want here to pinpoint that we provide values which are averaged over the X-axis of our tripolar grid, along which latitude do vary. This axis begins South.Please refer to the lat/lon coordinate variables in this file for further details.', 'sltovgyre' = 'This variable has an axis labelled j-mean, while CMIP6 calls for an axis labelled latitude. We want here to pinpoint that we provide values which are averaged over the X-axis of our tripolar grid, along which latitude do vary. This axis begins South.Please refer to the lat/lon coordinate variables in this file for further details.', 'sltovovrt' = 'This variable has an axis labelled j-mean, while CMIP6 calls for an axis labelled latitude. We want here to pinpoint that we provide values which are averaged over the X-axis of our tripolar grid, along which latitude do vary. This axis begins South.Please refer to the lat/lon coordinate variables in this file for further details.', 'snc' = 'ISBA snow cover over bare ground comparable with stallite data (Psng in equation C1 in Decharme et al. 2016)', 'snovoln' = 'The sector attribute is erroneous, this variable is indeed integrated over the northern hemisphere.', 'snovols' = 'The sector attribute is erroneous, this variable is indeed integrated over the southern hemisphere.', 'sw' = 'Surface floodplains water storage (e.g. Decharme et al. 2018)', 'tpf' = 'Region where always 0m correspond to none-permafrost areas', 'wilt' = '100 * ISBA Wilting Point in m3/m3', 'zomsf_3bsn' = 'This variable has an axis labelled j-mean, while CMIP6 calls for an axis labelled latitude. We want here to pinpoint that we provide values which are averaged over the X-axis of our tripolar grid, along which latitude do vary. This axis begins South.Please refer to the lat/lon coordinate variables in this file for further details.'},
'compression_level' = '4',
'configurations' = {'AESM' = ('CNRM-ESM2-1', 'AGCM BGC AER CHEM', ['nemo']), 'AESMHR' = ('CNRM-ESM2-1', 'AGCM BGC AER', []), 'AGCM' = ('CNRM-CM6-1', 'AGCM', ['nemo']), 'AGCMHR' = ('CNRM-CM6-1-HR', 'AGCM', ['nemo']), 'AOESM' = ('CNRM-ESM2-1', 'AOGCM BGC AER CHEM', []), 'AOESMHR' = ('CNRM-ESM2-1-HR', 'AOGCM BGC AER', []), 'AOGCM' = ('CNRM-CM6-1', 'AOGCM', []), 'AOGCMHR' = ('CNRM-CM6-1-HR', 'AOGCM', []), 'LESM' = ('CNRM-ESM2-1', 'LAND BGC', ['nemo']), 'LGCM' = ('CNRM-CM6-1', 'LAND', ['nemo']), 'OESM' = ('CNRM-ESM2-1', 'OGCM BGC', ['surfex', 'trip']), 'OESMHR' = ('CNRM-ESM2-1-HR', 'OGCM BGC', ['surfex', 'trip']), 'OGCM' = ('CNRM-CM6-1', 'OGCM', ['surfex', 'trip']), 'OGCMHR' = ('CNRM-CM6-1-HR', 'OGCM', ['surfex', 'trip'])},
'contact' = 'contact.cmip@meteo.fr',
'data_request_content_version' = 'tests',
'data_request_used' = 'CMIP7',
'debug_parsing' = 'False',
'dr2xml_manages_enddate' = 'True',
'excluded_pairs' = [('sfdsi', 'SImon')],
'excluded_request_links' = ['RFMIP-AeroIrf'],
'excluded_spshapes' = ['XYA-na', 'XYG-na', 'na-A'],
'excluded_tables' = ['Eyr', 'Oyr', 'Odec', 'IfxAnt', 'ImonAnt'],
'excluded_vars' = ['pfull', 'phalf', 'n2oClim', 'ch4globalClim', 'co2massClim', 'n2oglobalClim', 'ch4Clim', 'o3Clim', 'co2Clim'],
'excluded_vars_per_config' = {'AESM' = ['co2mass', 'ch4global', 'n2oglobal'], 'AGCM' = ['ch4', 'co2', 'co', 'concdust', 'ec550aer', 'h2o', 'hcho', 'hcl', 'hno3', 'mmrbc', 'mmrdust', 'mmroa', 'mmrso4', 'mmrss', 'n2o', 'no2', 'no', 'o3Clim', 'o3loss', 'o3prod', 'oh', 'so2', 'mmrpm1', 'fco2antt', 'fco2fos', 'fco2nat', 'loadbc', 'loaddust', 'loadoa', 'loadso4', 'loadss', 'oxloss', 'oxprod', 'vmrox', 'bry', 'cly', 'ho2', 'meanage', 'noy', 'drybc', 'drydust', 'dryoa', 'dryso2', 'dryso4', 'dryss', 'emibc', 'emidust', 'emioa', 'emiso2', 'emiso4', 'emiss', 'od440aer', 'od870aer', 'od550lt1aer', 'wetbc', 'wetdust', 'wetoa', 'wetso4', 'wetss', 'cLand', 'cSoil', 'fAnthDisturb', 'fDeforestToProduct', 'fFireNat', 'fLuc', 'fProductDecomp', 'netAtmosLandCO2Flux', 'od443dust', 'od865dust', 'sconcdust', 'sconcso4', 'sconcss', 'sedustCI', 'burntFractionAll', 'cLitter', 'cProduct', 'cVeg', 'fFire', 'fLitterSoil', 'fVegLitter', 'nbp', 'shrubFrac'], 'AOESM' = ['co2mass', 'ch4global', 'n2oglobal'], 'AOGCM' = ['ch4', 'co2', 'co', 'concdust', 'ec550aer', 'h2o', 'hcho', 'hcl', 'hno3', 'mmrbc', 'mmrdust', 'mmroa', 'mmrso4', 'mmrss', 'n2o', 'no2', 'no', 'o3Clim', 'o3loss', 'o3prod', 'oh', 'so2', 'mmrpm1', 'fco2antt', 'fco2fos', 'fco2nat', 'loadbc', 'loaddust', 'loadoa', 'loadso4', 'loadss', 'oxloss', 'oxprod', 'vmrox', 'bry', 'cly', 'ho2', 'meanage', 'noy', 'drybc', 'drydust', 'dryoa', 'dryso2', 'dryso4', 'dryss', 'emibc', 'emidust', 'emioa', 'emiso2', 'emiso4', 'emiss', 'od440aer', 'od870aer', 'od550lt1aer', 'wetbc', 'wetdust', 'wetoa', 'wetso4', 'wetss', 'cLand', 'cSoil', 'fAnthDisturb', 'fDeforestToProduct', 'fFireNat', 'fLuc', 'fProductDecomp', 'netAtmosLandCO2Flux', 'od443dust', 'od865dust', 'sconcdust', 'sconcso4', 'sconcss', 'sedustCI', 'burntFractionAll', 'cLitter', 'cProduct', 'cVeg', 'fFire', 'fLitterSoil', 'fVegLitter', 'nbp', 'shrubFrac'], 'LESM' = ['ch4', 'co2', 'hur', 'hus', 'n2o', 'o3', 'ta', 'ua', 'va', 'wap', 'zg', 'clt', 'ccb', 'cct', 'ci', 'clivi', 'clt', 'clwvi', 'evspsbl', 'fco2antt', 'fco2fos', 'pr', 'prc', 'prsn', 'prw', 'ps', 'psl', 'rldscs', 'rlut', 'rlutcs', 'rsdscs', 'rsdt', 'rsuscs', 'rsut', 'rsutcs', 'ch4global', 'co2mass', 'n2oglobal', 'mc', 'cl', 'cli', 'clw'], 'LGCM' = ['ch4', 'co2', 'hur', 'hus', 'n2o', 'o3', 'ta', 'ua', 'va', 'wap', 'zg', 'clt', 'ccb', 'cct', 'ci', 'clivi', 'clt', 'clwvi', 'evspsbl', 'fco2antt', 'fco2fos', 'pr', 'prc', 'prsn', 'prw', 'ps', 'psl', 'rldscs', 'rlut', 'rlutcs', 'rsdscs', 'rsdt', 'rsuscs', 'rsut', 'rsutcs', 'ch4global', 'co2mass', 'n2oglobal', 'mc', 'cl', 'cli', 'clw']},
'fx_from_file' = {'areacella' = {'complete' = {'HR' = 'areacella_complete_CMIP6_tl359', 'LR' = 'areacella_complete_CMIP6_tl127'}}},
'grid_choice' = {'CNRM-CM6-1' = 'LR', 'CNRM-CM6-1-HR' = 'HR', 'CNRM-ESM2-1' = 'LR', 'CNRM-ESM2-1-HR' = 'HR'},
'grid_policy' = 'adhoc',
'grids' = {'HR' = {'nemo' = ['gn', '', '', '25 km', 'native ocean tri-polar grid with 1.47 M ocean cells'], 'surfex' = ['gr', 'complete', 'glat', '50 km', 'data regridded to a 359 gaussian grid (360x720 latlon) from a native atmosphere T359l reduced gaussian grid'], 'trip' = ['gn', '', '', '50 km', 'regular 1/2 deg lat-lon grid']}, 'LR' = {'nemo' = ['gn', '', '', '100 km', 'native ocean tri-polar grid with 105 k ocean cells'], 'surfex' = ['gr', 'complete', 'glat', '250 km', 'data regridded to a T127 gaussian grid (128x256 latlon) from a native atmosphere T127l reduced gaussian grid'], 'trip' = ['gn', '', '', '50 km', 'regular 1/2 deg lat-lon grid']}},
'info_url' = 'http://www.umr-cnrm.fr/cmip6/',
'institution_id' = 'CNRM-CERFACS',
'max_file_size_in_floats' = '4000000000.0',
'max_priority' = '2',
'mips' = {'HR' = {}, 'LR' = {}},
'non_standard_attributes' = {'arpege_minor_version' = '6.3.2', 'nemo_gelato_commit' = '49095b3accd5d4c_6524fe19b00467a', 'xios_commit' = '1442-shuffle'},
'non_standard_axes' = {'basin' = ('basin', 'global_ocean atlantic_arctic_ocean indian_pacific_ocean dummy dummy'), 'dbze' = 'dbze', 'effectRadIc' = 'effectRadIc', 'effectRadL' = 'effectRadL', 'klev' = 'alevel', 'klev_half' = 'alevel', 'oline' = 'oline', 'siline' = 'siline', 'soil_carbon_pools' = ('soilpools', 'fast medium slow'), 'sza5' = 'sza5', 'vegtype' = ('vegtype', 'Bare_soil Rock Permanent_snow Temperate_broad-leaved_decidus Boreal_needleaf_evergreen Tropical_broad-leaved_evergreen C3_crop C4_crop Irrigated_crop C3_grass C4_grass Wetland Tropical_broad-leaved_decidus Temperate_broad-leaved_evergreen Temperate_needleaf_evergreen Boreal_broad-leaved_decidus Boreal_needleaf_decidus Tundra_grass Shrub')},
'orphan_variables' = {'nemo' = [''], 'surfex' = ['siconca', 'albsn', 'albsrfc'], 'trip' = ['areacellr', 'dgw', 'drivw', 'qgwr', 'rivi', 'rivo', 'waterDpth', 'wtd', 'fwtd', 'fldf', 'carbw', 'carbdis', 'carbin']},
'path_to_parse' = 'current_directory/test_AOESM_historical_CMIP7/input/xml/',
'ping_variables_prefix' = 'CMIP7_',
'print_stats_per_var_label' = 'True',
'project' = 'CMIP7',
'realms_per_context' = {'nemo' = ['seaIce', 'ocean', 'ocnBgchem'], 'surfex' = ['atmos', 'atmosChem', 'aerosol', 'land', 'landIce'], 'trip' = []},
'references' = 'http://www.umr-cnrm.fr/cmip6/references',
'sampling_timestep' = {'HR' = {'nemo' = '1800.0', 'surfex' = '900.0', 'trip' = '1800.0'}, 'LR' = {'nemo' = '1800.0', 'surfex' = '900.0', 'trip' = '1800.0'}},
'sizes' = {'HR' = ['1514100', '75', '259200', '91', '30', '14', '128'], 'LR' = ['106428', '75', '32768', '91', '30', '14', '128']},
'source_types' = {'CNRM-CM6-1' = 'AOGCM', 'CNRM-CM6-1-HR' = 'AOGCM', 'CNRM-ESM2-1' = 'AOGCM BGC AER CHEM', 'CNRM-ESM2-1-HR' = 'AOGCM BGC AER'},
'special_timestep_vars' = {'60mi' = ['cllcalipso', 'clmcalipso', 'clhcalipso', 'cltcalipso', 'cllcalipsoice', 'clmcalipsoice', 'clhcalipsoice', 'cltcalipsoice', 'cllcalipsoliq', 'clmcalipsoliq', 'clhcalipsoliq', 'cltcalipsoliq', 'cllcalipsoun', 'clmcalipsoun', 'clhcalipsoun', 'cltcalipsoun', 'clcalipso', 'clcalipsoice', 'clcalipsoliq', 'clcalipsoun', 'clcalipsotmp', 'clcalipsotmpice', 'clcalipsotmpliq', 'clcalipsotmpun', 'cfadLidarsr532', 'parasolRefl', 'parasolCRefl', 'cltlidarradar', 'clcalipso2', 'cfadDbze94', 'cltisccp', 'pctisccp', 'tauisccp', 'albisccp', 'meantbisccp', 'meantbclrisccp', 'clisccp', 'cltmodis', 'clwmodis', 'climodis', 'clhmodis', 'clmmodis', 'cllmodis', 'tautmodis', 'tauwmodis', 'tauimodis', 'reffclwmodis', 'reffclimodis', 'pctmodis', 'lwpmodis', 'iwpmodis', 'clmodis', 'jpdftaureliqmodis', 'jpdftaureicemodis', 'clmisr']},
'tierMax' = '1',
'too_long_periods' = ['dec', 'yr'],
'use_cmorvar_label_in_filename' = 'False',
'vertical_interpolation_operation' = 'instant',
'vertical_interpolation_sample_freq' = '3h'}-->
	<!--Simulation settings
{'branch_method' = 'standard',
'branch_year_in_child' = '1850',
'branch_year_in_parent' = '1950',
'child_time_ref_year' = '1850',
'comment' = '',
'comments' = {},
'configuration' = 'AOESM',
'excluded_tables' = ['E1hr', '3hr', 'CF3hr', 'CFday', '6hrPlevPt', '6hrPlev', 'CFsubhr', '6hrLev'],
'excluded_vars' = ['rlut4co2', 'rlutcs4co2', 'rsut4co2', 'rsutcs4co2', 'rld4co2', 'rldcs4co2', 'rlu4co2', 'rlucs4co2', 'rsd4co2', 'rsdcs4co2', 'rsu4co2', 'rsucs4co2', 'rlutaf', 'rlutcsaf', 'rsutaf', 'rsutcsaf', 'rldsaf', 'rldscsaf', 'rlusaf', 'rluscsaf', 'rsdsaf', 'rsdscsaf', 'rsusaf', 'rsuscsaf', 'clcalipso', 'albisccp', 'clhcalipso', 'cllcalipso', 'clmcalipso', 'cltcalipso', 'cltisccp', 'pctisccp', 'clisccp', 'parasolRefl'],
'experiment_id' = 'historical',
'forcing_index' = '2',
'history' = 'none',
'initialization_index' = '1',
'listof_home_vars' = '/home/rigoudyg/dev/DR2XML/dr2xml_source/tests/test_AOESM_historical_CMIP7/input/home_data_request/home_data_request_test.txt ',
'parent_time_ref_year' = '1850',
'path_extra_tables' = 'current_directory/test_AOESM_historical_CMIP7/input/tables',
'physics_index' = '1',
'realization_index' = '1',
'sub_experiment' = 'none',
'sub_experiment_id' = 'none',
'variant_info' = ''}-->
	<!--Year processed 1850-->
	<file_definition type="one_file" enabled="true"/>
	<field_definition/>
	<axis_definition>
		<axis_group prec="8"/>
	</axis_definition>
	<domain_definition>
		<domain_group prec="8">
			<domain id="CMIP7_25km" ni_glo="1440" nj_glo="720" type="rectilinear" prec="8">
				<generate_rectilinear_domain/>
				<interpolate_domain order="1" renormalize="true" mode="read_or_compute" write_weight="true"/>
			</domain>
			<domain id="CMIP7_50km" ni_glo="720" nj_glo="360" type="rectilinear" prec="8">
				<generate_rectilinear_domain/>
				<interpolate_domain order="1" renormalize="true" mode="read_or_compute" write_weight="true"/>
			</domain>
			<domain id="CMIP7_100km" ni_glo="360" nj_glo="180" type="rectilinear" prec="8">
				<generate_rectilinear_domain/>
				<interpolate_domain order="1" renormalize="true" mode="read_or_compute" write_weight="true"/>
			</domain>
			<domain id="CMIP7_1deg" ni_glo="360" nj_glo="180" type="rectilinear" prec="8">
				<generate_rectilinear_domain/>
				<interpolate_domain order="1" renormalize="true" mode="read_or_compute" write_weight="true"/>
			</domain>
			<domain id="CMIP7_2deg" ni_glo="180" nj_glo="90" type="rectilinear" prec="8">
				<generate_rectilinear_domain/>
				<interpolate_domain order="1" renormalize="true" mode="read_or_compute" write_weight="true"/>
			</domain>
		</domain_group>
	</domain_definition>
	<grid_definition/>
	<scalar_definition/>
</context>