<?xml version="1.0" encoding="utf-8"?>
<context id="arpsfx">
	<!--CMIP6 Data Request version current_cmip6_dr-->
	<!--dr2xml version 3.1-->
	<!--Lab_and_model settings
{'data_request_content_version' = 'current_directory/test_pingfiles_CMIP6_CNRM_realm/input/DR_config/',
'excluded_vars' = [],
'excluded_vars_file' = [],
'institution_id' = 'CNRM-CERFACS',
'listof_home_vars' = 'None',
'max_priority' = '3',
'mips' = {'AerChemMIP', 'C4MIP', 'CCMI', 'CFMIP', 'CMIP', 'CMIP5', 'CMIP6', 'CORDEX', 'DAMIP', 'DCPP', 'DECK', 'DynVar', 'FAFMIP', 'GMMIP', 'GeoMIP', 'HighResMIP', 'ISMIP6', 'LS3MIP', 'LUMIP', 'OMIP', 'PDRMIP', 'PMIP', 'RFMIP', 'SIMIP', 'SPECS', 'ScenarioMIP', 'SolarMIP', 'VIACSAB', 'VolMIP'},
'path_extra_tables' = 'None',
'path_special_defs' = './input/special_defs',
'ping_variables_prefix' = 'CMIP6_',
'project' = 'ping',
'realms_per_context' = {'arpsfx' = ['atmos', 'atmos atmosChem', 'aerosol', 'atmos land', 'land', 'landIce land', 'aerosol land', 'land landIce', 'landIce'], 'nemo' = ['seaIce', 'ocean', 'ocean seaIce', 'ocnBgchem', 'seaIce ocean']},
'tierMax' = '3'}-->
	<!--Simulation settings
{}-->
	<!--Year processed None-->
	<field_definition>
		<field id="CMIP6_abs550aer" field_ref="?dummy_XY"/>
		<!--P1 (1) atmosphere_absorption_optical_thickness_due_to_ambient_aerosol : ambient aerosol absorption optical thickness at 550 nm-->
		<field id="CMIP6_airmass" field_ref="?dummy_XYA_alevel"/>
		<!--P1 (kg m-2) atmosphere_mass_of_air_per_unit_area : Vertically integrated mass content of air in layer-->
		<field id="CMIP6_aoanh" field_ref="?dummy_XYA_alevel"/>
		<!--P1 (yr) tracer_lifetime : Fixed surface layer mixing ratio over 30o-50oN (0 ppbv), uniform fixed source (at all levels) everywhere else (source is unspecified but must be constant in space and time and documented). Note that the source could be 1yr/yr, so the tracer concentration provides mean age in years. For method using linearly increasing tracer include a method attribute: "linearly increasing tracer"For method using uniform source (1yr/yr) include a method attribute: "uniform source"-->
		<field id="CMIP6_bldep" field_ref="?dummy_XY"/>
		<!--P1 (m) atmosphere_boundary_layer_thickness : Boundary Layer Depth-->
		<field id="CMIP6_bry" field_ref="?dummy_XY_plev39"/>
		<!--P1 (mol mol-1) mole_fraction_of_inorganic_bromine_in_air : Total family (the sum of all appropriate species in the model) ; list the species in the netCDF header, e.g. Bry = Br + BrO + HOBr + HBr + BrONO2 + BrCl Definition: Total inorganic bromine (e.g., HBr and inorganic bromine oxides and radicals (e.g., BrO, atomic bromine (Br), bromine nitrate (BrONO2)) resulting from degradation of bromine-containing organicsource gases (halons, methyl bromide, VSLS), and natural inorganic bromine sources (e.g., volcanoes, sea salt, and other aerosols) add comment attribute with detailed description about how the model calculates these fields-->
		<field id="CMIP6_bs550aer" field_ref="?dummy_XYA_alevel"/>
		<!--P1 (m-1 sr-1)  : Aerosol  Backscatter @550nm @ 180 degrees, computed from extinction and lidar ratio-->
		<field id="CMIP6_c2h2" field_ref="?dummy_XYA_alevel"/>
		<!--P1 (mol mol-1) mole_fraction_of_ethyne_in_air : C2H2 volume mixing ratio-->
		<field id="CMIP6_c2h6" field_ref="?dummy_XYA_alevel"/>
		<!--P1 (mol mol-1) mole_fraction_of_ethane_in_air : C2H6 volume mixing ratio-->
		<field id="CMIP6_c3h6" field_ref="?dummy_XYA_alevel"/>
		<!--P1 (mol mol-1) mole_fraction_of_propene_in_air : C3H6  volume mixing ratio-->
		<field id="CMIP6_c3h8" field_ref="?dummy_XYA_alevel"/>
		<!--P1 (mol mol-1) mole_fraction_of_propane_in_air : C3H8  volume mixing ratio-->
		<field id="CMIP6_ccn" field_ref="?dummy_XY"/>
		<!--P1 (m-3) number_concentration_of_cloud_condensation_nuclei_at_stp_in_air : cloud condensation nuclei concentration at liquid cloud top-->
		<field id="CMIP6_cdnc" field_ref="?dummy_XYA_alevel"/>
		<!--P1 (m-3) number_concentration_of_cloud_liquid_water_particles_in_air : Cloud Droplet Number Concentration in liquid water clouds.-->
		<field id="CMIP6_ch3coch3" field_ref="?dummy_XYA_alevel"/>
		<!--P1 (mol mol-1) mole_fraction_of_acetone_in_air : CH3COCH3  volume mixing ratio-->
		<field id="CMIP6_ch4" field_ref="?dummy_XYA_alevel"/>
		<!--P1 (mol mol-1) mole_fraction_of_methane_in_air : CH4 volume mixing ratio-->
		<field id="CMIP6_cheaqpso4" field_ref="?dummy_XYA_alevel"/>
		<!--P1 (kg m-2 s-1) tendency_of_atmosphere_mass_content_of_sulfate_dry_aerosol_particles_due_to_aqueous_phase_net_chemical_production : proposed name: tendency_of_atmosphere_mass_content_of_sulfate_dry_aerosol_due_to_aqueous_phase_net_chemical_production-->
		<field id="CMIP6_chegpso4" field_ref="?dummy_XYA_alevel"/>
		<!--P1 (kg m-2 s-1) tendency_of_atmosphere_mass_content_of_sulfate_dry_aerosol_particles_due_to_gaseous_phase_net_chemical_production : proposed name: tendency_of_atmosphere_mass_content_of_sulfate_dry_aerosol_due_to_gas_phase_net_chemical_production-->
		<field id="CMIP6_chepasoa" field_ref="?dummy_XY"/>
		<!--P1 (kg m-2 s-1) tendency_of_atmosphere_mass_content_of_secondary_particulate_organic_matter_dry_aerosol_particles_due_to_net_chemical_production : anthropogenic part of chepsoa-->
		<field id="CMIP6_chepsoa" field_ref="?dummy_XY"/>
		<!--P1 (kg m-2 s-1) tendency_of_atmosphere_mass_content_of_secondary_particulate_organic_matter_dry_aerosol_particles_due_to_net_chemical_production : If model lumps SOA emissions with POA, then the sum of POA and SOA emissions is reported as OA emissions. ""mass"" refers to the mass of primary organic matter, not mass of organic carbon alone.-->
		<field id="CMIP6_cltc" field_ref="?dummy_XY"/>
		<!--P1 (%) convective_cloud_area_fraction : Convective cloud fraction-->
		<field id="CMIP6_cly" field_ref="?dummy_XY_plev39"/>
		<!--P1 (mol mol-1) mole_fraction_of_inorganic_chlorine_in_air : Total family (the sum of all appropriate species in the model) ; list the species in the netCDF header, e.g. Cly = HCl + ClONO2 + HOCl + ClO + Cl + 2*Cl2O2 +2Cl2 + OClO + BrCl Definition: Total inorganic stratospheric chlorine (e.g., HCl, ClO) resulting from degradation of chlorine-containing source gases (CFCs, HCFCs, VSLS), and natural inorganic chlorine sources (e.g., sea salt and other aerosols) add comment attribute with detailed description about how the model calculates these fields-->
		<field id="CMIP6_co" field_ref="?dummy_XYA_alevel"/>
		<!--P1 (mol mol-1) mole_fraction_of_carbon_monoxide_in_air : CO volume mixing ratio-->
		<field id="CMIP6_co2" field_ref="?dummy_XYA_alevel"/>
		<!--P1 (mol mol-1) mole_fraction_of_carbon_dioxide_in_air : CO2 volume mixing ratio-->
		<field id="CMIP6_cod" field_ref="?dummy_XY"/>
		<!--P1 (1) atmosphere_optical_thickness_due_to_cloud : cloud optical depth-->
		<field id="CMIP6_depdust" field_ref="?dummy_XY"/>
		<!--P1 (kg m-2 s-1)  : Total Deposition Rate of Dust-->
		<field id="CMIP6_dms" field_ref="?dummy_XYA_alevel"/>
		<!--P1 (mol mol-1) mole_fraction_of_dimethyl_sulfide_in_air : DMS volume mixing ratio-->
		<field id="CMIP6_drybc" field_ref="?dummy_XY"/>
		<!--P1 (kg m-2 s-1) tendency_of_atmosphere_mass_content_of_elemental_carbon_dry_aerosol_particles_due_to_dry_deposition : Dry deposition includes gravitational settling, impact scavenging, and turbulent deposition.-->
		<field id="CMIP6_drydust" field_ref="?dummy_XY"/>
		<!--P1 (kg m-2 s-1) tendency_of_atmosphere_mass_content_of_dust_dry_aerosol_particles_due_to_dry_deposition : Dry deposition includes gravitational settling, impact scavenging, and turbulent deposition.-->
		<field id="CMIP6_drynh3" field_ref="?dummy_XY"/>
		<!--P1 (kg m-2 s-1) tendency_of_atmosphere_mass_content_of_ammonia_due_to_dry_deposition : dry deposition includes gravitational settling, impact scavenging, and turbulent deposition-->
		<field id="CMIP6_drynh4" field_ref="?dummy_XY"/>
		<!--P1 (kg m-2 s-1) tendency_of_atmosphere_mass_content_of_ammonium_dry_aerosol_particles_due_to_dry_deposition : dry deposition includes gravitational settling, impact scavenging, and turbulent deposition-->
		<field id="CMIP6_drynoy" field_ref="?dummy_XY"/>
		<!--P1 (kg m-2 s-1) tendency_of_atmosphere_mass_content_of_noy_expressed_as_nitrogen_due_to_dry_deposition : NOy is the sum of all simulated oxidized nitrogen species out of NO, NO2, HNO3, HNO4, NO3aerosol, NO3(radical), N2O5, PAN, other organic nitrates. Dry deposition includes gravitational settling, impact scavenging, and turbulent deposition.-->
		<field id="CMIP6_dryo3" field_ref="?dummy_XY"/>
		<!--P1 (kg m-2 s-1) tendency_of_atmosphere_mass_content_of_ozone_due_to_dry_deposition : dry deposition includes gravitational settling, impact scavenging, and turbulent deposition.-->
		<field id="CMIP6_dryoa" field_ref="?dummy_XY"/>
		<!--P1 (kg m-2 s-1) tendency_of_atmosphere_mass_content_of_particulate_organic_matter_dry_aerosol_particles_due_to_dry_deposition : dry deposition rate of dry aerosol total organic matter-->
		<field id="CMIP6_dryso2" field_ref="?dummy_XY"/>
		<!--P1 (kg m-2 s-1) tendency_of_atmosphere_mass_content_of_sulfur_dioxide_due_to_dry_deposition : dry deposition includes gravitational settling, impact scavenging, and turbulent deposition-->
		<field id="CMIP6_dryso4" field_ref="?dummy_XY"/>
		<!--P1 (kg m-2 s-1) tendency_of_atmosphere_mass_content_of_sulfate_dry_aerosol_particles_due_to_dry_deposition : dry deposition includes gravitational settling, impact scavenging, and turbulent deposition-->
		<field id="CMIP6_dryss" field_ref="?dummy_XY"/>
		<!--P1 (kg m-2 s-1) tendency_of_atmosphere_mass_content_of_seasalt_dry_aerosol_particles_due_to_dry_deposition : Dry deposition includes gravitational settling, impact scavenging, and turbulent deposition.-->
		<field id="CMIP6_ec550aer" field_ref="?dummy_XYA_alevel"/>
		<!--P1 (m-1) volume_extinction_coefficient_in_air_due_to_ambient_aerosol_particles : Aerosol extinction coefficient-->
		<field id="CMIP6_emiaco" field_ref="?dummy_XY"/>
		<!--P1 (kg m-2 s-1) tendency_of_atmosphere_mass_content_of_carbon_monoxide_due_to_emission : anthrophogenic  emission of CO-->
		<field id="CMIP6_emianox" field_ref="?dummy_XY"/>
		<!--P1 (kg m-2 s-1) tendency_of_atmosphere_mass_content_of_nox_expressed_as_nitrogen_due_to_emission : Store flux as Nitrogen. Anthropogenic fraction. NOx=NO+NO2, Includes agricultural waste burning but no other biomass burning. Integrate 3D emission field vertically to 2d field.-->
		<field id="CMIP6_emiaoa" field_ref="?dummy_XY"/>
		<!--P1 (kg m-2 s-1) tendency_of_atmosphere_mass_content_of_particulate_organic_matter_dry_aerosol_particles_due_to_net_chemical_production_and_emission : anthropogenic part of emioa-->
		<field id="CMIP6_emibc" field_ref="?dummy_XY"/>
		<!--P1 (kg m-2 s-1) tendency_of_atmosphere_mass_content_of_elemental_carbon_dry_aerosol_particles_due_to_emission : Integrate 3D emission field vertically to 2d field.-->
		<field id="CMIP6_emibvoc" field_ref="?dummy_XY"/>
		<!--P1 (kg m-2 s-1) tendency_of_atmosphere_mass_content_of_biogenic_nmvoc_expressed_as_carbon_due_to_emission : Integrate 3D emission field vertically to 2d field._If_ fixed molecular weight of NMVOC is not available in model, please provide in units of kilomole m-2 s-1 (i.e. kg m-2 s-1 as if model NMVOC had molecular weight of 1) and add a comment to your file.-->
		<field id="CMIP6_emico" field_ref="?dummy_XY"/>
		<!--P1 (kg m-2 s-1) tendency_of_atmosphere_mass_content_of_carbon_monoxide_due_to_emission : Integrate 3D emission field vertically to 2d field.-->
		<field id="CMIP6_emidms" field_ref="?dummy_XY"/>
		<!--P1 (kg m-2 s-1) tendency_of_atmosphere_mass_content_of_dimethyl_sulfide_due_to_emission : Integrate 3D emission field vertically to 2d field.-->
		<field id="CMIP6_emidust" field_ref="?dummy_XY"/>
		<!--P1 (kg m-2 s-1) tendency_of_atmosphere_mass_content_of_dust_dry_aerosol_particles_due_to_emission : total emission rate of dust-->
		<field id="CMIP6_emiisop" field_ref="?dummy_XY"/>
		<!--P1 (kg m-2 s-1) tendency_of_atmosphere_mass_content_of_isoprene_due_to_emission : Integrate 3D emission field vertically to 2d field-->
		<field id="CMIP6_emilnox" field_ref="?dummy_XYA_alevel"/>
		<!--P1 (mol s-1) tendency_of_atmosphere_moles_of_nox_expressed_as_nitrogen : Integrate the NOx production for lightning over model layer. proposed name: tendency_of_atmosphere_mass_content_of_nox_from_lightning-->
		<field id="CMIP6_eminh3" field_ref="?dummy_XY"/>
		<!--P1 (kg m-2 s-1) tendency_of_atmosphere_mass_content_of_ammonia_due_to_emission : Integrate 3D emission field vertically to 2d field.-->
		<field id="CMIP6_eminox" field_ref="?dummy_XY"/>
		<!--P1 (kg m-2 s-1) tendency_of_atmosphere_mass_content_of_nox_expressed_as_nitrogen_due_to_emission : Store flux as Nitrogen. NOx=NO+NO2. Integrate 3D emission field vertically to 2d field.-->
		<field id="CMIP6_emioa" field_ref="?dummy_XY"/>
		<!--P1 (kg m-2 s-1) tendency_of_atmosphere_mass_content_of_particulate_organic_matter_dry_aerosol_particles_due_to_net_chemical_production_and_emission : This is the sum of total emission of POA and total production of SOA (emipoa+chepsoa). ""Mass"" refers to the mass of organic matter, not mass of organic carbon alone. We recommend a scale factor of POM=1.4*OC, unless your model has more detailed info available.  Integrate 3D chemical production and emission field vertically to 2d field.-->
		<field id="CMIP6_emiso2" field_ref="?dummy_XY"/>
		<!--P1 (kg m-2 s-1) tendency_of_atmosphere_mass_content_of_sulfur_dioxide_due_to_emission : Integrate 3D emission field vertically to 2d field.-->
		<field id="CMIP6_emiso4" field_ref="?dummy_XY"/>
		<!--P1 (kg m-2 s-1) tendency_of_atmosphere_mass_content_of_sulfate_dry_aerosol_particles_due_to_emission : Direct primary emission does not include secondary sulfate production. Integrate 3D emission field vertically to 2d field.-->
		<field id="CMIP6_emiss" field_ref="?dummy_XY"/>
		<!--P1 (kg m-2 s-1) tendency_of_atmosphere_mass_content_of_seasalt_dry_aerosol_particles_due_to_emission : total emission rate of seasalt-->
		<field id="CMIP6_emivoc" field_ref="?dummy_XY"/>
		<!--P1 (kg m-2 s-1) tendency_of_atmosphere_mass_content_of_nmvoc_due_to_emission : Integrate 3D emission field vertically to 2d field. _If_ fixed molecular weight of NMVOC is not available in model, please provide in units of kilomole m-2 s-1 (i.e. kg m-2 s-1 as if model NMVOC had molecular weight of 1) and add a comment to your file.-->
		<field id="CMIP6_h2o" field_ref="?dummy_XYA_alevel"/>
		<!--P1 (1) mass_fraction_of_water_in_air : Mass Fraction of Water-->
		<field id="CMIP6_hcho" field_ref="?dummy_XYA_alevel"/>
		<!--P1 (mol mol-1) mole_fraction_of_formaldehyde_in_air : Formaldehyde volume mixing ratio-->
		<field id="CMIP6_hcl" field_ref="?dummy_XYA_alevel"/>
		<!--P1 (mol mol-1) mole_fraction_of_hydrogen_chloride_in_air : HCl volume mixing ratio-->
		<field id="CMIP6_hno3" field_ref="?dummy_XYA_alevel"/>
		<!--P1 (mol mol-1) mole_fraction_of_nitric_acid_in_air : HNO3 volume mixing ratio-->
		<field id="CMIP6_ho2" field_ref="?dummy_XY_plev39"/>
		<!--P1 (mol mol-1) mole_fraction_of_hydroperoxyl_radical_in_air : HO2 volume mixing ratio-->
		<field id="CMIP6_isop" field_ref="?dummy_XYA_alevel"/>
		<!--P1 (mol mol-1) mole_fraction_of_isoprene_in_air : Isoprene volume mixing ratio-->
		<field id="CMIP6_jno2" field_ref="?dummy_XYA_alevel"/>
		<!--P1 (s-1) photolysis_rate_of_nitrogen_dioxide : photolysis rate of NO2-->
		<field id="CMIP6_lossch4" field_ref="?dummy_XYA_alevel"/>
		<!--P1 (mol m-3 s-1) tendency_of_atmosphere_mole_concentration_of_methane_due_to_chemical_destruction : monthly averaged atmospheric loss-->
		<field id="CMIP6_lossco" field_ref="?dummy_XYA_alevel"/>
		<!--P1 (mol m-3 s-1) tendency_of_atmosphere_of_mole_concentration_of_carbon_monoxide_due_to_chemical_destruction : monthly averaged atmospheric loss-->
		<field id="CMIP6_lossn2o" field_ref="?dummy_XYA_alevel"/>
		<!--P1 (mol m-3 s-1)  : monthly averaged atmospheric loss-->
		<field id="CMIP6_lwp" field_ref="?dummy_XY"/>
		<!--P1 (kg m-2) atmosphere_mass_content_of_cloud_liquid_water : liquid water path-->
		<field id="CMIP6_maxpblz" field_ref="?dummy_XY"/>
		<!--P1 (m) atmosphere_boundary_layer_thickness : maximum boundary layer height during the day (add cell_methods attribute: "time: maximum")-->
		<field id="CMIP6_meanage" field_ref="?dummy_XY_plev39"/>
		<!--P1 (yr) age_of_stratospheric_air : The mean age of air is defined as the mean time that a stratospheric air mass has been out of contact with the well-mixed troposphere.-->
		<field id="CMIP6_minpblz" field_ref="?dummy_XY"/>
		<!--P1 (m) atmosphere_boundary_layer_thickness : minimum boundary layer height during the day (add cell_methods attribute: "time: minimum")-->
		<field id="CMIP6_mmraerh2o" field_ref="?dummy_XYA_alevel"/>
		<!--P1 (kg kg-1) mass_fraction_of_water_in_ambient_aerosol_particles_in_air : Aerosol water mass mixing ratio-->
		<field id="CMIP6_mmrbc" field_ref="?dummy_XYA_alevel"/>
		<!--P1 (kg kg-1) mass_fraction_of_elemental_carbon_dry_aerosol_particles_in_air : Elemental carbon mass mixing ratio-->
		<field id="CMIP6_mmrdust" field_ref="?dummy_XYA_alevel"/>
		<!--P1 (kg kg-1) mass_fraction_of_dust_dry_aerosol_particles_in_air : Dust aerosol mass mixing ratio-->
		<field id="CMIP6_mmrnh4" field_ref="?dummy_XYA_alevel"/>
		<!--P1 (kg kg-1) mass_fraction_of_ammonium_dry_aerosol_particles_in_air : NH4 mass mixing ratio-->
		<field id="CMIP6_mmrno3" field_ref="?dummy_XYA_alevel"/>
		<!--P1 (kg kg-1) mass_fraction_of_nitrate_dry_aerosol_particles_in_air : NO3 aerosol mass mixing ratio-->
		<field id="CMIP6_mmroa" field_ref="?dummy_XYA_alevel"/>
		<!--P1 (kg kg-1) mass_fraction_of_particulate_organic_matter_dry_aerosol_particles_in_air : Total organic aerosol mass mixing ratio-->
		<field id="CMIP6_mmrpm1" field_ref="?dummy_XYA_alevel"/>
		<!--P1 (kg kg-1) mass_fraction_of_pm1_dry_aerosol_particles_in_air : PM1.0 mass mixing ratio-->
		<field id="CMIP6_mmrpm10" field_ref="?dummy_XYA_alevel"/>
		<!--P1 (kg kg-1) mass_fraction_of_pm10_ambient_aerosol_particles_in_air : PM10 mass mixing ratio-->
		<field id="CMIP6_mmrpm2p5" field_ref="?dummy_XYA_alevel"/>
		<!--P1 (kg kg-1) mass_fraction_of_pm2p5_dry_aerosol_particles_in_air : PM2.5 mass mixing ratio-->
		<field id="CMIP6_mmrso4" field_ref="?dummy_XYA_alevel"/>
		<!--P1 (kg kg-1) mass_fraction_of_sulfate_dry_aerosol_particles_in_air : Aerosol sulfate mass mixing ratio-->
		<field id="CMIP6_mmrsoa" field_ref="?dummy_XYA_alevel"/>
		<!--P1 (kg kg-1) mass_fraction_of_secondary_particulate_organic_matter_dry_aerosol_particles_in_air : Secondary organic aerosol mass mixing ratio-->
		<field id="CMIP6_mmrss" field_ref="?dummy_XYA_alevel"/>
		<!--P1 (kg kg-1) mass_fraction_of_seasalt_dry_aerosol_particles_in_air : Sea Salt mass mixing ratio-->
		<field id="CMIP6_n2o" field_ref="?dummy_XYA_alevel"/>
		<!--P1 (mol mol-1) mole_fraction_of_nitrous_oxide_in_air : N2O volume mixing ratio-->
		<field id="CMIP6_nh50" field_ref="?dummy_XYA_alevel"/>
		<!--P1 (mol mol-1) mole_fraction_of_artificial_tracer_with_fixed_lifetime_in_air : Fixed surface layer mixing ratio over 30o-50oN (100ppbv), uniform fixed 50-day exponential decay.-->
		<field id="CMIP6_no" field_ref="?dummy_XYA_alevel"/>
		<!--P1 (mol mol-1) mole_fraction_of_nitrogen_monoxide_in_air : NO volume mixing ratio-->
		<field id="CMIP6_no2" field_ref="?dummy_XYA_alevel"/>
		<!--P1 (mol mol-1) mole_fraction_of_nitrogen_dioxide_in_air : NO2 volume mixing ratio-->
		<field id="CMIP6_noy" field_ref="?dummy_XY_plev39"/>
		<!--P1 (mol mol-1) mole_fraction_of_noy_expressed_as_nitrogen_in_air : Total family (the sum of all appropriate species in the model); list the species in the netCDF header, e.g. NOy = N + NO + NO2 + NO3 + HNO3 + 2N2O5 + HNO4 + ClONO2 + BrONO2 Definition: Total reactive nitrogen; usually includes atomic nitrogen (N), nitric oxide (NO), NO2, nitrogen trioxide (NO3), dinitrogen radical (N2O5), nitric acid (HNO3), peroxynitric acid (HNO4), BrONO2, ClONO2 add comment attribute with detailed description about how the model calculates these fields-->
		<field id="CMIP6_o3" field_ref="?dummy_XYA_alevel"/>
		<!--P1 (mol mol-1) mole_fraction_of_ozone_in_air : Ozone volume mixing ratio-->
		<field id="CMIP6_o3loss" field_ref="?dummy_XYA_alevel"/>
		<!--P1 (mol m-3 s-1) tendency_of_atmosphere_mole_concentration_of_ozone_due_to_chemical_destruction : ONLY provide the sum of the following reactions: (i) O(1D)+H2O; (ii) O3+HO2; (iii) O3+OH; (iv) O3+alkenes (isoprene, ethene,...)-->
		<field id="CMIP6_o3prod" field_ref="?dummy_XYA_alevel"/>
		<!--P1 (mol m-3 s-1) tendency_of_atmosphere_mole_concentration_of_ozone_due_to_chemical_production : ONLY provide the sum of all the HO2/RO2 + NO reactions (as k*[HO2]*[NO])-->
		<field id="CMIP6_o3ste" field_ref="?dummy_XYA_alevel"/>
		<!--P1 (mol mol-1) mole_fraction_of_ozone_in_air : Ozone tracer intended to map out strat-trop exchange (STE) of ozone.-->
		<field id="CMIP6_od440aer" field_ref="?dummy_XY"/>
		<!--P1 (1) atmosphere_optical_thickness_due_to_ambient_aerosol_particles : AOD from the ambient aerosls (i.e., includes aerosol water).  Does not include AOD from stratospheric aerosols if these are prescribed but includes other possible background aerosol types. Needs a comment attribute "wavelength: 440 nm"-->
		<field id="CMIP6_od550aer" field_ref="?dummy_XY"/>
		<!--P1 (1) atmosphere_optical_thickness_due_to_ambient_aerosol_particles : AOD from ambient aerosols (i.e., includes aerosol water).  Does not include AOD from stratospheric aerosols if these are prescribed but includes other possible background aerosol types. Needs a comment attribute "wavelength: 550 nm"-->
		<field id="CMIP6_od550aerh2o" field_ref="?dummy_XY"/>
		<!--P1 (1) atmosphere_optical_thickness_due_to_water_in_ambient_aerosol : aerosol water aod@550nm-->
		<field id="CMIP6_od550bb" field_ref="?dummy_XY"/>
		<!--P1 (1) atmosphere_optical_thickness_due_to_particulate_organic_matter_ambient_aerosol : total organic aerosol AOD due to biomass burning (excluding so4, nitrate BB components)-->
		<field id="CMIP6_od550bc" field_ref="?dummy_XY"/>
		<!--P1 (1) atmosphere_optical_thickness_due_to_black_carbon_ambient_aerosol : black carbon aod@550nm-->
		<field id="CMIP6_od550csaer" field_ref="?dummy_XY"/>
		<!--P1 (1) atmosphere_optical_thickness_due_to_ambient_aerosol_particles : AOD from the ambient aerosols in clear skies if od550aer is for all-sky (i.e., includes aerosol water).  Does not include AOD from stratospheric aerosols if these are prescribed but includes other possible background aerosol types. Needs a comment attribute "wavelength: 550 nm"-->
		<field id="CMIP6_od550dust" field_ref="?dummy_XY"/>
		<!--P1 (1) atmosphere_optical_thickness_due_to_dust_ambient_aerosol : dust aod@550nm-->
		<field id="CMIP6_od550lt1aer" field_ref="?dummy_XY"/>
		<!--P1 (1) atmosphere_optical_thickness_due_to_pm1_ambient_aerosol : od550 due to particles with wet diameter less than 1 um  (""ambient"" means ""wetted""). When models do not include explicit size information, it can be assumed that all anthropogenic aerosols and natural secondary aerosols have diameter less than 1 um.-->
		<field id="CMIP6_od550no3" field_ref="?dummy_XY"/>
		<!--P1 (1)  : nitrate aod@550nm-->
		<field id="CMIP6_od550oa" field_ref="?dummy_XY"/>
		<!--P1 (1) atmosphere_optical_thickness_due_to_particulate_organic_matter_ambient_aerosol : total organic aerosol AOD, comprises all organic aerosols, primary + secondary ; natural + anthropogenic including biomasss burning organic aerosol-->
		<field id="CMIP6_od550so4" field_ref="?dummy_XY"/>
		<!--P1 (1)  : sulfate aod@550nm-->
		<field id="CMIP6_od550soa" field_ref="?dummy_XY"/>
		<!--P1 (1) atmosphere_optical_thickness_due_to_particulate_organic_matter_ambient_aerosol : total organic aerosol AOD due to secondary aerosol formation-->
		<field id="CMIP6_od550ss" field_ref="?dummy_XY"/>
		<!--P1 (1) atmosphere_optical_thickness_due_to_seasalt_ambient_aerosol : sea salt aod@550nm-->
		<field id="CMIP6_od870aer" field_ref="?dummy_XY"/>
		<!--P1 (1) atmosphere_optical_thickness_due_to_ambient_aerosol_particles : AOD from the ambient aerosls (i.e., includes aerosol water).  Does not include AOD from stratospheric aerosols if these are prescribed but includes other possible background aerosol types. Needs a comment attribute "wavelength: 870 nm"-->
		<field id="CMIP6_oh" field_ref="?dummy_XYA_alevel"/>
		<!--P1 (mol mol-1) mole_fraction_of_hydroxyl_radical_in_air : OH volume mixing ratio-->
		<field id="CMIP6_pan" field_ref="?dummy_XYA_alevel"/>
		<!--P1 (mol mol-1) mole_fraction_of_peroxyacetyl_nitrate_in_air : PAN volume mixing ratio-->
		<field id="CMIP6_pfull" field_ref="?dummy_XYA_alevel"/>
		<!--P1 (Pa) air_pressure : The atmospheric pressure at the model layer midpoints for all times and levels in the associated output variables-->
		<field id="CMIP6_phalf" field_ref="?dummy_XYAh_alevhalf"/>
		<!--P1 (Pa) air_pressure : The atmospheric pressure at the model layer interfaces for all times and levels in the associated output variables-->
		<field id="CMIP6_photo1d" field_ref="?dummy_XYA_alevel"/>
		<!--P1 (s-1) photolysis_rate_of_ozone_to_1D_oxygen_atom : photolysis rate of O3 to O1d-->
		<field id="CMIP6_pod0" field_ref="?dummy_XY"/>
		<!--P1 (mol m-2 s-1)  : Accumulated stomatal ozone flux over the threshold of 0 mol m-2 s-1; Computation: Time Integral of (hourly above canopy ozone concentration * stomatal conductance * Rc/(Rb+Rc) )-->
		<field id="CMIP6_ptp" field_ref="?dummy_XY"/>
		<!--P1 (Pa) tropopause_air_pressure : 2D monthly mean thermal tropopause calculated using WMO tropopause definition on 3d temperature-->
		<field id="CMIP6_reffclwtop" field_ref="?dummy_XY"/>
		<!--P1 (m) effective_radius_of_cloud_liquid_water_particle_at_liquid_water_cloud_top : Droplets are liquid only.  This is the effective radius ""as seen from space"" over liquid cloudy portion of grid cell. This is the value from uppermost model layer with liquid cloud or, if available, or for some models it is the sum over all liquid cloud tops, no matter where they occur, as long as they are seen from the top of the atmosphere.TOA) each time sample when computing monthly mean. Reported values are weighted by total liquid cloud top fraction of  (as seen from TOA) each time sample when computing monthly mean.-->
		<field id="CMIP6_rlutaf" field_ref="?dummy_XY"/>
		<!--P1 (W m-2) toa_outgoing_longwave_flux : Flux corresponding to rlut resulting fom aerosol-free call to radiation-->
		<field id="CMIP6_rlutcsaf" field_ref="?dummy_XY"/>
		<!--P1 (W m-2) toa_outgoing_longwave_flux_assuming_clear_sky : Flux corresponding to rlutcs resulting fom aerosol-free call to radiation-->
		<field id="CMIP6_rsdcsaf" field_ref="?dummy_XYA_alevel"/>
		<!--P1 (W m-2)  : Downwelling Clean-Clear-Sky Shortwave Radiation at each level-->
		<field id="CMIP6_rsdcsafbnd" field_ref="?dummy_XYA_alevel_spectband"/>
		<!--P1 (W m-2)  : Downwelling Clear-Sky, Aerosol-Free, Shortwave Radiation in Bands-->
		<field id="CMIP6_rsdscsaf" field_ref="?dummy_XY"/>
		<!--P1 (W m-2)  : Surface Downwelling Clear-Sky, Aerosol-Free Shortwave Radiation-->
		<field id="CMIP6_rsdscsafbnd" field_ref="?dummy_XY_spectband"/>
		<!--P1 (W m-2)  : Surface Downwelling Clear-Sky, Aerosol-Free Shortwave Radiation in Bands-->
		<field id="CMIP6_rsucsaf" field_ref="?dummy_XYA_alevel"/>
		<!--P1 (W m-2)  : Upwelling Clean-Clear-Sky Shortwave Radiation at each level-->
		<field id="CMIP6_rsucsafbnd" field_ref="?dummy_XYA_alevel_spectband"/>
		<!--P1 (W m-2)  : Upwelling Clear-Sky, Aerosol-Free Shortwave Radiation in Bands-->
		<field id="CMIP6_rsuscsaf" field_ref="?dummy_XY"/>
		<!--P1 (W m-2)  : Surface Upwelling Clean Clear-Sky Shortwave Radiation-->
		<field id="CMIP6_rsuscsafbnd" field_ref="?dummy_XY_spectband"/>
		<!--P1 (W m-2)  : Surface Upwelling Clear-Sky, Aerosol-Free Shortwave Radiation in Bands-->
		<field id="CMIP6_rsutaf" field_ref="?dummy_XY"/>
		<!--P1 (W m-2) toa_outgoing_shortwave_flux : Flux corresponding to rsut resulting fom aerosol-free call to radiation-->
		<field id="CMIP6_rsutcsaf" field_ref="?dummy_XY"/>
		<!--P1 (W m-2) toa_outgoing_shortwave_flux_assuming_clear_sky : Flux corresponding to rsutcs resulting fom aerosol-free call to radiation-->
		<field id="CMIP6_sedustCI" field_ref="?dummy_XY"/>
		<!--P1 (kg m-2 s-1)  : Sedimentation Flux of dust mode coarse insoluble-->
		<field id="CMIP6_sfno2" field_ref="?dummy_XY"/>
		<!--P1 (mol mol-1) mole_fraction_of_nitrogen_dioxide_in_air : NO2 volume mixing ratio in lowest model layer-->
		<field id="CMIP6_sfo3" field_ref="?dummy_XY"/>
		<!--P1 (mol mol-1) mole_fraction_of_ozone_in_air : O3 volume mixing ratio in lowest model layer-->
		<field id="CMIP6_sfo3max" field_ref="?dummy_XY"/>
		<!--P1 (mol mol-1) mole_fraction_of_ozone_in_air : maximum near-surface ozone  (add cell_methods attribute "time: maximum")-->
		<field id="CMIP6_sfpm25" field_ref="?dummy_XY"/>
		<!--P1 (kg kg-1) mass_fraction_of_pm2p5_ambient_aerosol_particles_in_air : PM2.5 mass mixing ratio in lowest model layer-->
		<field id="CMIP6_so2" field_ref="?dummy_XYA_alevel"/>
		<!--P1 (mol mol-1) mole_fraction_of_sulfur_dioxide_in_air : SO2 volume mixing ratio-->
		<field id="CMIP6_ta" field_ref="?dummy_XY_plev39"/>
		<!--P1 (K) air_temperature : Air Temperature-->
		<field id="CMIP6_tatp" field_ref="?dummy_XY"/>
		<!--P1 (K) tropopause_air_temperature : 2D monthly mean thermal tropopause calculated using WMO tropopause definition on 3d temperature-->
		<field id="CMIP6_tntrl" field_ref="?dummy_XYA_alevel"/>
		<!--P1 (K s-1) tendency_of_air_temperature_due_to_longwave_heating : longwave heating rates-->
		<field id="CMIP6_tntrs" field_ref="?dummy_XYA_alevel"/>
		<!--P1 (K s-1) tendency_of_air_temperature_due_to_shortwave_heating : shortwave heating rates-->
		<field id="CMIP6_toz" field_ref="?dummy_XY"/>
		<!--P1 (m) equivalent_thickness_at_stp_of_atmosphere_ozone_content : total ozone column in DU-->
		<field id="CMIP6_tropoz" field_ref="?dummy_XY"/>
		<!--P1 (m) equivalent_thickness_at_stp_of_atmosphere_ozone_content : Tropospheric ozone column, should be consistent with definition of tropopause used to calculate the pressure of the tropopause (ptp).-->
		<field id="CMIP6_ttop" field_ref="?dummy_XY"/>
		<!--P1 (K) air_temperature_at_cloud_top : air temperature at cloud top-->
		<field id="CMIP6_ua" field_ref="?dummy_XYA_alevel"/>
		<!--P1 (m s-1) eastward_wind : Eastward Wind-->
		<field id="CMIP6_va" field_ref="?dummy_XYA_alevel"/>
		<!--P1 (m s-1) northward_wind : Northward Wind-->
		<field id="CMIP6_vt" field_ref="?dummy_lat_p100"/>
		<!--P1 (W m-2) northward_heat_flux_in_air_due_to_eddy_advection : Zonally averaged meridional heat flux at 100 hPa as monthly means derived from daily (or higher frequency) fields.-->
		<field id="CMIP6_wa" field_ref="?dummy_XYA_alevel"/>
		<!--P1 (m s-1) upward_air_velocity : Upward Air Velocity-->
		<field id="CMIP6_wetbc" field_ref="?dummy_XY"/>
		<!--P1 (kg m-2 s-1) tendency_of_atmosphere_mass_content_of_elemental_carbon_dry_aerosol_particles_due_to_wet_deposition : wet deposition rate of black carbon aerosol mass-->
		<field id="CMIP6_wetdust" field_ref="?dummy_XY"/>
		<!--P1 (kg m-2 s-1) tendency_of_atmosphere_mass_content_of_dust_dry_aerosol_particles_due_to_wet_deposition : wet deposition rate of dust-->
		<field id="CMIP6_wetnh3" field_ref="?dummy_XY"/>
		<!--P1 (kg m-2 s-1) tendency_of_atmosphere_mass_content_of_ammonia_due_to_wet_deposition : wet deposition rate of nh3-->
		<field id="CMIP6_wetnh4" field_ref="?dummy_XY"/>
		<!--P1 (kg m-2 s-1) tendency_of_atmosphere_mass_content_of_ammonium_dry_aerosol_particles_due_to_wet_deposition : wet deposition rate of nh4-->
		<field id="CMIP6_wetnoy" field_ref="?dummy_XY"/>
		<!--P1 (kg m-2 s-1) tendency_of_atmosphere_mass_content_of_noy_expressed_as_nitrogen_due_to_wet_deposition : NOy is the sum of all simulated oxidized nitrogen species, out of NO, NO2, HNO3, HNO4, NO3aerosol, NO3(radical), N2O5, PAN, other organic nitrates.-->
		<field id="CMIP6_wetoa" field_ref="?dummy_XY"/>
		<!--P1 (kg m-2 s-1) tendency_of_atmosphere_mass_content_of_particulate_organic_matter_dry_aerosol_particles_due_to_wet_deposition : wet deposition rate of dry aerosol total organic matter-->
		<field id="CMIP6_wetso2" field_ref="?dummy_XY"/>
		<!--P1 (kg m-2 s-1) tendency_of_atmosphere_mass_content_of_sulfur_dioxide_due_to_wet_deposition : wet deposition rate of so2-->
		<field id="CMIP6_wetso4" field_ref="?dummy_XY"/>
		<!--P1 (kg m-2 s-1) tendency_of_atmosphere_mass_content_of_sulfate_dry_aerosol_particles_due_to_wet_deposition : proposed name: tendency_of_atmosphere_mass_content_of_sulfate_dry_aerosol_due_to_wet_deposition-->
		<field id="CMIP6_wetss" field_ref="?dummy_XY"/>
		<!--P1 (kg m-2 s-1) tendency_of_atmosphere_mass_content_of_seasalt_dry_aerosol_particles_due_to_wet_deposition : wet deposition rate of seasalt-->
		<field id="CMIP6_zg" field_ref="?dummy_XY_p500"/>
		<!--P1 (m) geopotential_height : geopotential height on the 500 hPa surface-->
		<field id="CMIP6_ztp" field_ref="?dummy_XY"/>
		<!--P1 (m) tropopause_altitude : 2D monthly mean thermal tropopause calculated using WMO tropopause definition on 3d temperature-->
		<field id="CMIP6_ap" field_ref="dummy_hyb"/>
		<!--One of the hybrid coordinate arrays-->
		<field id="CMIP6_ap_bnds" field_ref="dummy_hyb"/>
		<!--One of the hybrid coordinate arrays-->
		<field id="CMIP6_b" field_ref="dummy_hyb"/>
		<!--One of the hybrid coordinate arrays-->
		<field id="CMIP6_b_bnds" field_ref="dummy_hyb"/>
		<!--One of the hybrid coordinate arrays-->
	</field_definition>
</context>