<?xml version="1.0" encoding="utf-8"?>
<context id="nemo">
	<!--CMIP6 Data Request version current_cmip6_dr-->
	<!--dr2xml version 3.1-->
	<!--Lab_and_model settings
{'data_request_content_version' = 'current_directory/test_pingfiles_CMIP6_CNRM_realm/input/DR_config/',
'excluded_vars' = [],
'excluded_vars_file' = [],
'institution_id' = 'CNRM-CERFACS',
'listof_home_vars' = 'None',
'max_priority' = '3',
'mips' = {'AerChemMIP', 'C4MIP', 'CCMI', 'CFMIP', 'CMIP', 'CMIP5', 'CMIP6', 'CORDEX', 'DAMIP', 'DCPP', 'DECK', 'DynVar', 'FAFMIP', 'GMMIP', 'GeoMIP', 'HighResMIP', 'ISMIP6', 'LS3MIP', 'LUMIP', 'OMIP', 'PDRMIP', 'PMIP', 'RFMIP', 'SIMIP', 'SPECS', 'ScenarioMIP', 'SolarMIP', 'VIACSAB', 'VolMIP'},
'path_extra_tables' = 'None',
'path_special_defs' = './input/special_defs',
'ping_variables_prefix' = 'CMIP6_',
'project' = 'ping',
'realms_per_context' = {'arpsfx' = ['atmos', 'atmos atmosChem', 'aerosol', 'atmos land', 'land', 'landIce land', 'aerosol land', 'land landIce', 'landIce'], 'nemo' = ['seaIce', 'ocean', 'ocean seaIce', 'ocnBgchem', 'seaIce ocean']},
'tierMax' = '3'}-->
	<!--Simulation settings
{}-->
	<!--Year processed None-->
	<field_definition>
		<field id="CMIP6_sithick" field_ref="?dummy_XY"/>
		<!--P1 (m) sea_ice_thickness : (in OImon, sit was volume per entire cell area)-->
	</field_definition>
</context>