<?xml version="1.0" encoding="utf-8"?>
<context id="nemo">
	<!--CMIP6 Data Request version 01.00.21.post1-->
	<!--dr2xml version 3.1-->
	<!--Lab_and_model settings
{'excluded_vars' = [],
'excluded_vars_file' = [],
'institution_id' = 'CNRM-CERFACS',
'listof_home_vars' = 'None',
'max_priority' = '3',
'mips' = {'AerChemMIP', 'C4MIP', 'CCMI', 'CFMIP', 'CMIP', 'CMIP5', 'CMIP6', 'CORDEX', 'DAMIP', 'DCPP', 'DECK', 'DynVar', 'FAFMIP', 'GMMIP', 'GeoMIP', 'HighResMIP', 'ISMIP6', 'LS3MIP', 'LUMIP', 'OMIP', 'PDRMIP', 'PMIP', 'RFMIP', 'SIMIP', 'SPECS', 'ScenarioMIP', 'SolarMIP', 'VIACSAB', 'VolMIP'},
'path_extra_tables' = 'None',
'path_special_defs' = './input/special_defs',
'ping_variables_prefix' = 'CMIP6_',
'project' = 'ping',
'realms_per_context' = {'arpsfx' = ['atmos', 'atmos atmosChem', 'aerosol', 'atmos land', 'land', 'landIce land', 'aerosol land', 'land landIce', 'landIce'], 'nemo' = ['seaIce', 'ocean', 'ocean seaIce', 'ocnBgchem', 'seaIce ocean']},
'tierMax' = '3'}-->
	<!--Simulation settings
{}-->
	<!--Year processed None-->
	<field_definition>
		<field id="CMIP6_O18sw" field_ref="?dummy_XYO"/>
		<!--P1 ()  : O18 in sea water-->
		<field id="CMIP6_agessc" field_ref="?dummy_XYO"/>
		<!--P1 (yr) sea_water_age_since_surface_contact : Sea Water Age Since Surface Contact-->
		<field id="CMIP6_areacello" field_ref="?dummy_XY"/>
		<!--P1 (m2) cell_area : Cell areas for any grid used to report ocean variables and variables which are requested as used on the model ocean grid (e.g. hfsso, which is a downward heat flux from the atmosphere interpolated onto the ocean grid). These cell areas should be defined to enable exact calculation of global integrals (e.g., of vertical fluxes of energy at the surface and top of the atmosphere).-->
		<field id="CMIP6_basin" field_ref="?dummy_XY"/>
		<!--P1 (1) region : Region Selection Index-->
		<field id="CMIP6_bigthetao" field_ref="?dummy_XYO"/>
		<!--P1 (degC) sea_water_conservative_temperature : Diagnostic should be contributed only for models using conservative temperature as prognostic field.-->
		<field id="CMIP6_bigthetaoga" field_ref="?dummy_0d"/>
		<!--P1 (degC) sea_water_conservative_temperature : Diagnostic should be contributed only for models using conservative temperature as prognostic field.-->
		<field id="CMIP6_cfc11" field_ref="?dummy_XYO"/>
		<!--P2 (mol m-3) mole_concentration_of_cfc11_in_sea_water : Mole Concentration of CFC-11 in sea water-->
		<field id="CMIP6_cfc12" field_ref="?dummy_XYO"/>
		<!--P2 (mol m-3) mole_concentration_of_cfc12_in_sea_water : Moles Per Unit Mass of CFC-12 in sea water-->
		<field id="CMIP6_deptho" field_ref="?dummy_XY"/>
		<!--P1 (m) sea_floor_depth_below_geoid : Ocean bathymetry. Reported here is the sea floor depth for present day relative to z=0 geoid. Reported as missing for land grid cells.-->
		<field id="CMIP6_difmxybo" field_ref="?dummy_XYO"/>
		<!--P3 (m4 s-1) ocean_momentum_xy_biharmonic_diffusivity : Ocean Momentum XY Biharmonic Diffusivity-->
		<field id="CMIP6_difmxybo2d" field_ref="?dummy_XY"/>
		<!--P3 (m4 s-1) ocean_momentum_xy_biharmonic_diffusivity : Ocean Momentum XY Biharmonic Diffusivity-->
		<field id="CMIP6_difmxylo" field_ref="?dummy_XYO"/>
		<!--P3 (m2 s-1) ocean_momentum_xy_laplacian_diffusivity : Ocean Momentum XY Laplacian Diffusivity-->
		<field id="CMIP6_difmxylo2d" field_ref="?dummy_XY"/>
		<!--P3 (m2 s-1) ocean_momentum_xy_laplacian_diffusivity : Ocean Momentum XY Laplacian Diffusivity-->
		<field id="CMIP6_diftrbbo" field_ref="?dummy_XYO"/>
		<!--P3 (m4 s-1) ocean_tracer_bolus_biharmonic_diffusivity : Ocean Tracer Bolus Biharmonic Diffusivity-->
		<field id="CMIP6_diftrbbo2d" field_ref="?dummy_XY"/>
		<!--P3 (m4 s-1) ocean_tracer_bolus_biharmonic_diffusivity : Ocean Tracer Bolus Biharmonic Diffusivity-->
		<field id="CMIP6_diftrblo" field_ref="?dummy_XYO"/>
		<!--P3 (m2 s-1) ocean_tracer_bolus_laplacian_diffusivity : Ocean Tracer Bolus Laplacian Diffusivity-->
		<field id="CMIP6_diftrblo2d" field_ref="?dummy_XY"/>
		<!--P3 (m2 s-1) ocean_tracer_bolus_laplacian_diffusivity : Ocean Tracer Bolus Laplacian Diffusivity-->
		<field id="CMIP6_diftrebo" field_ref="?dummy_XYO"/>
		<!--P3 (m4 s-1) ocean_tracer_epineutral_biharmonic_diffusivity : Ocean Tracer Epineutral Biharmonic Diffusivity-->
		<field id="CMIP6_diftrebo2d" field_ref="?dummy_XY"/>
		<!--P3 (m4 s-1) ocean_tracer_epineutral_biharmonic_diffusivity : Ocean Tracer Epineutral Biharmonic Diffusivity-->
		<field id="CMIP6_diftrelo" field_ref="?dummy_XYO"/>
		<!--P3 (m2 s-1) ocean_tracer_epineutral_laplacian_diffusivity : Ocean Tracer Epineutral Laplacian Diffusivity-->
		<field id="CMIP6_diftrelo2d" field_ref="?dummy_XY"/>
		<!--P3 (m2 s-1) ocean_tracer_epineutral_laplacian_diffusivity : Ocean Tracer Epineutral Laplacian Diffusivity-->
		<field id="CMIP6_diftrxybo" field_ref="?dummy_XYO"/>
		<!--P3 (m4 s-1) ocean_tracer_xy_biharmonic_diffusivity : Ocean Tracer XY Biharmonic Diffusivity-->
		<field id="CMIP6_diftrxybo2d" field_ref="?dummy_XY"/>
		<!--P3 (m4 s-1) ocean_tracer_xy_biharmonic_diffusivity : Ocean Tracer XY Biharmonic Diffusivity-->
		<field id="CMIP6_diftrxylo" field_ref="?dummy_XYO"/>
		<!--P3 (m2 s-1) ocean_tracer_xy_laplacian_diffusivity : Ocean Tracer XY Laplacian Diffusivity-->
		<field id="CMIP6_diftrxylo2d" field_ref="?dummy_XY"/>
		<!--P3 (m2 s-1) ocean_tracer_xy_laplacian_diffusivity : Ocean Tracer XY Laplacian Diffusivity-->
		<field id="CMIP6_difvho" field_ref="?dummy_XYO"/>
		<!--P1 (m2 s-1) ocean_vertical_heat_diffusivity : Vertical/dianeutral diffusivity applied to prognostic temperature field.-->
		<field id="CMIP6_difvmbo" field_ref="?dummy_XYO"/>
		<!--P1 (m2 s-1) ocean_vertical_momentum_diffusivity_due_to_background : Ocean Vertical Momentum Diffusivity due to Background-->
		<field id="CMIP6_difvmfdo" field_ref="?dummy_XYO"/>
		<!--P1 (m2 s-1) ocean_vertical_momentum_diffusivity_due_to_form_drag : Ocean Vertical Momentum Diffusivity due to Form Drag-->
		<field id="CMIP6_difvmo" field_ref="?dummy_XYO"/>
		<!--P1 (m2 s-1) ocean_vertical_momentum_diffusivity : Ocean Vertical Momentum Diffusivity-->
		<field id="CMIP6_difvmto" field_ref="?dummy_XYO"/>
		<!--P1 (m2 s-1) ocean_vertical_momentum_diffusivity_due_to_tides : Ocean Vertical Momentum Diffusivity due to Tides-->
		<field id="CMIP6_difvso" field_ref="?dummy_XYO"/>
		<!--P1 (m2 s-1) ocean_vertical_salt_diffusivity : Vertical/dianeutral diffusivity applied to prognostic salinity field.-->
		<field id="CMIP6_difvtrbo" field_ref="?dummy_XYO"/>
		<!--P1 (m2 s-1) ocean_vertical_tracer_diffusivity_due_to_background : Ocean Vertical Tracer Diffusivity due to Background-->
		<field id="CMIP6_difvtrto" field_ref="?dummy_XYO"/>
		<!--P1 (m2 s-1) ocean_vertical_tracer_diffusivity_due_to_tides : Ocean Vertical Tracer Diffusivity due to Tides-->
		<field id="CMIP6_dispkevfo" field_ref="?dummy_XYO"/>
		<!--P1 (W m-2) ocean_kinetic_energy_dissipation_per_unit_area_due_to_vertical_friction : Ocean Kinetic Energy Dissipation Per Unit Area due to Vertical Friction-->
		<field id="CMIP6_dispkexyfo" field_ref="?dummy_XYO"/>
		<!--P3 (W m-2) ocean_kinetic_energy_dissipation_per_unit_area_due_to_xy_friction : Ocean Kinetic Energy Dissipation Per Unit Area due to XY Friction-->
		<field id="CMIP6_dispkexyfo2d" field_ref="?dummy_XY"/>
		<!--P3 (W m-2) ocean_kinetic_energy_dissipation_per_unit_area_due_to_xy_friction : Ocean Kinetic Energy Dissipation Per Unit Area due to XY Friction-->
		<field id="CMIP6_evs" field_ref="?dummy_XY"/>
		<!--P1 (kg m-2 s-1) water_evaporation_flux : computed as the total mass of water vapor evaporating from the ice-free portion of the ocean  divided by the area of the ocean portion of the grid cell.-->
		<field id="CMIP6_fgcfc11" field_ref="?dummy_XY"/>
		<!--P2 (mol sec-1 m-2) surface_downward_mole_flux_of_cfc11 : gas exchange flux of CFC11-->
		<field id="CMIP6_fgcfc12" field_ref="?dummy_XY"/>
		<!--P1 (mol sec-1 m-2) surface_downward_mole_flux_of_cfc12 : gas exchange flux of CFC12-->
		<field id="CMIP6_fgsf6" field_ref="?dummy_XY"/>
		<!--P2 (mol sec-1 m-2) surface_downward_mole_flux_of_sulfur_hexafluoride : gas exchange flux of SF6-->
		<field id="CMIP6_ficeberg" field_ref="?dummy_XYO"/>
		<!--P1 (kg m-2 s-1) water_flux_into_sea_water_from_icebergs : computed as the iceberg melt water  flux into the ocean divided by the area of the ocean portion of the grid cell.-->
		<field id="CMIP6_ficeberg2d" field_ref="?dummy_XY"/>
		<!--P1 (kg m-2 s-1) water_flux_into_sea_water_from_icebergs : computed as the iceberg melt water flux into the ocean divided by the area of the ocean portion of the grid cell.-->
		<field id="CMIP6_flandice" field_ref="?dummy_XY"/>
		<!--P1 (kg m-2 s-1) water_flux_into_sea_water_from_land_ice : Water flux into Sea Water from Land Ice-->
		<field id="CMIP6_friver" field_ref="?dummy_XY"/>
		<!--P1 (kg m-2 s-1) water_flux_into_sea_water_from_rivers : computed as the river flux of water into the ocean divided by the area of the ocean portion of the grid cell.-->
		<field id="CMIP6_fsitherm" field_ref="?dummy_XY"/>
		<!--P1 (kg m-2 s-1) water_flux_into_sea_water_due_to_sea_ice_thermodynamics : computed as the sea ice thermodynamic water flux into the ocean divided by the area of the ocean portion of the grid cell.-->
		<field id="CMIP6_hcont300" field_ref="?dummy_XY_depth300m"/>
		<!--P1 (m K)  : Heat content of upper 300 meters-->
		<field id="CMIP6_hfbasin" field_ref="?dummy_basin_zonal_mean"/>
		<!--P1 (W) northward_ocean_heat_transport : Contains contributions from all physical processes affecting the northward heat transport, including resolved advection, parameterized advection, lateral diffusion, etc. Diagnosed here as a function of latitude and basin.   Use Celsius for temperature scale.-->
		<field id="CMIP6_hfbasinpadv" field_ref="?dummy_basin_zonal_mean"/>
		<!--P1 (W) northward_ocean_heat_transport_due_to_parameterized_eddy_advection : Contributions to heat transport from parameterized eddy-induced advective transport due to any subgrid advective process. Diagnosed here as a function of latitude and basin.  Use Celsius for temperature scale.-->
		<field id="CMIP6_hfbasinpmadv" field_ref="?dummy_basin_zonal_mean"/>
		<!--P1 (W) northward_ocean_heat_transport_due_to_parameterized_mesoscale_eddy_advection : Contributions to heat transport from parameterized mesoscale eddy-induced advective transport. Diagnosed here as a function of latitude and basin.  Use Celsius for temperature scale.-->
		<field id="CMIP6_hfbasinpmdiff" field_ref="?dummy_basin_zonal_mean"/>
		<!--P1 (W) northward_ocean_heat_transport_due_to_parameterized_mesoscale_eddy_diffusion : Contributions to heat transport from parameterized mesoscale eddy-induced diffusive transport (i.e., neutral diffusion). Diagnosed here as a function of latitude and basin.-->
		<field id="CMIP6_hfbasinpsmadv" field_ref="?dummy_basin_zonal_mean"/>
		<!--P1 (W) northward_ocean_heat_transport_due_to_parameterized_submesoscale_eddy_advection : Contributions to heat transport from parameterized mesoscale eddy-induced advective transport. Diagnosed here as a function of latitude and basin.  Use Celsius for temperature scale.-->
		<field id="CMIP6_hfcorr" field_ref="?dummy_XY"/>
		<!--P0 (W m-2) heat_flux_correction : Heat Flux Correction-->
		<field id="CMIP6_hfds" field_ref="?dummy_XY"/>
		<!--P1 (W m-2) surface_downward_heat_flux_in_sea_water : This is the net flux of heat entering the liquid water column through its upper surface (excluding any "flux adjustment") .-->
		<field id="CMIP6_hfevapds" field_ref="?dummy_XY"/>
		<!--P1 (W m-2) temperature_flux_due_to_evaporation_expressed_as_heat_flux_out_of_sea_water : This is defined as "where ice_free_sea over sea"-->
		<field id="CMIP6_hfgeou" field_ref="?dummy_XY"/>
		<!--P1 (W m-2) upward_geothermal_heat_flux_at_sea_floor : Upward Geothermal Heat Flux at Sea Floor-->
		<field id="CMIP6_hfibthermds" field_ref="?dummy_XYO"/>
		<!--P1 (W m-2) heat_flux_into_sea_water_due_to_iceberg_thermodynamics : Heat Flux into Sea Water due to Iceberg Thermodynamics-->
		<field id="CMIP6_hfibthermds2d" field_ref="?dummy_XY"/>
		<!--P1 (W m-2) heat_flux_into_sea_water_due_to_iceberg_thermodynamics : Heat Flux into Sea Water due to Iceberg Thermodynamics-->
		<field id="CMIP6_hflso" field_ref="?dummy_XY"/>
		<!--P1 (W m-2) surface_downward_latent_heat_flux : This is defined as "where ice_free_sea over sea"-->
		<field id="CMIP6_hfrainds" field_ref="?dummy_XY"/>
		<!--P1 (W m-2) temperature_flux_due_to_rainfall_expressed_as_heat_flux_into_sea_water : This is defined as "where ice_free_sea over sea"; i.e., the total flux (considered here) entering the ice-free portion of the grid cell divided by the area of the ocean portion of the grid cell.  All such heat fluxes are computed based on Celsius scale.-->
		<field id="CMIP6_hfrunoffds" field_ref="?dummy_XYO"/>
		<!--P2 (W m-2) temperature_flux_due_to_runoff_expressed_as_heat_flux_into_sea_water : Temperature Flux due to Runoff Expressed as Heat Flux into Sea Water-->
		<field id="CMIP6_hfrunoffds2d" field_ref="?dummy_XY"/>
		<!--P2 (W m-2) temperature_flux_due_to_runoff_expressed_as_heat_flux_into_sea_water : Temperature Flux due to Runoff Expressed as Heat Flux into Sea Water-->
		<field id="CMIP6_hfsifrazil" field_ref="?dummy_XYO"/>
		<!--P1 (W m-2) heat_flux_into_sea_water_due_to_freezing_of_frazil_ice : Heat Flux into Sea Water due to Frazil Ice Formation-->
		<field id="CMIP6_hfsifrazil2d" field_ref="?dummy_XY"/>
		<!--P1 (W m-2) heat_flux_into_sea_water_due_to_freezing_of_frazil_ice : Heat Flux into Sea Water due to Frazil Ice Formation-->
		<field id="CMIP6_hfsnthermds" field_ref="?dummy_XYO"/>
		<!--P2 (W m-2) heat_flux_into_sea_water_due_to_snow_thermodynamics : Heat Flux into Sea Water due to Snow Thermodynamics-->
		<field id="CMIP6_hfsnthermds2d" field_ref="?dummy_XY"/>
		<!--P2 (W m-2) heat_flux_into_sea_water_due_to_snow_thermodynamics : Heat Flux into Sea Water due to Snow Thermodynamics-->
		<field id="CMIP6_hfsso" field_ref="?dummy_XY"/>
		<!--P1 (W m-2) surface_downward_sensible_heat_flux : This is defined as "where ice_free_sea over sea"-->
		<field id="CMIP6_hfx" field_ref="?dummy_XY"/>
		<!--P1 (W) ocean_heat_x_transport : Contains all contributions to "x-ward" heat transport from resolved and parameterized processes.  Use Celsius for temperature scale.-->
		<field id="CMIP6_hfy" field_ref="?dummy_XY"/>
		<!--P1 (W) ocean_heat_y_transport : Contains all contributions to "y-ward" heat transport from resolved and parameterized processes. Use Celsius for temperature scale.-->
		<field id="CMIP6_htovgyre" field_ref="?dummy_basin_zonal_mean"/>
		<!--P1 (W) northward_ocean_heat_transport_due_to_gyre : From all advective mass transport processes, resolved and parameterized.-->
		<field id="CMIP6_htovovrt" field_ref="?dummy_basin_zonal_mean"/>
		<!--P1 (W) northward_ocean_heat_transport_due_to_overturning : From all advective mass transport processes, resolved and parameterized.-->
		<field id="CMIP6_masscello" field_ref="?dummy_XYO"/>
		<!--P1 (kg m-2) sea_water_mass_per_unit_area : For Boussinesq models, report this diagnostic as Boussinesq reference density times grid celll volume.-->
		<field id="CMIP6_masso" field_ref="?dummy_0d"/>
		<!--P1 (kg) sea_water_mass : Total mass of liquid sea water. For Boussinesq models, report this diagnostic as Boussinesq reference density times total volume.-->
		<field id="CMIP6_mfo" field_ref="?dummy_TR_oline"/>
		<!--P1 (kg s-1) sea_water_transport_across_line : Sea Water Transport-->
		<field id="CMIP6_mlotst" field_ref="?dummy_XY"/>
		<!--P2 (m) ocean_mixed_layer_thickness_defined_by_sigma_t : Ocean Mixed Layer Thickness Defined by Sigma T-->
		<field id="CMIP6_mlotstmax" field_ref="?dummy_XY"/>
		<!--P1 (m) ocean_mixed_layer_thickness_defined_by_sigma_t : Sigma T is potential density referenced to ocean surface.-->
		<field id="CMIP6_mlotstmin" field_ref="?dummy_XY"/>
		<!--P1 (m) ocean_mixed_layer_thickness_defined_by_sigma_t : Sigma T is potential density referenced to ocean surface.-->
		<field id="CMIP6_mlotstsq" field_ref="?dummy_XY"/>
		<!--P1 (m2) square_of_ocean_mixed_layer_thickness_defined_by_sigma_t : Square of Ocean Mixed Layer Thickness Defined by Sigma T-->
		<field id="CMIP6_msftbarot" field_ref="?dummy_XY"/>
		<!--P1 (kg s-1) ocean_barotropic_mass_streamfunction : Streamfunction or its approximation for free surface models. See OMDP document for details.-->
		<field id="CMIP6_msftmrho" field_ref="?dummy_basin_merid_section_density_rho"/>
		<!--P1 (kg s-1) ocean_meridional_overturning_mass_streamfunction : Overturning mass streamfunction arising from all advective mass transport processes, resolved and parameterized.-->
		<field id="CMIP6_msftmrhompa" field_ref="?dummy_basin_merid_section_density_rho"/>
		<!--P1 (kg s-1) ocean_meridional_overturning_mass_streamfunction_due_to_parameterized_mesoscale_eddy_advection : CMIP5 called this "due to Bolus Advection".  Name change respects the more general physics of the mesoscale parameterizations.-->
		<field id="CMIP6_msftmz" field_ref="?dummy_basin_merid_section"/>
		<!--P1 (kg s-1) ocean_meridional_overturning_mass_streamfunction : Overturning mass streamfunction arising from all advective mass transport processes, resolved and parameterized.-->
		<field id="CMIP6_msftmzmpa" field_ref="?dummy_basin_merid_section"/>
		<!--P1 (kg s-1) ocean_meridional_overturning_mass_streamfunction_due_to_parameterized_mesoscale_eddy_advection : CMIP5 called this "due to Bolus Advection".  Name change respects the more general physics of the mesoscale parameterizations.-->
		<field id="CMIP6_msftmzsmpa" field_ref="?dummy_basin_merid_section"/>
		<!--P1 (kg s-1) ocean_meridional_overturning_mass_streamfunction_due_to_parameterized_submesoscale_eddy_advection : Report only if there is a submesoscale eddy parameterization.-->
		<field id="CMIP6_msftyrho" field_ref="?dummy_basin_merid_section_density_rho"/>
		<!--P1 (kg s-1) ocean_y_overturning_mass_streamfunction : Overturning mass streamfunction arising from all advective mass transport processes, resolved and parameterized.-->
		<field id="CMIP6_msftyrhompa" field_ref="?dummy_basin_merid_section_density_rho"/>
		<!--P1 (kg s-1) ocean_y_overturning_mass_streamfunction_due_to_parameterized_mesoscale_eddy_advection : CMIP5 called this "due to Bolus Advection".  Name change respects the more general physics of the mesoscale parameterizations.-->
		<field id="CMIP6_msftyz" field_ref="?dummy_basin_merid_section"/>
		<!--P1 (kg s-1) ocean_y_overturning_mass_streamfunction : Overturning mass streamfunction arising from all advective mass transport processes, resolved and parameterized.-->
		<field id="CMIP6_msftyzmpa" field_ref="?dummy_basin_merid_section"/>
		<!--P1 (kg s-1) ocean_y_overturning_mass_streamfunction_due_to_parameterized_mesoscale_eddy_advection : CMIP5 called this "due to Bolus Advection".  Name change respects the more general physics of the mesoscale parameterizations.-->
		<field id="CMIP6_msftyzsmpa" field_ref="?dummy_basin_merid_section"/>
		<!--P1 (kg s-1) ocean_meridional_overturning_mass_streamfunction_due_to_parameterized_submesoscale_eddy_advection : Report only if there is a submesoscale eddy parameterization.-->
		<field id="CMIP6_obvfsq" field_ref="?dummy_XYO"/>
		<!--P1 (s-2) square_of_brunt_vaisala_frequency_in_sea_water : Square of Brunt Vaisala Frequency in Sea Water-->
		<field id="CMIP6_ocontempdiff" field_ref="?dummy_XYO"/>
		<!--P2 (W m-2) tendency_of_sea_water_conservative_temperature_expressed_as_heat_content_due_to_parameterized_eddy_dianeutral_mixing : tendency of sea water conservative temperature expressed as heat content due to parameterized dianeutral mixing-->
		<field id="CMIP6_ocontempmint" field_ref="?dummy_XY"/>
		<!--P3 (degC kg m-2) integral_wrt_depth_of_product_of_sea_water_density_and_conservative_temperature : Full column sum of density*cell thickness*conservative temperature. If the model is Boussinesq, then use Boussinesq reference density for the density factor.-->
		<field id="CMIP6_ocontemppadvect" field_ref="?dummy_XYO"/>
		<!--P2 (W m-2) tendency_of_sea_water_conservative_temperature_expressed_as_heat_content_due_to_parameterized_eddy_advection : tendency of sea water conservative temperature expressed as heat content due to parameterized eddy advection-->
		<field id="CMIP6_ocontemppmdiff" field_ref="?dummy_XYO"/>
		<!--P2 (W m-2) tendency_of_sea_water_conservative_temperature_expressed_as_heat_content_due_to_parameterized_mesoscale_eddy_diffusion : tendency of sea water conservative temperature expressed as heat content due to parameterized mesoscale diffusion-->
		<field id="CMIP6_ocontemppsmadvect" field_ref="?dummy_XYO"/>
		<!--P2 (W m-2) tendency_of_sea_water_conservative_temperature_expressed_as_heat_content_due_to_parameterized_submesoscale_eddy_advection : tendency of sea water conservative temperature expressed as heat content due to parameterized submesoscale advection-->
		<field id="CMIP6_ocontemprmadvect" field_ref="?dummy_XYO"/>
		<!--P2 (W m-2) tendency_of_sea_water_conservative_temperature_expressed_as_heat_content_due_to_residual_mean_advection : tendency of sea water conservative temperature expressed as heat content due to residual mean (sum of Eulerian + parameterized) advection-->
		<field id="CMIP6_ocontemptend" field_ref="?dummy_XYO"/>
		<!--P2 (W m-2) tendency_of_sea_water_conservative_temperature_expressed_as_heat_content : tendency of sea water conservative temperature expressed as heat content-->
		<field id="CMIP6_omldamax" field_ref="?dummy_XY"/>
		<!--P1 (m) ocean_mixed_layer_thickness_defined_by_mixing_scheme : Daily Maximum Ocean Mixed Layer Thickness Defined by Mixing Scheme-->
		<field id="CMIP6_opottempdiff" field_ref="?dummy_XYO"/>
		<!--P2 (W m-2) tendency_of_sea_water_potential_temperature_expressed_as_heat_content_due_to_parameterized_eddy_dianeutral_mixing : tendency of sea water potential temperature expressed as heat content due to parameterized dianeutral mixing-->
		<field id="CMIP6_opottempmint" field_ref="?dummy_XY"/>
		<!--P3 (degC kg m-2) integral_wrt_depth_of_product_of_sea_water_density_and_potential_temperature : Full column sum of density*cell thickness*potential temperature. If the model is Boussinesq, then use Boussinesq reference density for the density factor.-->
		<field id="CMIP6_opottemppadvect" field_ref="?dummy_XYO"/>
		<!--P2 (W m-2) tendency_of_sea_water_potential_temperature_expressed_as_heat_content_due_to_parameterized_eddy_advection : tendency of sea water potential temperature expressed as heat content due to parameterized eddy advection-->
		<field id="CMIP6_opottemppmdiff" field_ref="?dummy_XYO"/>
		<!--P2 (W m-2) tendency_of_sea_water_potential_temperature_expressed_as_heat_content_due_to_parameterized_mesoscale_eddy_diffusion : tendency of sea water potential temperature expressed as heat content due to parameterized mesoscale diffusion-->
		<field id="CMIP6_opottemppsmadvect" field_ref="?dummy_XYO"/>
		<!--P2 (W m-2) tendency_of_sea_water_potential_temperature_expressed_as_heat_content_due_to_parameterized_submesoscale_eddy_advection : tendency of sea water potential temperature expressed as heat content due to parameterized submesoscale advection-->
		<field id="CMIP6_opottemprmadvect" field_ref="?dummy_XYO"/>
		<!--P2 (W m-2) tendency_of_sea_water_potential_temperature_expressed_as_heat_content_due_to_residual_mean_advection : tendency of sea water potential temperature expressed as heat content due to residual mean advection-->
		<field id="CMIP6_opottemptend" field_ref="?dummy_XYO"/>
		<!--P2 (W m-2) tendency_of_sea_water_potential_temperature_expressed_as_heat_content : tendency of sea water potential temperature expressed as heat content-->
		<field id="CMIP6_osaltdiff" field_ref="?dummy_XYO"/>
		<!--P2 (kg m-2 s-1) tendency_of_sea_water_salinity_expressed_as_salt_content_due_to_parameterized_eddy_dianeutral_mixing : tendency of sea water salinity expressed as salt content due to parameterized dianeutral mixing-->
		<field id="CMIP6_osaltpadvect" field_ref="?dummy_XYO"/>
		<!--P2 (kg m-2 s-1) tendency_of_sea_water_salinity_expressed_as_salt_content_due_to_parameterized_eddy_advection : tendency of sea water salinity expressed as salt content due to parameterized eddy advection-->
		<field id="CMIP6_osaltpmdiff" field_ref="?dummy_XYO"/>
		<!--P2 (kg m-2 s-1) tendency_of_sea_water_salinity_expressed_as_salt_content_due_to_parameterized_mesoscale_eddy_diffusion : tendency of sea water salinity expressed as salt content due to parameterized mesoscale diffusion-->
		<field id="CMIP6_osaltpsmadvect" field_ref="?dummy_XYO"/>
		<!--P2 (kg m-2 s-1) tendency_of_sea_water_salinity_expressed_as_salt_content_due_to_parameterized_submesoscale_eddy_advection : tendency of sea water salinity expressed as salt content due to parameterized submesoscale advection-->
		<field id="CMIP6_osaltrmadvect" field_ref="?dummy_XYO"/>
		<!--P2 (kg m-2 s-1) tendency_of_sea_water_salinity_expressed_as_salt_content_due_to_residual_mean_advection : tendency of sea water salinity expressed as salt content due to residual mean advection-->
		<field id="CMIP6_osalttend" field_ref="?dummy_XYO"/>
		<!--P2 (kg m-2 s-1) tendency_of_sea_water_salinity_expressed_as_salt_content : tendency of sea water salinity expressed as salt content-->
		<field id="CMIP6_pabigthetao" field_ref="?dummy_XYO"/>
		<!--P1 (degC)  : Sea Water Added Conservative Temperature-->
		<field id="CMIP6_pathetao" field_ref="?dummy_XYO"/>
		<!--P1 (degC)  : __unset__-->
		<field id="CMIP6_pbo" field_ref="?dummy_XY"/>
		<!--P1 (Pa) sea_water_pressure_at_sea_floor : Sea Water Pressure at Sea floor-->
		<field id="CMIP6_prbigthetao" field_ref="?dummy_XYO"/>
		<!--P1 (degC)  : Sea Water Redistributed Conservative Temperature-->
		<field id="CMIP6_prthetao" field_ref="?dummy_XYO"/>
		<!--P1 (degC)  : __unset__-->
		<field id="CMIP6_pso" field_ref="?dummy_XY"/>
		<!--P1 (Pa) sea_water_pressure_at_sea_water_surface : Sea Water Pressure at Sea Water Surface-->
		<field id="CMIP6_rlntds" field_ref="?dummy_XY"/>
		<!--P1 (W m-2) surface_net_downward_longwave_flux : This is defined as "where ice_free_sea over sea"-->
		<field id="CMIP6_rsdo" field_ref="?dummy_XYO"/>
		<!--P1 (W m-2) downwelling_shortwave_flux_in_sea_water : Downwelling Shortwave Radiation in Sea Water-->
		<field id="CMIP6_rsdoabsorb" field_ref="?dummy_XYO"/>
		<!--P2 (W m-2) net_rate_of_absorption_of_shortwave_energy_in_ocean_layer : net rate of absorption of shortwave energy in ocean layer-->
		<field id="CMIP6_rsntds" field_ref="?dummy_XY"/>
		<!--P1 (W m-2) net_downward_shortwave_flux_at_sea_water_surface : This is the flux into the surface of liquid sea water only. This excludes shortwave flux absorbed by sea ice, but includes any light that passes through the ice and is absorbed by the ocean.-->
		<field id="CMIP6_sf6" field_ref="?dummy_XYO"/>
		<!--P2 (mol m-3) mole_concentration_of_sulfur_hexafluoride_in_sea_water : Moles Per Unit Mass of SF6 in sea water-->
		<field id="CMIP6_sfdsi" field_ref="?dummy_XY"/>
		<!--P1 (kg m-2 s-1) downward_sea_ice_basal_salt_flux : This field is physical, and it arises since sea ice has a nonzero salt content, so it exchanges salt with the liquid ocean upon melting and freezing.-->
		<field id="CMIP6_sfriver" field_ref="?dummy_XY"/>
		<!--P1 (kg m-2 s-1) salt_flux_into_sea_water_from_rivers : This field is physical, and it arises when rivers carry a nonzero salt content.  Often this is zero, with rivers assumed to be fresh.-->
		<field id="CMIP6_sftof" field_ref="?dummy_XY_typesea"/>
		<!--P1 (%) sea_area_fraction : This is the area fraction at the ocean surface.-->
		<field id="CMIP6_sithick" field_ref="?dummy_XY"/>
		<!--P1 (m) sea_ice_thickness : (in OImon, sit was volume per entire cell area)-->
		<field id="CMIP6_sltbasin" field_ref="?dummy_basin_zonal_mean"/>
		<!--P1 (kg s-1) northward_ocean_salt_transport : Northward Ocean Salt Transport-->
		<field id="CMIP6_sltnortha" field_ref="?dummy_basin_zonal_mean"/>
		<!--P1 (kg s-1) northward_ocean_salt_transport : Atlantic Northward Ocean Salt Transport-->
		<field id="CMIP6_sltovgyre" field_ref="?dummy_basin_zonal_mean"/>
		<!--P1 (kg s-1) northward_ocean_salt_transport_due_to_gyre : From all advective mass transport processes, resolved and parameterized.-->
		<field id="CMIP6_sltovovrt" field_ref="?dummy_basin_zonal_mean"/>
		<!--P1 (kg s-1) northward_ocean_salt_transport_due_to_overturning : From all advective mass transport processes, resolved and parameterized.-->
		<field id="CMIP6_so" field_ref="?dummy_XYO"/>
		<!--P1 (0.001) sea_water_salinity : Sea Water Salinity-->
		<field id="CMIP6_sob" field_ref="?dummy_XY"/>
		<!--P1 (0.001) sea_water_salinity_at_sea_floor : Model prognostic salinity at bottom-most model grid cell-->
		<field id="CMIP6_soga" field_ref="?dummy_0d"/>
		<!--P1 (0.001) sea_water_salinity : Global Mean Sea Water Salinity-->
		<field id="CMIP6_somint" field_ref="?dummy_XY"/>
		<!--P3 (1e-3 kg m-2) integral_wrt_depth_of_product_of_sea_water_density_and_salinity : Full column sum of density*cell thickness*salinity. If the model is Boussinesq, then use Boussinesq reference density for the density factor.-->
		<field id="CMIP6_sos" field_ref="?dummy_XY"/>
		<!--P3 (0.001) sea_surface_salinity : Sea Surface Salinity-->
		<field id="CMIP6_sosga" field_ref="?dummy_0d"/>
		<!--P1 (0.001) sea_surface_salinity : Global Average Sea Surface Salinity-->
		<field id="CMIP6_sossq" field_ref="?dummy_XY"/>
		<!--P3 (1e-06)  : Square of Sea Surface Salinity-->
		<field id="CMIP6_t20d" field_ref="?dummy_XY"/>
		<!--P2 (m) depth_of_isosurface_of_sea_water_potential_temperature : 20C isotherm depth-->
		<field id="CMIP6_tauucorr" field_ref="?dummy_XY"/>
		<!--P1 (N m-2) surface_downward_x_stress_correction : This is the stress on the liquid ocean from overlying atmosphere, sea ice, ice shelf, etc.-->
		<field id="CMIP6_tauuo" field_ref="?dummy_XY"/>
		<!--P1 (N m-2) surface_downward_x_stress : This is the stress on the liquid ocean from overlying atmosphere, sea ice, ice shelf, etc.-->
		<field id="CMIP6_tauvcorr" field_ref="?dummy_XY"/>
		<!--P1 (N m-2) surface_downward_y_stress_correction : This is the stress on the liquid ocean from overlying atmosphere, sea ice, ice shelf, etc.-->
		<field id="CMIP6_tauvo" field_ref="?dummy_XY"/>
		<!--P1 (N m-2) surface_downward_y_stress : This is the stress on the liquid ocean from overlying atmosphere, sea ice, ice shelf, etc.-->
		<field id="CMIP6_thetao" field_ref="?dummy_XYO"/>
		<!--P1 (degC) sea_water_potential_temperature : Diagnostic should be contributed even for models using conservative temperature as prognostic field.-->
		<field id="CMIP6_thetaoga" field_ref="?dummy_0d"/>
		<!--P1 (degC) sea_water_potential_temperature : Diagnostic should be contributed even for models using conservative temperature as prognostic field-->
		<field id="CMIP6_thetaot" field_ref="?dummy_XY"/>
		<!--P1 (degC) sea_water_potential_temperature : Vertically averaged ocean temperature-->
		<field id="CMIP6_thetaot2000" field_ref="?dummy_XY_depth2000m"/>
		<!--P1 (degC) sea_water_potential_temperature : Depth average potential temperature of upper 2000m-->
		<field id="CMIP6_thetaot300" field_ref="?dummy_XY_depth300m"/>
		<!--P1 (degC) sea_water_potential_temperature : Depth average potential temperature of upper 300m-->
		<field id="CMIP6_thetaot700" field_ref="?dummy_XY_depth700m"/>
		<!--P1 (degC) sea_water_potential_temperature : Depth average potential temperature of upper 700m-->
		<field id="CMIP6_thkcello" field_ref="?dummy_XYO"/>
		<!--P2 (m) cell_thickness : Ocean Model Cell Thickness-->
		<field id="CMIP6_tnkebto" field_ref="?dummy_XYO"/>
		<!--P3 (W m-2) tendency_of_ocean_eddy_kinetic_energy_content_due_to_parameterized_eddy_advection : Tendency of Ocean Eddy Kinetic Energy Content due to Bolus Transport-->
		<field id="CMIP6_tnkebto2d" field_ref="?dummy_XY"/>
		<!--P3 (W m-2) tendency_of_ocean_eddy_kinetic_energy_content_due_to_parameterized_eddy_advection : Tendency of Ocean Eddy Kinetic Energy Content due to Bolus Transport-->
		<field id="CMIP6_tnpeo" field_ref="?dummy_XY"/>
		<!--P2 (W m-2) tendency_of_ocean_potential_energy_content : Rate that work is done against vertical stratification, as measured by the vertical heat and salt diffusivity. Report here as depth integrated two-dimensional field.-->
		<field id="CMIP6_tnpeot" field_ref="?dummy_XYO"/>
		<!--P1 (W m-2) tendency_of_ocean_potential_energy_content_due_to_tides : Tendency of Ocean Potential Energy Content due to Tides-->
		<field id="CMIP6_tnpeotb" field_ref="?dummy_XYO"/>
		<!--P1 (W m-2) tendency_of_ocean_potential_energy_content_due_to_background : Tendency of Ocean Potential Energy Content due to Background-->
		<field id="CMIP6_tob" field_ref="?dummy_XY"/>
		<!--P1 (degC) sea_water_potential_temperature_at_sea_floor : Potential temperature at the ocean bottom-most grid cell.-->
		<field id="CMIP6_tomint" field_ref="?dummy_XY"/>
		<!--P2 (1e-3 kg m-2)  : integral wrt depth of product of sea water density and prognostic temperature-->
		<field id="CMIP6_tos" field_ref="?dummy_XY"/>
		<!--P1 (degC) sea_surface_temperature : This may differ from "surface temperature" in regions of sea ice or floating ice shelves. For models using conservative temperature as the prognostic field, they should report the top ocean layer as surface potential temperature, which is the same as surface in situ temperature.-->
		<field id="CMIP6_tosga" field_ref="?dummy_0d"/>
		<!--P1 (degC) sea_surface_temperature : This may differ from "surface temperature" in regions of sea ice or floating ice shelves. For models using conservative temperature as the prognostic field, they should report the top ocean layer as surface potential temperature, which is the same as surface in situ temperature.-->
		<field id="CMIP6_tossq" field_ref="?dummy_XY"/>
		<!--P1 (degC2) square_of_sea_surface_temperature : Square of temperature of liquid ocean, averaged over the day.-->
		<field id="CMIP6_umo" field_ref="?dummy_XYO"/>
		<!--P1 (kg s-1) ocean_mass_x_transport : X-ward mass transport from residual mean (resolved plus parameterized) advective transport.-->
		<field id="CMIP6_uo" field_ref="?dummy_XYO"/>
		<!--P1 (m s-1) sea_water_x_velocity : Prognostic x-ward velocity component resolved by the model.-->
		<field id="CMIP6_vmo" field_ref="?dummy_XYO"/>
		<!--P1 (kg s-1) ocean_mass_y_transport : Y-ward mass transport from residual mean (resolved plus parameterized) advective transport.-->
		<field id="CMIP6_vo" field_ref="?dummy_XYO"/>
		<!--P1 (m s-1) sea_water_y_velocity : Prognostic y-ward velocity component resolved by the model.-->
		<field id="CMIP6_volcello" field_ref="?dummy_XYO"/>
		<!--P1 (m3) ocean_volume : For oceans with more than 1 mesh (e.g. staggered grids), report areas that apply to surface vertical fluxes of energy. If this field is time-dependent then save it instead as one of your Omon and Odec fields-->
		<field id="CMIP6_volo" field_ref="?dummy_0d"/>
		<!--P1 (m3) sea_water_volume : Total volume of liquid sea water.-->
		<field id="CMIP6_vsf" field_ref="?dummy_XY"/>
		<!--P1 (kg m-2 s-1) virtual_salt_flux_into_sea_water : It is set to zero in models which receive a real water flux.-->
		<field id="CMIP6_vsfcorr" field_ref="?dummy_XY"/>
		<!--P1 (kg m-2 s-1) virtual_salt_flux_correction : It is set to zero in models which receive a real water flux.-->
		<field id="CMIP6_vsfevap" field_ref="?dummy_XY"/>
		<!--P1 (kg m-2 s-1) virtual_salt_flux_into_sea_water_due_to_evaporation : zero for models using real water fluxes.-->
		<field id="CMIP6_vsfpr" field_ref="?dummy_XY"/>
		<!--P1 (kg m-2 s-1) virtual_salt_flux_into_sea_water_due_to_rainfall : zero for models using real water fluxes.-->
		<field id="CMIP6_vsfriver" field_ref="?dummy_XY"/>
		<!--P1 (kg m-2 s-1) virtual_salt_flux_into_sea_water_from_rivers : zero for models using real water fluxes.-->
		<field id="CMIP6_vsfsit" field_ref="?dummy_XY"/>
		<!--P1 (kg m-2 s-1) virtual_salt_flux_into_sea_water_due_to_sea_ice_thermodynamics : This variable measures the virtual salt flux into sea water due to the melting of sea ice. It is set to zero in models which receive a real water flux.-->
		<field id="CMIP6_wfcorr" field_ref="?dummy_XY"/>
		<!--P0 (kg m-2 s-1) water_flux_correction : Positive flux implies correction adds water to ocean.-->
		<field id="CMIP6_wfo" field_ref="?dummy_XY"/>
		<!--P1 (kg m-2 s-1) water_flux_into_sea_water : computed as the water  flux into the ocean divided by the area of the ocean portion of the grid cell.  This is the sum of the next two variables in this table.-->
		<field id="CMIP6_wfonocorr" field_ref="?dummy_XY"/>
		<!--P1 (kg m-2 s-1) water_flux_into_sea_water_without_flux_correction : computed as the water  flux (without flux correction) into the ocean divided by the area of the ocean portion of the grid cell.-->
		<field id="CMIP6_wmo" field_ref="?dummy_XYO"/>
		<!--P1 (kg s-1) upward_ocean_mass_transport : Upward mass transport from residual mean (resolved plus parameterized) advective transport.-->
		<field id="CMIP6_wo" field_ref="?dummy_XYO"/>
		<!--P1 (m s-1) upward_sea_water_velocity : Prognostic z-ward velocity component resolved by the model.-->
		<field id="CMIP6_zfullo" field_ref="?dummy_XYO"/>
		<!--P1 (m) depth_below_geoid : Depth Below Geoid of Ocean Layer-->
		<field id="CMIP6_zhalfo" field_ref="?dummy_XYO"/>
		<!--P1 (m) depth_below_geoid : Depth Below Geoid of Interfaces Between Ocean Layers-->
		<field id="CMIP6_zos" field_ref="?dummy_XY"/>
		<!--P1 (m) sea_surface_height_above_geoid : This is the dynamic sea level, so should have zero global area mean. It should not include inverse barometer depressions from sea ice.-->
		<field id="CMIP6_zossq" field_ref="?dummy_XY"/>
		<!--P1 (m2) square_of_sea_surface_height_above_geoid : Surface ocean geoid defines z=0.-->
		<field id="CMIP6_zostoga" field_ref="?dummy_0d"/>
		<!--P1 (m) global_average_thermosteric_sea_level_change : There is no CMIP6 request for zosga nor zossga.-->
	</field_definition>
</context>