<?xml version="1.0" encoding="utf-8"?>
<context id="trip">
	<!--CMIP6 Data Request version 01.00.21.post1-->
	<!--CMIP6-CV version ??-->
	<!--CMIP6_conventions_version v6.2.4-->
	<!--dr2xml version current_version-->
	<!--Lab_and_model settings
{'CFsubhr_frequency' = '2ts',
'allow_duplicates_in_same_table' = 'False',
'allow_pseudo_standard_names' = 'True',
'allow_tos_3hr_1deg' = 'True',
'branching' = {'CNRM-CM6-1' = {'historical' = ('1850', ['1850', '1883', '1941', '1960', '1990', '2045', '2079', '2108', '2214', '2269'])}, 'CNRM-CM6-1-HR' = {'historical' = ('1850', ['1850', '1883', '1941'])}, 'CNRM-ESM2-1' = {'historical' = ('1850', ['1850', '1883', '1941'])}},
'bytes_per_float' = '2.4',
'comment' = '',
'comments' = {'dcw' = 'ISBA land water budget = (dslw+dcw+dsn+dsw)/dt - (pr-et-mrro) ; dt is given by netcdf attribute : interval_operation', 'dgw' = 'CTRIP river water budget = (drivw+dgw)/dt - (rivi-rivo)*1000/areacellr - qgwr', 'dmlt' = 'Region where always 12m correspond to none-permafrost areas', 'drivw' = 'CTRIP river water budget = (drivw+dgw)/dt - (rivi-rivo)*1000/areacellr - qgwr', 'dslw' = 'ISBA land water budget = (dslw+dcw+dsn+dsw)/dt - (pr-et-mrro) ; dt is given by netcdf attribute : interval_operation', 'dsn' = 'ISBA land water budget = (dslw+dcw+dsn+dsw)/dt - (pr-et-mrro) ; dt is given by netcdf attribute : interval_operation', 'dsw' = 'Change in floodplains water ; ISBA land water budget = (dslw+dcw+dsn+dsw)/dt - (pr-et-mrro) ; dt is given by netcdf attribute : interval_operation', 'dtes' = 'ISBA land energy budget = (dtes+dtesn)/dt + hfmlt - hfdsl ; dt is given by netcdf attribute : interval_operation', 'dtesn' = 'ISBA land energy budget = (dtes+dtesn)/dt + hfmlt - hfdsl ; dt is given by netcdf attribute : interval_operation', 'eow' = 'Liquid water evaporation from floodplains (e.g. Decharme et al. 2018)', 'fldcapacity' = '100 * ISBA Field Capacity in m3/m3', 'hfbasin' = 'This variable has an axis labelled j-mean, while CMIP6 calls for an axis labelled latitude. We want here to pinpoint that we provide values which are averaged over the X-axis of our tripolar grid, along which latitude do vary. This axis begins South. Please refer to the lat/lon coordinate variables in this file for further details.', 'hfbasinpmad' = 'This variable has an axis labelled j-mean, while CMIP6 calls for an axis labelled latitude. We want here to pinpoint that we provide values which are averaged over the X-axis of our tripolar grid, along which latitude do vary. This axis begins South. Please refer to the lat/lon coordinate variables in this file for further details.', 'htovgyre  ' = 'This variable has an axis labelled j-mean, while CMIP6 calls for an axis labelled latitude. We want here to pinpoint that we provide values which are averaged over the X-axis of our tripolar grid, along which latitude do vary. This axis begins South. Please refer to the lat/lon coordinate variables in this file for further details.', 'htovovrt' = 'This variable has an axis labelled j-mean, while CMIP6 calls for an axis labelled latitude. We want here to pinpoint that we provide values which are averaged over the X-axis of our tripolar grid, along which latitude do vary. This axis begins South. Please refer to the lat/lon coordinate variables in this file for further details.', 'mrtws' = 'ISBA-CTRIP total water storage (soil+canopy+snow+rivers+groundwater+floodplains; e.g. Decharme et al. 2018)', 'prsnsn' = 'In ISBA, prsnsn is always 1 because all snowfall falls onto snowpack', 'rivi' = 'CTRIP river grid-cell inflow considering upstream grdi-cell water fluxes and total runoff input (mrro) from ISBA', 'siarean' = 'The sector attribute is erroneous, this variable is indeed integrated over the northern hemisphere.', 'siareas' = 'The sector attribute is erroneous, this variable is indeed integrated over the southern hemisphere.', 'siextentn' = 'The sector attribute is erroneous, this variable is indeed integrated over the northern hemisphere.', 'siextents' = 'The sector attribute is erroneous, this variable is indeed integrated over the southern hemisphere.', 'sivoln' = 'The sector attribute is erroneous, this variable is indeed integrated over the northern hemisphere.', 'sivols' = 'The sector attribute is erroneous, this variable is indeed integrated over the southern hemisphere.', 'sltbasin' = 'This variable has an axis labelled j-mean, while CMIP6 calls for an axis labelled latitude. We want here to pinpoint that we provide values which are averaged over the X-axis of our tripolar grid, along which latitude do vary. This axis begins South. Please refer to the lat/lon coordinate variables in this file for further details.', 'sltnortha' = 'This variable has an axis labelled j-mean, while CMIP6 calls for an axis labelled latitude. We want here to pinpoint that we provide values which are averaged over the X-axis of our tripolar grid, along which latitude do vary. This axis begins South. Please refer to the lat/lon coordinate variables in this file for further details.', 'sltovgyre' = 'This variable has an axis labelled j-mean, while CMIP6 calls for an axis labelled latitude. We want here to pinpoint that we provide values which are averaged over the X-axis of our tripolar grid, along which latitude do vary. This axis begins South. Please refer to the lat/lon coordinate variables in this file for further details.', 'sltovovrt' = 'This variable has an axis labelled j-mean, while CMIP6 calls for an axis labelled latitude. We want here to pinpoint that we provide values which are averaged over the X-axis of our tripolar grid, along which latitude do vary. This axis begins South. Please refer to the lat/lon coordinate variables in this file for further details.', 'snc' = 'ISBA snow cover over bare ground comparable with stallite data (Psng in equation C1 in Decharme et al. 2016)', 'snovoln' = 'The sector attribute is erroneous, this variable is indeed integrated over the northern hemisphere.', 'snovols' = 'The sector attribute is erroneous, this variable is indeed integrated over the southern hemisphere.', 'sw' = 'Surface floodplains water storage (e.g. Decharme et al. 2018)', 'tpf' = 'Region where always 0m correspond to none-permafrost areas', 'wilt' = '100 * ISBA Wilting Point in m3/m3', 'zomsf_3bsn' = 'This variable has an axis labelled j-mean, while CMIP6 calls for an axis labelled latitude. We want here to pinpoint that we provide values which are averaged over the X-axis of our tripolar grid, along which latitude do vary. This axis begins South. Please refer to the lat/lon coordinate variables in this file for further details.'},
'compression_level' = '0',
'configurations' = {'AESM' = ('CNRM-ESM2-1', 'AGCM BGC AER CHEM', ['nemo']), 'AESMHR' = ('CNRM-ESM2-1-HR', 'AGCM BGC AER', []), 'AGCM' = ('CNRM-CM6-1', 'AGCM', ['nemo']), 'AGCMAER' = ('CNRM-CM6-1', 'AGCM AER', ['nemo']), 'AGCMHR' = ('CNRM-CM6-1-HR', 'AGCM', ['nemo']), 'AGCMHRAER' = ('CNRM-CM6-1-HR', 'AGCM AER', ['nemo']), 'AOESM' = ('CNRM-ESM2-1', 'AOGCM BGC AER CHEM', []), 'AOESMHR' = ('CNRM-ESM2-1-HR', 'AOGCM BGC AER', []), 'AOGCM' = ('CNRM-CM6-1', 'AOGCM', []), 'AOGCMHR' = ('CNRM-CM6-1-HR', 'AOGCM', []), 'AORCM' = ('CNRM-RCSM6', 'AORCM AER', []), 'ARCM' = ('CNRM-ALADIN64', 'ARCM AER', ['nemo']), 'LESM' = ('CNRM-ESM2-1', 'LAND BGC', ['nemo']), 'LGCM' = ('CNRM-CM6-1', 'LAND', ['nemo']), 'OESM' = ('CNRM-ESM2-1', 'OGCM BGC', ['surfex', 'trip']), 'OESMHR' = ('CNRM-ESM2-1-HR', 'OGCM BGC', ['surfex', 'trip']), 'OGCM' = ('CNRM-CM6-1', 'OGCM', ['surfex', 'trip']), 'OGCMHR' = ('CNRM-CM6-1-HR', 'OGCM', ['surfex', 'trip'])},
'contact' = 'contact.aladin-cordex@meteo.fr',
'dr2xml_manages_enddate' = 'True',
'excluded_request_links' = ['RFMIP-AeroIrf'],
'excluded_spshapes' = ['XYA-na', 'XYG-na', 'na-A'],
'excluded_vars' = ['pfull', 'phalf', 'n2oClim', 'ch4globalClim', 'co2massClim', 'n2oglobalClim', 'ch4Clim', 'o3Clim', 'co2Clim', 'ch4', 'co2', 'co', 'h2o', 'hcho', 'hcl', 'hno3', 'n2o', 'no2', 'no', 'o3Clim', 'o3loss', 'o3prod', 'oh', 'fco2antt', 'fco2fos', 'fco2nat', 'oxloss', 'oxprod', 'vmrox', 'bry', 'cly', 'ho2', 'meanage', 'noy', 'cLand', 'cSoil', 'fAnthDisturb', 'fDeforestToProduct', 'fFireNat', 'fLuc', 'fProductDecomp', 'netAtmosLandCO2Flux', 'burntFractionAll', 'cLitter', 'cProduct', 'cVeg', 'fFire', 'fLitterSoil', 'fVegLitter', 'nbp', 'shrubFrac'],
'excluded_vars_per_config' = {'AESM' = ['co2mass', 'ch4global', 'n2oglobal'], 'AGCM' = ['ch4', 'co2', 'co', 'concdust', 'ec550aer', 'h2o', 'hcho', 'hcl', 'hno3', 'mmrbc', 'mmrdust', 'mmroa', 'mmrso4', 'mmrss', 'n2o', 'no2', 'no', 'o3Clim', 'o3loss', 'o3prod', 'oh', 'so2', 'mmrpm1', 'fco2antt', 'fco2fos', 'fco2nat', 'loadbc', 'loaddust', 'loadoa', 'loadso4', 'loadss', 'oxloss', 'oxprod', 'vmrox', 'bry', 'cly', 'ho2', 'meanage', 'noy', 'drybc', 'drydust', 'dryoa', 'dryso2', 'dryso4', 'dryss', 'emibc', 'emidust', 'emioa', 'emiso2', 'emiso4', 'emiss', 'od440aer', 'od870aer', 'od550lt1aer', 'wetbc', 'wetdust', 'wetoa', 'wetso4', 'wetss', 'cLand', 'cSoil', 'fAnthDisturb', 'fDeforestToProduct', 'fFireNat', 'fLuc', 'fProductDecomp', 'netAtmosLandCO2Flux', 'od443dust', 'od865dust', 'sconcdust', 'sconcso4', 'sconcss', 'sedustCI', 'burntFractionAll', 'cLitter', 'cProduct', 'cVeg', 'fFire', 'fLitterSoil', 'fVegLitter', 'nbp', 'shrubFrac'], 'AGCMAER' = ['ch4', 'co2', 'co', 'h2o', 'hcho', 'hcl', 'hno3', 'n2o', 'no2', 'no', 'o3Clim', 'o3loss', 'o3prod', 'oh', 'fco2antt', 'fco2fos', 'fco2nat', 'oxloss', 'oxprod', 'vmrox', 'bry', 'cly', 'ho2', 'meanage', 'noy', 'cLand', 'cSoil', 'fAnthDisturb', 'fDeforestToProduct', 'fFireNat', 'fLuc', 'fProductDecomp', 'netAtmosLandCO2Flux', 'burntFractionAll', 'cLitter', 'cProduct', 'cVeg', 'fFire', 'fLitterSoil', 'fVegLitter', 'nbp', 'shrubFrac'], 'AGCMHRAER' = ['ch4', 'co2', 'co', 'h2o', 'hcho', 'hcl', 'hno3', 'n2o', 'no2', 'no', 'o3Clim', 'o3loss', 'o3prod', 'oh', 'fco2antt', 'fco2fos', 'fco2nat', 'oxloss', 'oxprod', 'vmrox', 'bry', 'cly', 'ho2', 'meanage', 'noy', 'cLand', 'cSoil', 'fAnthDisturb', 'fDeforestToProduct', 'fFireNat', 'fLuc', 'fProductDecomp', 'netAtmosLandCO2Flux', 'burntFractionAll', 'cLitter', 'cProduct', 'cVeg', 'fFire', 'fLitterSoil', 'fVegLitter', 'nbp', 'shrubFrac'], 'AOESM' = ['co2mass', 'ch4global', 'n2oglobal'], 'AOGCM' = ['ch4', 'co2', 'co', 'concdust', 'ec550aer', 'h2o', 'hcho', 'hcl', 'hno3', 'mmrbc', 'mmrdust', 'mmroa', 'mmrso4', 'mmrss', 'n2o', 'no2', 'no', 'o3Clim', 'o3loss', 'o3prod', 'oh', 'so2', 'mmrpm1', 'fco2antt', 'fco2fos', 'fco2nat', 'loadbc', 'loaddust', 'loadoa', 'loadso4', 'loadss', 'oxloss', 'oxprod', 'vmrox', 'bry', 'cly', 'ho2', 'meanage', 'noy', 'drybc', 'drydust', 'dryoa', 'dryso2', 'dryso4', 'dryss', 'emibc', 'emidust', 'emioa', 'emiso2', 'emiso4', 'emiss', 'od440aer', 'od870aer', 'od550lt1aer', 'wetbc', 'wetdust', 'wetoa', 'wetso4', 'wetss', 'cLand', 'cSoil', 'fAnthDisturb', 'fDeforestToProduct', 'fFireNat', 'fLuc', 'fProductDecomp', 'netAtmosLandCO2Flux', 'od443dust', 'od865dust', 'sconcdust', 'sconcso4', 'sconcss', 'sedustCI', 'burntFractionAll', 'cLitter', 'cProduct', 'cVeg', 'fFire', 'fLitterSoil', 'fVegLitter', 'nbp', 'shrubFrac'], 'AORCM' = ['ch4', 'co2', 'co', 'h2o', 'hcho', 'hcl', 'hno3', 'n2o', 'no2', 'no', 'o3Clim', 'o3loss', 'o3prod', 'oh', 'fco2antt', 'fco2fos', 'fco2nat', 'oxloss', 'oxprod', 'vmrox', 'bry', 'cly', 'ho2', 'meanage', 'noy', 'cLand', 'cSoil', 'fAnthDisturb', 'fDeforestToProduct', 'fFireNat', 'fLuc', 'fProductDecomp', 'netAtmosLandCO2Flux', 'burntFractionAll', 'cLitter', 'cProduct', 'cVeg', 'fFire', 'fLitterSoil', 'fVegLitter', 'nbp', 'shrubFrac'], 'ARCM' = ['ch4', 'co2', 'co', 'h2o', 'hcho', 'hcl', 'hno3', 'n2o', 'no2', 'no', 'o3Clim', 'o3loss', 'o3prod', 'oh', 'fco2antt', 'fco2fos', 'fco2nat', 'oxloss', 'oxprod', 'vmrox', 'bry', 'cly', 'ho2', 'meanage', 'noy', 'cLand', 'cSoil', 'fAnthDisturb', 'fDeforestToProduct', 'fFireNat', 'fLuc', 'fProductDecomp', 'netAtmosLandCO2Flux', 'burntFractionAll', 'cLitter', 'cProduct', 'cVeg', 'fFire', 'fLitterSoil', 'fVegLitter', 'nbp', 'shrubFrac'], 'LESM' = ['ch4', 'co2', 'hur', 'hus', 'n2o', 'o3', 'ta', 'ua', 'va', 'wap', 'zg', 'clt', 'ccb', 'cct', 'ci', 'clivi', 'clt', 'clwvi', 'evspsbl', 'fco2antt', 'fco2fos', 'pr', 'prc', 'prsn', 'prw', 'ps', 'psl', 'rldscs', 'rlut', 'rlutcs', 'rsdscs', 'rsdt', 'rsuscs', 'rsut', 'rsutcs', 'ch4global', 'co2mass', 'n2oglobal', 'mc', 'cl', 'cli', 'clw'], 'LGCM' = ['ch4', 'co2', 'hur', 'hus', 'n2o', 'o3', 'ta', 'ua', 'va', 'wap', 'zg', 'clt', 'ccb', 'cct', 'ci', 'clivi', 'clt', 'clwvi', 'evspsbl', 'fco2antt', 'fco2fos', 'pr', 'prc', 'prsn', 'prw', 'ps', 'psl', 'rldscs', 'rlut', 'rlutcs', 'rsdscs', 'rsdt', 'rsuscs', 'rsut', 'rsutcs', 'ch4global', 'co2mass', 'n2oglobal', 'mc', 'cl', 'cli', 'clw']},
'fx_from_file' = {'C' = {'REG' = 'areacella_zoneC'}, 'areacella' = {'complete' = {'HR' = 'areacella_complete_CMIP6_tl359', 'LR' = 'areacella_complete_CMIP6_tl127'}}},
'grid_choice' = {'CNRM-ALADIN64' = 'REG', 'CNRM-CM6-1' = 'LR', 'CNRM-CM6-1-HR' = 'HR', 'CNRM-ESM2-1' = 'LR', 'CNRM-ESM2-1-HR' = 'HR', 'CNRM-RCSM6' = 'REG'},
'grid_policy' = 'adhoc',
'grids' = {'HR' = {'nemo' = ['gn', '', '', '25 km', 'native ocean tri-polar grid with 1.47 M ocean cells'], 'surfex' = ['gr', 'complete', 'glat', '50 km', 'data regridded to a 359 gaussian grid (360x720 latlon) from a native atmosphere T359l reduced gaussian grid'], 'trip' = ['gn', '', '', '50 km', 'regular 1/2 deg lat-lon grid']}, 'LR' = {'nemo' = ['gn', '', '', '100 km', 'native ocean tri-polar grid with 105 k ocean cells'], 'surfex' = ['gr', 'complete', 'glat', '250 km', 'data regridded to a T127 gaussian grid (128x256 latlon) from a native atmosphere T127l reduced gaussian grid'], 'trip' = ['gn', '', '', '50 km', 'regular 1/2 deg lat-lon grid']}, 'REG' = {'nemo' = ['gn', '', '', '8 km', 'native ocean tri-polar grid'], 'surfex' = ['gn', 'C', 'glat', '50 km', 'regional zone C '], 'trip' = ['gn', '', '', '50 km', 'regular 1/2 deg lat-lon grid']}},
'included_tables' = ['Amon'],
'info_url' = 'http://www.umr-cnrm.fr/',
'institution' = 'CNRM (Centre National de Recherches Meteorologiques, Toulouse 31057, France)',
'institution_id' = 'CNRM',
'max_file_size_in_floats' = '4000000000.0',
'max_priority' = '1',
'mips' = {'HR' = {'CMIP', 'CMIP6', 'OMIP', 'ScenarioMIP'}, 'LR' = {'AerChemMIP', 'C4MIP', 'CFMIP', 'CMIP', 'CMIP6', 'CORDEX', 'DAMIP', 'DCPP', 'FAFMIP', 'GMMIP', 'GeoMIP', 'HighResMIP', 'ISMIP6', 'LS3MIP', 'LUMIP', 'OMIP', 'PMIP', 'RFMIP', 'SIMIP', 'ScenarioMIP'}, 'REG' = {'CORDEX'}},
'non_standard_attributes' = {'xios_commit' = '1442-shuffle'},
'non_standard_axes' = {'basin' = ('basin', 'global_ocean atlantic_arctic_ocean indian_pacific_ocean dummy dummy'), 'dbze' = 'dbze', 'effectRadIc' = 'effectRadIc', 'effectRadL' = 'effectRadL', 'klev' = 'alevel', 'klev_half' = 'alevel', 'oline' = 'oline', 'siline' = 'siline', 'soil_carbon_pools' = ('soilpools', 'fast medium slow'), 'sza5' = 'sza5', 'vegtype' = ('vegtype', 'Bare_soil Rock Permanent_snow Temperate_broad-leaved_decidus Boreal_needleaf_evergreen Tropical_broad-leaved_evergreen C3_crop C4_crop Irrigated_crop C3_grass C4_grass Wetland Tropical_broad-leaved_decidus Temperate_broad-leaved_evergreen Temperate_needleaf_evergreen Boreal_broad-leaved_decidus Boreal_needleaf_decidus Tundra_grass Shrub')},
'orphan_variables' = {'nemo' = [''], 'surfex' = ['siconca'], 'trip' = ['areacellr', 'dgw', 'drivw', 'qgwr', 'rivi', 'rivo', 'waterDpth', 'wtd', 'fwtd', 'fldf', 'carbw', 'carbdis', 'carbin']},
'path_to_parse' = 'current_directory/test_RCSM6_HIS/input/xml/',
'ping_variables_prefix' = 'CMIP6_',
'print_stats_per_var_label' = 'True',
'project' = 'CORDEX',
'realms_per_context' = {'nemo' = ['seaIce', 'ocean', 'ocean seaIce', 'ocnBgChem', 'seaIce ocean'], 'surfex' = ['atmos', 'atmos atmosChem', 'atmosChem', 'aerosol', 'atmos land', 'land', 'landIce land', 'aerosol', 'land landIce', 'landIce'], 'trip' = []},
'references' = 'http://www.umr-cnrm.fr/',
'sampling_timestep' = {'HR' = {'nemo' = '1800.0', 'surfex' = '900.0', 'trip' = '1800.0'}, 'LR' = {'nemo' = '1800.0', 'surfex' = '900.0', 'trip' = '1800.0'}, 'REG' = {'nemo' = '1800.0', 'surfex' = '900.0', 'trip' = '1800.0'}},
'sizes' = {'HR' = ['1514100', '75', '259200', '91', '30', '14', '128'], 'LR' = ['106428', '75', '32768', '91', '30', '14', '128'], 'REG' = ['106428', '75', '23040', '91', '30', '14', '128']},
'source' = 'CORDEX',
'source_types' = {'CNRM-ALADIN64' = 'ARCM AER', 'CNRM-CM6-1' = 'AOGCM', 'CNRM-CM6-1-HR' = 'AOGCM', 'CNRM-ESM2-1' = 'AOGCM BGC AER CHEM', 'CNRM-ESM2-1-HR' = 'AOGCM BGC AER', 'CNRM-RCSM6' = 'AORCM AER'},
'special_timestep_vars' = {'60mi' = ['cllcalipso', 'clmcalipso', 'clhcalipso', 'cltcalipso', 'cllcalipsoice', 'clmcalipsoice', 'clhcalipsoice', 'cltcalipsoice', 'cllcalipsoliq', 'clmcalipsoliq', 'clhcalipsoliq', 'cltcalipsoliq', 'cllcalipsoun', 'clmcalipsoun', 'clhcalipsoun', 'cltcalipsoun', 'clcalipso', 'clcalipsoice', 'clcalipsoliq', 'clcalipsoun', 'clcalipsotmp', 'clcalipsotmpice', 'clcalipsotmpliq', 'clcalipsotmpun', 'cfadLidarsr532', 'parasolRefl', 'parasolCRefl', 'cltlidarradar', 'clcalipso2', 'cfadDbze94', 'cltisccp', 'pctisccp', 'tauisccp', 'albisccp', 'meantbisccp', 'meantbclrisccp', 'clisccp', 'cltmodis', 'clwmodis', 'climodis', 'clhmodis', 'clmmodis', 'cllmodis', 'tautmodis', 'tauwmodis', 'tauimodis', 'reffclwmodis', 'reffclimodis', 'pctmodis', 'lwpmodis', 'iwpmodis', 'clmodis', 'jpdftaureliqmodis', 'jpdftaureicemodis', 'clmisr']},
'tierMax' = '1',
'too_long_periods' = ['dec', 'yr'],
'use_cmorvar_label_in_filename' = 'False',
'vertical_interpolation_operation' = 'instant',
'vertical_interpolation_sample_freq' = '1h'}-->
	<!--Simulation settings
{'CORDEX_domain' = {'nemo' = 'MED-06', 'surfex' = 'MED-11', 'trip' = 'MED-50'},
'Lambert_conformal_latitude_of_projection_origin' = '37.f',
'Lambert_conformal_longitude_of_central_meridian' = '10.f',
'Lambert_conformal_standard_parallel' = '37.f',
'activity_id' = 'CORDEX',
'branch_method' = 'standard',
'branch_year_in_child' = '1979',
'branch_year_in_parent' = 'N/A',
'bypass_CV_components' = 'True',
'child_time_ref_year' = '1979',
'comment' = '',
'comments' = {},
'configuration' = 'AORCM',
'driving_experiment' = 'CNRM-ESM2-1, historical, r1i1p1f2',
'driving_experiment_name' = 'historical',
'driving_model_ensemble_member' = 'r1i1p1f2',
'driving_model_id' = 'CNRM-ESM2-1',
'excluded_pairs' = [('ua', '6hrPlevPt'), ('va', '6hrPlevPt'), ('ta', '6hrPlevPt')],
'excluded_vars' = [],
'experiment_id' = 'historical',
'expid_in_filename' = 'historical',
'forcing_index' = '2',
'history' = 'none',
'initialization_index' = '1',
'listof_home_vars' = 'current_directory/test_RCSM6_HIS/input/home_data_request/home_data_request_aladin_RCM.SP.txt current_directory/test_RCSM6_HIS/input/home_data_request/home_data_request_aladin_aerosols_RCM.SP.txt current_directory/test_RCSM6_HIS/input/home_data_request/home_data_request_trip_RCM.SP.txt current_directory/test_RCSM6_HIS/input/home_data_request/home_data_request_nemomed12.txt',
'max_split_freq' = '1m',
'parent_time_ref_year' = '1850',
'path_extra_tables' = 'current_directory/test_RCSM6_HIS/input/tables',
'physics_index' = '1',
'rcm_version_id' = 'V1',
'realization_index' = '1',
'sub_experiment' = 'none',
'sub_experiment_id' = 'none',
'variant_info' = ''}-->
	<!--Year processed 1949-->
	<file_definition type="one_file" enabled="true">
		<file id="rivo_Eday_gn" name="IOXDIRrivo_MED-50_CNRM-ESM2-1_historical_r1i1p1f2_CNRM-RCSM6_V1_day_%start_date%-%end_date%" output_freq="1d" append="true" output_level="10" compression_level="0" split_freq="1mo" split_freq_format="%y%mo%d" split_start_offset="12h" split_end_offset="-12h" split_last_date="1949-09-01 00:00:00" time_units="days" time_counter_name="time" time_counter="exclusive" time_stamp_name="creation_date" time_stamp_format="%Y-%m-%dT%H:%M:%SZ" uuid_name="tracking_id" uuid_format="hdl:21.14103/%uuid%" convention_str="CF-1.7 CMIP-6.2">
			<variable name="activity_id" type="string"> CORDEX </variable>
			<variable name="contact" type="string"> contact.aladin-cordex@meteo.fr </variable>
			<variable name="data_specs_version" type="string"> 01.00.21.post1 </variable>
			<variable name="dr2xml_version" type="string"> current_version </variable>
			<variable name="experiment_id" type="string"> historical </variable>
			<variable name="external_variables" type="string"> areacellr </variable>
			<variable name="frequency" type="string"> day </variable>
			<variable name="grid" type="string"> regular 1/2 deg lat-lon grid </variable>
			<variable name="grid_label" type="string"> gn </variable>
			<variable name="nominal_resolution" type="string"> 50 km </variable>
			<variable name="history" type="string"> none </variable>
			<variable name="institute_id" type="string"> CNRM </variable>
			<variable name="CORDEX_domain" type="string"> MED-50 </variable>
			<variable name="driving_model_id" type="string"> CNRM-ESM2-1 </variable>
			<variable name="driving_model_ensemble_member" type="string"> r1i1p1f2 </variable>
			<variable name="driving_experiment_name" type="string"> historical </variable>
			<variable name="driving_experiment" type="string"> CNRM-ESM2-1, historical, r1i1p1f2 </variable>
			<variable name="institution" type="string"> CNRM (Centre National de Recherches Meteorologiques, Toulouse 31057, France) </variable>
			<variable name="product" type="string"> output </variable>
			<variable name="realization_index" type="int"> 1 </variable>
			<variable name="realm" type="string"> land </variable>
			<variable name="references" type="string"> http://www.umr-cnrm.fr/ </variable>
			<variable name="project_id" type="string"> CORDEX </variable>
			<variable name="model_id" type="string"> CNRM-RCSM6 </variable>
			<variable name="table_id" type="string"> Eday </variable>
			<variable name="title" type="string"> CNRM-RCSM6 model output prepared for CMIP6 and CORDEX / historical simulation </variable>
			<variable name="variable_id" type="string"> rivo </variable>
			<variable name="EXPID" type="string"> RCSM6.1_HIS_SP0 </variable>
			<variable name="xios_commit" type="string"> 1442-shuffle </variable>
			<field field_ref="CMIP6_rivo_average" name="rivo" detect_missing_value="True" default_value="1.e+20" prec="4" cell_methods="area: mean where land time: mean" cell_methods_mode="overwrite" operation="average">
				<variable name="standard_name" type="string"> water_flux_to_downstream </variable>
				<variable name="description" type="string"> water_flux_from_upstream </variable>
				<variable name="long_name" type="string"> River Discharge </variable>
				<variable name="history" type="string"> none </variable>
				<variable name="units" type="string"> m3 s-1 </variable>
				<variable name="cell_methods" type="string"> area: mean where land time: mean </variable>
				<variable name="cell_measures" type="string"> area: areacellr </variable>
			</field>
		</file>
		<file id="wtd_Emon_gn" name="IOXDIRwtd_MED-50_CNRM-ESM2-1_historical_r1i1p1f2_CNRM-RCSM6_V1_mon_%start_date%-%end_date%" output_freq="1mo" append="true" output_level="10" compression_level="0" split_freq="1mo" split_freq_format="%y%mo" split_last_date="1949-09-01 00:00:00" time_units="days" time_counter_name="time" time_counter="exclusive" time_stamp_name="creation_date" time_stamp_format="%Y-%m-%dT%H:%M:%SZ" uuid_name="tracking_id" uuid_format="hdl:21.14103/%uuid%" convention_str="CF-1.7 CMIP-6.2">
			<variable name="activity_id" type="string"> CORDEX </variable>
			<variable name="contact" type="string"> contact.aladin-cordex@meteo.fr </variable>
			<variable name="data_specs_version" type="string"> 01.00.21.post1 </variable>
			<variable name="dr2xml_version" type="string"> current_version </variable>
			<variable name="experiment_id" type="string"> historical </variable>
			<variable name="external_variables" type="string"> areacellr </variable>
			<variable name="frequency" type="string"> mon </variable>
			<variable name="grid" type="string"> regular 1/2 deg lat-lon grid </variable>
			<variable name="grid_label" type="string"> gn </variable>
			<variable name="nominal_resolution" type="string"> 50 km </variable>
			<variable name="history" type="string"> none </variable>
			<variable name="institute_id" type="string"> CNRM </variable>
			<variable name="CORDEX_domain" type="string"> MED-50 </variable>
			<variable name="driving_model_id" type="string"> CNRM-ESM2-1 </variable>
			<variable name="driving_model_ensemble_member" type="string"> r1i1p1f2 </variable>
			<variable name="driving_experiment_name" type="string"> historical </variable>
			<variable name="driving_experiment" type="string"> CNRM-ESM2-1, historical, r1i1p1f2 </variable>
			<variable name="institution" type="string"> CNRM (Centre National de Recherches Meteorologiques, Toulouse 31057, France) </variable>
			<variable name="product" type="string"> output </variable>
			<variable name="realization_index" type="int"> 1 </variable>
			<variable name="realm" type="string"> land </variable>
			<variable name="references" type="string"> http://www.umr-cnrm.fr/ </variable>
			<variable name="project_id" type="string"> CORDEX </variable>
			<variable name="model_id" type="string"> CNRM-RCSM6 </variable>
			<variable name="table_id" type="string"> Emon </variable>
			<variable name="title" type="string"> CNRM-RCSM6 model output prepared for CMIP6 and CORDEX / historical simulation </variable>
			<variable name="variable_id" type="string"> wtd </variable>
			<variable name="EXPID" type="string"> RCSM6.1_HIS_SP0 </variable>
			<variable name="xios_commit" type="string"> 1442-shuffle </variable>
			<field field_ref="CMIP6_wtd_average" name="wtd" detect_missing_value="True" default_value="1.e+20" prec="4" cell_methods="area: mean where land time: mean" cell_methods_mode="overwrite" operation="average">
				<variable name="standard_name" type="string"> depth_of_soil_moisture_saturation </variable>
				<variable name="description" type="string"> Water table depth from surface. </variable>
				<variable name="long_name" type="string"> Water table depth from surface. </variable>
				<variable name="history" type="string"> none </variable>
				<variable name="units" type="string"> m </variable>
				<variable name="cell_methods" type="string"> area: mean where land time: mean </variable>
				<variable name="cell_measures" type="string"> area: areacellr </variable>
			</field>
		</file>
		<file id="fldf_HOMALmon_gn" name="IOXDIRfldf_MED-50_CNRM-ESM2-1_historical_r1i1p1f2_CNRM-RCSM6_V1_mon_%start_date%-%end_date%" output_freq="1mo" append="true" output_level="10" compression_level="0" split_freq="1mo" split_freq_format="%y%mo" split_last_date="1949-09-01 00:00:00" time_units="days" time_counter_name="time" time_counter="exclusive" time_stamp_name="creation_date" time_stamp_format="%Y-%m-%dT%H:%M:%SZ" uuid_name="tracking_id" uuid_format="hdl:21.14103/%uuid%" convention_str="CF-1.7 CMIP-6.2">
			<variable name="activity_id" type="string"> CORDEX </variable>
			<variable name="contact" type="string"> contact.aladin-cordex@meteo.fr </variable>
			<variable name="data_specs_version" type="string"> 01.00.21.post1 </variable>
			<variable name="dr2xml_version" type="string"> current_version </variable>
			<variable name="experiment_id" type="string"> historical </variable>
			<variable name="external_variables" type="string"> areacellr </variable>
			<variable name="frequency" type="string"> mon </variable>
			<variable name="grid" type="string"> regular 1/2 deg lat-lon grid </variable>
			<variable name="grid_label" type="string"> gn </variable>
			<variable name="nominal_resolution" type="string"> 50 km </variable>
			<variable name="history" type="string"> none </variable>
			<variable name="institute_id" type="string"> CNRM </variable>
			<variable name="CORDEX_domain" type="string"> MED-50 </variable>
			<variable name="driving_model_id" type="string"> CNRM-ESM2-1 </variable>
			<variable name="driving_model_ensemble_member" type="string"> r1i1p1f2 </variable>
			<variable name="driving_experiment_name" type="string"> historical </variable>
			<variable name="driving_experiment" type="string"> CNRM-ESM2-1, historical, r1i1p1f2 </variable>
			<variable name="institution" type="string"> CNRM (Centre National de Recherches Meteorologiques, Toulouse 31057, France) </variable>
			<variable name="product" type="string"> output </variable>
			<variable name="realization_index" type="int"> 1 </variable>
			<variable name="realm" type="string"> land </variable>
			<variable name="references" type="string"> http://www.umr-cnrm.fr/ </variable>
			<variable name="project_id" type="string"> CORDEX </variable>
			<variable name="model_id" type="string"> CNRM-RCSM6 </variable>
			<variable name="table_id" type="string"> HOMALmon </variable>
			<variable name="title" type="string"> CNRM-RCSM6 model output prepared for CMIP6 and CORDEX / historical simulation </variable>
			<variable name="variable_id" type="string"> fldf </variable>
			<variable name="EXPID" type="string"> RCSM6.1_HIS_SP0 </variable>
			<variable name="xios_commit" type="string"> 1442-shuffle </variable>
			<field field_ref="CMIP6_fldf_average" name="fldf" detect_missing_value="True" default_value="1.e+20" prec="4" cell_methods="time: mean" cell_methods_mode="overwrite" operation="average">
				<variable name="description" type="string"> None </variable>
				<variable name="long_name" type="string"> floodplain fraction over land </variable>
				<variable name="history" type="string"> none </variable>
				<variable name="units" type="string"> 1 </variable>
				<variable name="cell_methods" type="string"> time: mean </variable>
				<variable name="cell_measures" type="string"> area: areacellr </variable>
			</field>
		</file>
		<file id="fwtd_HOMALmon_gn" name="IOXDIRfwtd_MED-50_CNRM-ESM2-1_historical_r1i1p1f2_CNRM-RCSM6_V1_mon_%start_date%-%end_date%" output_freq="1mo" append="true" output_level="10" compression_level="0" split_freq="1mo" split_freq_format="%y%mo" split_last_date="1949-09-01 00:00:00" time_units="days" time_counter_name="time" time_counter="exclusive" time_stamp_name="creation_date" time_stamp_format="%Y-%m-%dT%H:%M:%SZ" uuid_name="tracking_id" uuid_format="hdl:21.14103/%uuid%" convention_str="CF-1.7 CMIP-6.2">
			<variable name="activity_id" type="string"> CORDEX </variable>
			<variable name="contact" type="string"> contact.aladin-cordex@meteo.fr </variable>
			<variable name="data_specs_version" type="string"> 01.00.21.post1 </variable>
			<variable name="dr2xml_version" type="string"> current_version </variable>
			<variable name="experiment_id" type="string"> historical </variable>
			<variable name="external_variables" type="string"> areacellr </variable>
			<variable name="frequency" type="string"> mon </variable>
			<variable name="grid" type="string"> regular 1/2 deg lat-lon grid </variable>
			<variable name="grid_label" type="string"> gn </variable>
			<variable name="nominal_resolution" type="string"> 50 km </variable>
			<variable name="history" type="string"> none </variable>
			<variable name="institute_id" type="string"> CNRM </variable>
			<variable name="CORDEX_domain" type="string"> MED-50 </variable>
			<variable name="driving_model_id" type="string"> CNRM-ESM2-1 </variable>
			<variable name="driving_model_ensemble_member" type="string"> r1i1p1f2 </variable>
			<variable name="driving_experiment_name" type="string"> historical </variable>
			<variable name="driving_experiment" type="string"> CNRM-ESM2-1, historical, r1i1p1f2 </variable>
			<variable name="institution" type="string"> CNRM (Centre National de Recherches Meteorologiques, Toulouse 31057, France) </variable>
			<variable name="product" type="string"> output </variable>
			<variable name="realization_index" type="int"> 1 </variable>
			<variable name="realm" type="string"> land </variable>
			<variable name="references" type="string"> http://www.umr-cnrm.fr/ </variable>
			<variable name="project_id" type="string"> CORDEX </variable>
			<variable name="model_id" type="string"> CNRM-RCSM6 </variable>
			<variable name="table_id" type="string"> HOMALmon </variable>
			<variable name="title" type="string"> CNRM-RCSM6 model output prepared for CMIP6 and CORDEX / historical simulation </variable>
			<variable name="variable_id" type="string"> fwtd </variable>
			<variable name="EXPID" type="string"> RCSM6.1_HIS_SP0 </variable>
			<variable name="xios_commit" type="string"> 1442-shuffle </variable>
			<field field_ref="CMIP6_fwtd_average" name="fwtd" detect_missing_value="True" default_value="1.e+20" prec="4" cell_methods="time: mean" cell_methods_mode="overwrite" operation="average">
				<variable name="description" type="string"> None </variable>
				<variable name="long_name" type="string"> grid-cell fraction allowing upward capillary fluxes from wtd </variable>
				<variable name="history" type="string"> none </variable>
				<variable name="units" type="string"> 1 </variable>
				<variable name="cell_methods" type="string"> time: mean </variable>
				<variable name="cell_measures" type="string"> area: areacellr </variable>
			</field>
		</file>
	</file_definition>
	<field_definition>
		<field id="CMIP6_rivo_average" field_ref="CMIP6_rivo" operation="average"/>
		<field id="CMIP6_wtd_average" field_ref="CMIP6_wtd" operation="average"/>
		<field id="CMIP6_fldf_average" field_ref="CMIP6_fldf" operation="average"/>
		<field id="CMIP6_fwtd_average" field_ref="CMIP6_fwtd" operation="average"/>
	</field_definition>
	<axis_definition>
		<axis_group prec="8"/>
	</axis_definition>
	<domain_definition>
		<domain_group prec="8">
			<domain id="CMIP6_25km" ni_glo="1440" nj_glo="720" type="rectilinear" prec="8">
				<generate_rectilinear_domain/>
				<interpolate_domain order="1" renormalize="true" mode="read_or_compute" write_weight="true"/>
			</domain>
			<domain id="CMIP6_50km" ni_glo="720" nj_glo="360" type="rectilinear" prec="8">
				<generate_rectilinear_domain/>
				<interpolate_domain order="1" renormalize="true" mode="read_or_compute" write_weight="true"/>
			</domain>
			<domain id="CMIP6_100km" ni_glo="360" nj_glo="180" type="rectilinear" prec="8">
				<generate_rectilinear_domain/>
				<interpolate_domain order="1" renormalize="true" mode="read_or_compute" write_weight="true"/>
			</domain>
			<domain id="CMIP6_1deg" ni_glo="360" nj_glo="180" type="rectilinear" prec="8">
				<generate_rectilinear_domain/>
				<interpolate_domain order="1" renormalize="true" mode="read_or_compute" write_weight="true"/>
			</domain>
			<domain id="CMIP6_2deg" ni_glo="180" nj_glo="90" type="rectilinear" prec="8">
				<generate_rectilinear_domain/>
				<interpolate_domain order="1" renormalize="true" mode="read_or_compute" write_weight="true"/>
			</domain>
		</domain_group>
	</domain_definition>
	<grid_definition/>
	<scalar_definition/>
</context>